<?xml version="1.0" encoding="ISO-8859-1" ?>
<link_info>
   <banner>TI ARM Clang Linker PC v4.0.4.LTS</banner>
   <copyright>Copyright (c) 1996-2018 Texas Instruments Incorporated</copyright>
   <command_line>D:\TI_m0\ccs\tools\compiler\ti-cgt-armllvm_4.0.4.LTS\bin\tiarmlnk -ID:\TI_m0\ccs\tools\compiler\ti-cgt-armllvm_4.0.4.LTS\lib -o mpu6050-oled-hardware-i2c.out -mmpu6050-oled-hardware-i2c.map -iC:/TI/mspm0_sdk_2_10_00_04/source -iC:/Users/ywt/workspace_ccstheia/mpu6050-oled-hardware-i2c -iC:/Users/ywt/workspace_ccstheia/mpu6050-oled-hardware-i2c/Debug/syscfg -iD:/TI_m0/ccs/tools/compiler/ti-cgt-armllvm_4.0.4.LTS/lib --diag_wrap=off --display_error_number --warn_sections --xml_link_info=mpu6050-oled-hardware-i2c_linkInfo.xml --rom_model ./main.o ./ti_msp_dl_config.o ./startup_mspm0g350x_ticlang.o ./Drivers/MPU6050/inv_mpu.o ./Drivers/MPU6050/inv_mpu_dmp_motion_driver.o ./Drivers/MPU6050/mpu6050.o ./Drivers/MPU6050/mspm0_i2c.o ./Drivers/MSPM0/clock.o ./Drivers/MSPM0/encoder.o ./Drivers/MSPM0/interrupt.o ./Drivers/MSPM0/sys.o ./Drivers/OLED_Hardware_I2C/oled_hardware_i2c.o -l./device_linker.cmd -ldevice.cmd.genlibs -llibc.a -lC:/TI/mspm0_sdk_2_10_00_04/source/ti/driverlib/lib/ticlang/m0p/mspm0g1x0x_g3x0x/driverlib.a --start-group -llibc++.a -llibc++abi.a -llibc.a -llibsys.a -llibsysbm.a -llibclang_rt.builtins.a -llibclang_rt.profile.a --end-group --cg_opt_level=0</command_line>
   <link_time>0x6a2a494b</link_time>
   <link_errors>0x0</link_errors>
   <output_file>C:\Users\ywt\workspace_ccstheia\mpu6050-oled-hardware-i2c\Debug\mpu6050-oled-hardware-i2c.out</output_file>
   <entry_point>
      <name>_c_int00_noargs</name>
      <address>0x6131</address>
   </entry_point>
   <input_file_list>
      <input_file id="fl-1">
         <path>C:\Users\ywt\workspace_ccstheia\mpu6050-oled-hardware-i2c\Debug\.\</path>
         <kind>object</kind>
         <file>main.o</file>
         <name>main.o</name>
      </input_file>
      <input_file id="fl-2">
         <path>C:\Users\ywt\workspace_ccstheia\mpu6050-oled-hardware-i2c\Debug\.\</path>
         <kind>object</kind>
         <file>ti_msp_dl_config.o</file>
         <name>ti_msp_dl_config.o</name>
      </input_file>
      <input_file id="fl-3">
         <path>C:\Users\ywt\workspace_ccstheia\mpu6050-oled-hardware-i2c\Debug\.\</path>
         <kind>object</kind>
         <file>startup_mspm0g350x_ticlang.o</file>
         <name>startup_mspm0g350x_ticlang.o</name>
      </input_file>
      <input_file id="fl-4">
         <path>C:\Users\ywt\workspace_ccstheia\mpu6050-oled-hardware-i2c\Debug\.\Drivers\MPU6050\</path>
         <kind>object</kind>
         <file>inv_mpu.o</file>
         <name>inv_mpu.o</name>
      </input_file>
      <input_file id="fl-5">
         <path>C:\Users\ywt\workspace_ccstheia\mpu6050-oled-hardware-i2c\Debug\.\Drivers\MPU6050\</path>
         <kind>object</kind>
         <file>inv_mpu_dmp_motion_driver.o</file>
         <name>inv_mpu_dmp_motion_driver.o</name>
      </input_file>
      <input_file id="fl-6">
         <path>C:\Users\ywt\workspace_ccstheia\mpu6050-oled-hardware-i2c\Debug\.\Drivers\MPU6050\</path>
         <kind>object</kind>
         <file>mpu6050.o</file>
         <name>mpu6050.o</name>
      </input_file>
      <input_file id="fl-7">
         <path>C:\Users\ywt\workspace_ccstheia\mpu6050-oled-hardware-i2c\Debug\.\Drivers\MPU6050\</path>
         <kind>object</kind>
         <file>mspm0_i2c.o</file>
         <name>mspm0_i2c.o</name>
      </input_file>
      <input_file id="fl-8">
         <path>C:\Users\ywt\workspace_ccstheia\mpu6050-oled-hardware-i2c\Debug\.\Drivers\MSPM0\</path>
         <kind>object</kind>
         <file>clock.o</file>
         <name>clock.o</name>
      </input_file>
      <input_file id="fl-9">
         <path>C:\Users\ywt\workspace_ccstheia\mpu6050-oled-hardware-i2c\Debug\.\Drivers\MSPM0\</path>
         <kind>object</kind>
         <file>encoder.o</file>
         <name>encoder.o</name>
      </input_file>
      <input_file id="fl-a">
         <path>C:\Users\ywt\workspace_ccstheia\mpu6050-oled-hardware-i2c\Debug\.\Drivers\MSPM0\</path>
         <kind>object</kind>
         <file>interrupt.o</file>
         <name>interrupt.o</name>
      </input_file>
      <input_file id="fl-b">
         <path>C:\Users\ywt\workspace_ccstheia\mpu6050-oled-hardware-i2c\Debug\.\Drivers\MSPM0\</path>
         <kind>object</kind>
         <file>sys.o</file>
         <name>sys.o</name>
      </input_file>
      <input_file id="fl-c">
         <path>C:\Users\ywt\workspace_ccstheia\mpu6050-oled-hardware-i2c\Debug\.\Drivers\OLED_Hardware_I2C\</path>
         <kind>object</kind>
         <file>oled_hardware_i2c.o</file>
         <name>oled_hardware_i2c.o</name>
      </input_file>
      <input_file id="fl-1a">
         <path>C:\Users\ywt\workspace_ccstheia\mpu6050-oled-hardware-i2c\Debug\</path>
         <kind>object</kind>
         <file>&lt;internal&gt;</file>
         <name>&lt;internal&gt;</name>
      </input_file>
      <input_file id="fl-1b">
         <path>C:\TI\mspm0_sdk_2_10_00_04\source\ti\driverlib\lib\ticlang\m0p\mspm0g1x0x_g3x0x\</path>
         <kind>archive</kind>
         <file>driverlib.a</file>
         <name>dl_common.o</name>
      </input_file>
      <input_file id="fl-1c">
         <path>C:\TI\mspm0_sdk_2_10_00_04\source\ti\driverlib\lib\ticlang\m0p\mspm0g1x0x_g3x0x\</path>
         <kind>archive</kind>
         <file>driverlib.a</file>
         <name>dl_i2c.o</name>
      </input_file>
      <input_file id="fl-1d">
         <path>C:\TI\mspm0_sdk_2_10_00_04\source\ti\driverlib\lib\ticlang\m0p\mspm0g1x0x_g3x0x\</path>
         <kind>archive</kind>
         <file>driverlib.a</file>
         <name>dl_timer.o</name>
      </input_file>
      <input_file id="fl-1e">
         <path>C:\TI\mspm0_sdk_2_10_00_04\source\ti\driverlib\lib\ticlang\m0p\mspm0g1x0x_g3x0x\</path>
         <kind>archive</kind>
         <file>driverlib.a</file>
         <name>dl_uart.o</name>
      </input_file>
      <input_file id="fl-1f">
         <path>C:\TI\mspm0_sdk_2_10_00_04\source\ti\driverlib\lib\ticlang\m0p\mspm0g1x0x_g3x0x\</path>
         <kind>archive</kind>
         <file>driverlib.a</file>
         <name>dl_sysctl_mspm0g1x0x_g3x0x.o</name>
      </input_file>
      <input_file id="fl-36">
         <path>D:\TI_m0\ccs\tools\compiler\ti-cgt-armllvm_4.0.4.LTS\lib\armv6m-ti-none-eabi\c\</path>
         <kind>archive</kind>
         <file>libc.a</file>
         <name>e_asin.c.obj</name>
      </input_file>
      <input_file id="fl-37">
         <path>D:\TI_m0\ccs\tools\compiler\ti-cgt-armllvm_4.0.4.LTS\lib\armv6m-ti-none-eabi\c\</path>
         <kind>archive</kind>
         <file>libc.a</file>
         <name>e_atan2.c.obj</name>
      </input_file>
      <input_file id="fl-38">
         <path>D:\TI_m0\ccs\tools\compiler\ti-cgt-armllvm_4.0.4.LTS\lib\armv6m-ti-none-eabi\c\</path>
         <kind>archive</kind>
         <file>libc.a</file>
         <name>e_sqrt.c.obj</name>
      </input_file>
      <input_file id="fl-39">
         <path>D:\TI_m0\ccs\tools\compiler\ti-cgt-armllvm_4.0.4.LTS\lib\armv6m-ti-none-eabi\c\</path>
         <kind>archive</kind>
         <file>libc.a</file>
         <name>s_atan.c.obj</name>
      </input_file>
      <input_file id="fl-3a">
         <path>D:\TI_m0\ccs\tools\compiler\ti-cgt-armllvm_4.0.4.LTS\lib\armv6m-ti-none-eabi\c\</path>
         <kind>archive</kind>
         <file>libc.a</file>
         <name>printf.c.obj</name>
      </input_file>
      <input_file id="fl-3b">
         <path>D:\TI_m0\ccs\tools\compiler\ti-cgt-armllvm_4.0.4.LTS\lib\armv6m-ti-none-eabi\c\</path>
         <kind>archive</kind>
         <file>libc.a</file>
         <name>_printfi.c.obj</name>
      </input_file>
      <input_file id="fl-3c">
         <path>D:\TI_m0\ccs\tools\compiler\ti-cgt-armllvm_4.0.4.LTS\lib\armv6m-ti-none-eabi\c\</path>
         <kind>archive</kind>
         <file>libc.a</file>
         <name>sprintf.c.obj</name>
      </input_file>
      <input_file id="fl-3d">
         <path>D:\TI_m0\ccs\tools\compiler\ti-cgt-armllvm_4.0.4.LTS\lib\armv6m-ti-none-eabi\c\</path>
         <kind>archive</kind>
         <file>libc.a</file>
         <name>aeabi_portable.c.obj</name>
      </input_file>
      <input_file id="fl-3e">
         <path>D:\TI_m0\ccs\tools\compiler\ti-cgt-armllvm_4.0.4.LTS\lib\armv6m-ti-none-eabi\c\</path>
         <kind>archive</kind>
         <file>libc.a</file>
         <name>_lock.c.obj</name>
      </input_file>
      <input_file id="fl-3f">
         <path>D:\TI_m0\ccs\tools\compiler\ti-cgt-armllvm_4.0.4.LTS\lib\armv6m-ti-none-eabi\c\</path>
         <kind>archive</kind>
         <file>libc.a</file>
         <name>_ltoa.c.obj</name>
      </input_file>
      <input_file id="fl-40">
         <path>D:\TI_m0\ccs\tools\compiler\ti-cgt-armllvm_4.0.4.LTS\lib\armv6m-ti-none-eabi\c\</path>
         <kind>archive</kind>
         <file>libc.a</file>
         <name>assert.c.obj</name>
      </input_file>
      <input_file id="fl-41">
         <path>D:\TI_m0\ccs\tools\compiler\ti-cgt-armllvm_4.0.4.LTS\lib\armv6m-ti-none-eabi\c\</path>
         <kind>archive</kind>
         <file>libc.a</file>
         <name>atoi.c.obj</name>
      </input_file>
      <input_file id="fl-42">
         <path>D:\TI_m0\ccs\tools\compiler\ti-cgt-armllvm_4.0.4.LTS\lib\armv6m-ti-none-eabi\c\</path>
         <kind>archive</kind>
         <file>libc.a</file>
         <name>defs.c.obj</name>
      </input_file>
      <input_file id="fl-43">
         <path>D:\TI_m0\ccs\tools\compiler\ti-cgt-armllvm_4.0.4.LTS\lib\armv6m-ti-none-eabi\c\</path>
         <kind>archive</kind>
         <file>libc.a</file>
         <name>memccpy.c.obj</name>
      </input_file>
      <input_file id="fl-44">
         <path>D:\TI_m0\ccs\tools\compiler\ti-cgt-armllvm_4.0.4.LTS\lib\armv6m-ti-none-eabi\c\</path>
         <kind>archive</kind>
         <file>libc.a</file>
         <name>memcmp.c.obj</name>
      </input_file>
      <input_file id="fl-45">
         <path>D:\TI_m0\ccs\tools\compiler\ti-cgt-armllvm_4.0.4.LTS\lib\armv6m-ti-none-eabi\c\</path>
         <kind>archive</kind>
         <file>libc.a</file>
         <name>memory.c.obj</name>
      </input_file>
      <input_file id="fl-46">
         <path>D:\TI_m0\ccs\tools\compiler\ti-cgt-armllvm_4.0.4.LTS\lib\armv6m-ti-none-eabi\c\</path>
         <kind>archive</kind>
         <file>libc.a</file>
         <name>boot_cortex_m.c.obj</name>
      </input_file>
      <input_file id="fl-47">
         <path>D:\TI_m0\ccs\tools\compiler\ti-cgt-armllvm_4.0.4.LTS\lib\armv6m-ti-none-eabi\c\</path>
         <kind>archive</kind>
         <file>libc.a</file>
         <name>mathacl_init.c.obj</name>
      </input_file>
      <input_file id="fl-48">
         <path>D:\TI_m0\ccs\tools\compiler\ti-cgt-armllvm_4.0.4.LTS\lib\armv6m-ti-none-eabi\c\</path>
         <kind>archive</kind>
         <file>libc.a</file>
         <name>autoinit.c.obj</name>
      </input_file>
      <input_file id="fl-49">
         <path>D:\TI_m0\ccs\tools\compiler\ti-cgt-armllvm_4.0.4.LTS\lib\armv6m-ti-none-eabi\c\</path>
         <kind>archive</kind>
         <file>libc.a</file>
         <name>pre_init.c.obj</name>
      </input_file>
      <input_file id="fl-4a">
         <path>D:\TI_m0\ccs\tools\compiler\ti-cgt-armllvm_4.0.4.LTS\lib\armv6m-ti-none-eabi\c\</path>
         <kind>archive</kind>
         <file>libc.a</file>
         <name>cpy_tbl.c.obj</name>
      </input_file>
      <input_file id="fl-4b">
         <path>D:\TI_m0\ccs\tools\compiler\ti-cgt-armllvm_4.0.4.LTS\lib\armv6m-ti-none-eabi\c\</path>
         <kind>archive</kind>
         <file>libc.a</file>
         <name>copy_zero_init.c.obj</name>
      </input_file>
      <input_file id="fl-4c">
         <path>D:\TI_m0\ccs\tools\compiler\ti-cgt-armllvm_4.0.4.LTS\lib\armv6m-ti-none-eabi\c\</path>
         <kind>archive</kind>
         <file>libc.a</file>
         <name>copy_decompress_none.c.obj</name>
      </input_file>
      <input_file id="fl-4d">
         <path>D:\TI_m0\ccs\tools\compiler\ti-cgt-armllvm_4.0.4.LTS\lib\armv6m-ti-none-eabi\c\</path>
         <kind>archive</kind>
         <file>libc.a</file>
         <name>copy_decompress_lzss.c.obj</name>
      </input_file>
      <input_file id="fl-4e">
         <path>D:\TI_m0\ccs\tools\compiler\ti-cgt-armllvm_4.0.4.LTS\lib\armv6m-ti-none-eabi\c\</path>
         <kind>archive</kind>
         <file>libc.a</file>
         <name>s_frexp.c.obj</name>
      </input_file>
      <input_file id="fl-4f">
         <path>D:\TI_m0\ccs\tools\compiler\ti-cgt-armllvm_4.0.4.LTS\lib\armv6m-ti-none-eabi\c\</path>
         <kind>archive</kind>
         <file>libc.a</file>
         <name>s_scalbn.c.obj</name>
      </input_file>
      <input_file id="fl-50">
         <path>D:\TI_m0\ccs\tools\compiler\ti-cgt-armllvm_4.0.4.LTS\lib\armv6m-ti-none-eabi\c\</path>
         <kind>archive</kind>
         <file>libc.a</file>
         <name>wcslen.c.obj</name>
      </input_file>
      <input_file id="fl-51">
         <path>D:\TI_m0\ccs\tools\compiler\ti-cgt-armllvm_4.0.4.LTS\lib\armv6m-ti-none-eabi\c\</path>
         <kind>archive</kind>
         <file>libc.a</file>
         <name>fflush.c.obj</name>
      </input_file>
      <input_file id="fl-52">
         <path>D:\TI_m0\ccs\tools\compiler\ti-cgt-armllvm_4.0.4.LTS\lib\armv6m-ti-none-eabi\c\</path>
         <kind>archive</kind>
         <file>libc.a</file>
         <name>aeabi_ctype.S.obj</name>
      </input_file>
      <input_file id="fl-53">
         <path>D:\TI_m0\ccs\tools\compiler\ti-cgt-armllvm_4.0.4.LTS\lib\armv6m-ti-none-eabi\c\</path>
         <kind>archive</kind>
         <file>libc.a</file>
         <name>exit.c.obj</name>
      </input_file>
      <input_file id="fl-54">
         <path>D:\TI_m0\ccs\tools\compiler\ti-cgt-armllvm_4.0.4.LTS\lib\armv6m-ti-none-eabi\c\</path>
         <kind>archive</kind>
         <file>libc.a</file>
         <name>args_main.c.obj</name>
      </input_file>
      <input_file id="fl-f4">
         <path>D:\TI_m0\ccs\tools\compiler\ti-cgt-armllvm_4.0.4.LTS\lib\armv6m-ti-none-eabi\c\</path>
         <kind>archive</kind>
         <file>libsysbm.a</file>
         <name>hostexit.c.obj</name>
      </input_file>
      <input_file id="fl-f5">
         <path>D:\TI_m0\ccs\tools\compiler\ti-cgt-armllvm_4.0.4.LTS\lib\armv6m-ti-none-eabi\c\</path>
         <kind>archive</kind>
         <file>libsysbm.a</file>
         <name>write.c.obj</name>
      </input_file>
      <input_file id="fl-f6">
         <path>D:\TI_m0\ccs\tools\compiler\ti-cgt-armllvm_4.0.4.LTS\lib\armv6m-ti-none-eabi\c\</path>
         <kind>archive</kind>
         <file>libsysbm.a</file>
         <name>host_device.c.obj</name>
      </input_file>
      <input_file id="fl-f7">
         <path>D:\TI_m0\ccs\tools\compiler\ti-cgt-armllvm_4.0.4.LTS\lib\armv6m-ti-none-eabi\c\</path>
         <kind>archive</kind>
         <file>libsysbm.a</file>
         <name>hostclose.c.obj</name>
      </input_file>
      <input_file id="fl-f8">
         <path>D:\TI_m0\ccs\tools\compiler\ti-cgt-armllvm_4.0.4.LTS\lib\armv6m-ti-none-eabi\c\</path>
         <kind>archive</kind>
         <file>libsysbm.a</file>
         <name>hostlseek.c.obj</name>
      </input_file>
      <input_file id="fl-f9">
         <path>D:\TI_m0\ccs\tools\compiler\ti-cgt-armllvm_4.0.4.LTS\lib\armv6m-ti-none-eabi\c\</path>
         <kind>archive</kind>
         <file>libsysbm.a</file>
         <name>hostopen.c.obj</name>
      </input_file>
      <input_file id="fl-fa">
         <path>D:\TI_m0\ccs\tools\compiler\ti-cgt-armllvm_4.0.4.LTS\lib\armv6m-ti-none-eabi\c\</path>
         <kind>archive</kind>
         <file>libsysbm.a</file>
         <name>hostread.c.obj</name>
      </input_file>
      <input_file id="fl-fb">
         <path>D:\TI_m0\ccs\tools\compiler\ti-cgt-armllvm_4.0.4.LTS\lib\armv6m-ti-none-eabi\c\</path>
         <kind>archive</kind>
         <file>libsysbm.a</file>
         <name>hostrename.c.obj</name>
      </input_file>
      <input_file id="fl-fc">
         <path>D:\TI_m0\ccs\tools\compiler\ti-cgt-armllvm_4.0.4.LTS\lib\armv6m-ti-none-eabi\c\</path>
         <kind>archive</kind>
         <file>libsysbm.a</file>
         <name>hostunlink.c.obj</name>
      </input_file>
      <input_file id="fl-fd">
         <path>D:\TI_m0\ccs\tools\compiler\ti-cgt-armllvm_4.0.4.LTS\lib\armv6m-ti-none-eabi\c\</path>
         <kind>archive</kind>
         <file>libsysbm.a</file>
         <name>hostwrite.c.obj</name>
      </input_file>
      <input_file id="fl-fe">
         <path>D:\TI_m0\ccs\tools\compiler\ti-cgt-armllvm_4.0.4.LTS\lib\armv6m-ti-none-eabi\c\</path>
         <kind>archive</kind>
         <file>libsysbm.a</file>
         <name>trgmsg.c.obj</name>
      </input_file>
      <input_file id="fl-ff">
         <path>D:\TI_m0\ccs\tools\compiler\ti-cgt-armllvm_4.0.4.LTS\lib\armv6m-ti-none-eabi\</path>
         <kind>archive</kind>
         <file>libclang_rt.builtins.a</file>
         <name>addsf3.S.obj</name>
      </input_file>
      <input_file id="fl-100">
         <path>D:\TI_m0\ccs\tools\compiler\ti-cgt-armllvm_4.0.4.LTS\lib\armv6m-ti-none-eabi\</path>
         <kind>archive</kind>
         <file>libclang_rt.builtins.a</file>
         <name>adddf3.S.obj</name>
      </input_file>
      <input_file id="fl-101">
         <path>D:\TI_m0\ccs\tools\compiler\ti-cgt-armllvm_4.0.4.LTS\lib\armv6m-ti-none-eabi\</path>
         <kind>archive</kind>
         <file>libclang_rt.builtins.a</file>
         <name>muldf3.S.obj</name>
      </input_file>
      <input_file id="fl-102">
         <path>D:\TI_m0\ccs\tools\compiler\ti-cgt-armllvm_4.0.4.LTS\lib\armv6m-ti-none-eabi\</path>
         <kind>archive</kind>
         <file>libclang_rt.builtins.a</file>
         <name>muldsi3.S.obj</name>
      </input_file>
      <input_file id="fl-103">
         <path>D:\TI_m0\ccs\tools\compiler\ti-cgt-armllvm_4.0.4.LTS\lib\armv6m-ti-none-eabi\</path>
         <kind>archive</kind>
         <file>libclang_rt.builtins.a</file>
         <name>mulsf3.S.obj</name>
      </input_file>
      <input_file id="fl-104">
         <path>D:\TI_m0\ccs\tools\compiler\ti-cgt-armllvm_4.0.4.LTS\lib\armv6m-ti-none-eabi\</path>
         <kind>archive</kind>
         <file>libclang_rt.builtins.a</file>
         <name>divsf3.S.obj</name>
      </input_file>
      <input_file id="fl-105">
         <path>D:\TI_m0\ccs\tools\compiler\ti-cgt-armllvm_4.0.4.LTS\lib\armv6m-ti-none-eabi\</path>
         <kind>archive</kind>
         <file>libclang_rt.builtins.a</file>
         <name>divdf3.S.obj</name>
      </input_file>
      <input_file id="fl-106">
         <path>D:\TI_m0\ccs\tools\compiler\ti-cgt-armllvm_4.0.4.LTS\lib\armv6m-ti-none-eabi\</path>
         <kind>archive</kind>
         <file>libclang_rt.builtins.a</file>
         <name>extendsfdf2.S.obj</name>
      </input_file>
      <input_file id="fl-107">
         <path>D:\TI_m0\ccs\tools\compiler\ti-cgt-armllvm_4.0.4.LTS\lib\armv6m-ti-none-eabi\</path>
         <kind>archive</kind>
         <file>libclang_rt.builtins.a</file>
         <name>fixdfsi.S.obj</name>
      </input_file>
      <input_file id="fl-108">
         <path>D:\TI_m0\ccs\tools\compiler\ti-cgt-armllvm_4.0.4.LTS\lib\armv6m-ti-none-eabi\</path>
         <kind>archive</kind>
         <file>libclang_rt.builtins.a</file>
         <name>fixsfsi.S.obj</name>
      </input_file>
      <input_file id="fl-109">
         <path>D:\TI_m0\ccs\tools\compiler\ti-cgt-armllvm_4.0.4.LTS\lib\armv6m-ti-none-eabi\</path>
         <kind>archive</kind>
         <file>libclang_rt.builtins.a</file>
         <name>fixunssfsi.S.obj</name>
      </input_file>
      <input_file id="fl-10a">
         <path>D:\TI_m0\ccs\tools\compiler\ti-cgt-armllvm_4.0.4.LTS\lib\armv6m-ti-none-eabi\</path>
         <kind>archive</kind>
         <file>libclang_rt.builtins.a</file>
         <name>floatsidf.S.obj</name>
      </input_file>
      <input_file id="fl-10b">
         <path>D:\TI_m0\ccs\tools\compiler\ti-cgt-armllvm_4.0.4.LTS\lib\armv6m-ti-none-eabi\</path>
         <kind>archive</kind>
         <file>libclang_rt.builtins.a</file>
         <name>floatsisf.S.obj</name>
      </input_file>
      <input_file id="fl-10c">
         <path>D:\TI_m0\ccs\tools\compiler\ti-cgt-armllvm_4.0.4.LTS\lib\armv6m-ti-none-eabi\</path>
         <kind>archive</kind>
         <file>libclang_rt.builtins.a</file>
         <name>floatunsidf.S.obj</name>
      </input_file>
      <input_file id="fl-10d">
         <path>D:\TI_m0\ccs\tools\compiler\ti-cgt-armllvm_4.0.4.LTS\lib\armv6m-ti-none-eabi\</path>
         <kind>archive</kind>
         <file>libclang_rt.builtins.a</file>
         <name>floatunsisf.S.obj</name>
      </input_file>
      <input_file id="fl-10e">
         <path>D:\TI_m0\ccs\tools\compiler\ti-cgt-armllvm_4.0.4.LTS\lib\armv6m-ti-none-eabi\</path>
         <kind>archive</kind>
         <file>libclang_rt.builtins.a</file>
         <name>muldi3.S.obj</name>
      </input_file>
      <input_file id="fl-10f">
         <path>D:\TI_m0\ccs\tools\compiler\ti-cgt-armllvm_4.0.4.LTS\lib\armv6m-ti-none-eabi\</path>
         <kind>archive</kind>
         <file>libclang_rt.builtins.a</file>
         <name>truncdfsf2.S.obj</name>
      </input_file>
      <input_file id="fl-110">
         <path>D:\TI_m0\ccs\tools\compiler\ti-cgt-armllvm_4.0.4.LTS\lib\armv6m-ti-none-eabi\</path>
         <kind>archive</kind>
         <file>libclang_rt.builtins.a</file>
         <name>aeabi_dcmp.S.obj</name>
      </input_file>
      <input_file id="fl-111">
         <path>D:\TI_m0\ccs\tools\compiler\ti-cgt-armllvm_4.0.4.LTS\lib\armv6m-ti-none-eabi\</path>
         <kind>archive</kind>
         <file>libclang_rt.builtins.a</file>
         <name>aeabi_fcmp.S.obj</name>
      </input_file>
      <input_file id="fl-112">
         <path>D:\TI_m0\ccs\tools\compiler\ti-cgt-armllvm_4.0.4.LTS\lib\armv6m-ti-none-eabi\</path>
         <kind>archive</kind>
         <file>libclang_rt.builtins.a</file>
         <name>aeabi_idivmod.S.obj</name>
      </input_file>
      <input_file id="fl-113">
         <path>D:\TI_m0\ccs\tools\compiler\ti-cgt-armllvm_4.0.4.LTS\lib\armv6m-ti-none-eabi\</path>
         <kind>archive</kind>
         <file>libclang_rt.builtins.a</file>
         <name>aeabi_ldivmod.S.obj</name>
      </input_file>
      <input_file id="fl-114">
         <path>D:\TI_m0\ccs\tools\compiler\ti-cgt-armllvm_4.0.4.LTS\lib\armv6m-ti-none-eabi\</path>
         <kind>archive</kind>
         <file>libclang_rt.builtins.a</file>
         <name>aeabi_memcpy.S.obj</name>
      </input_file>
      <input_file id="fl-115">
         <path>D:\TI_m0\ccs\tools\compiler\ti-cgt-armllvm_4.0.4.LTS\lib\armv6m-ti-none-eabi\</path>
         <kind>archive</kind>
         <file>libclang_rt.builtins.a</file>
         <name>aeabi_memset.S.obj</name>
      </input_file>
      <input_file id="fl-116">
         <path>D:\TI_m0\ccs\tools\compiler\ti-cgt-armllvm_4.0.4.LTS\lib\armv6m-ti-none-eabi\</path>
         <kind>archive</kind>
         <file>libclang_rt.builtins.a</file>
         <name>aeabi_uidivmod.S.obj</name>
      </input_file>
      <input_file id="fl-117">
         <path>D:\TI_m0\ccs\tools\compiler\ti-cgt-armllvm_4.0.4.LTS\lib\armv6m-ti-none-eabi\</path>
         <kind>archive</kind>
         <file>libclang_rt.builtins.a</file>
         <name>aeabi_uldivmod.S.obj</name>
      </input_file>
      <input_file id="fl-118">
         <path>D:\TI_m0\ccs\tools\compiler\ti-cgt-armllvm_4.0.4.LTS\lib\armv6m-ti-none-eabi\</path>
         <kind>archive</kind>
         <file>libclang_rt.builtins.a</file>
         <name>comparesf2.S.obj</name>
      </input_file>
      <input_file id="fl-119">
         <path>D:\TI_m0\ccs\tools\compiler\ti-cgt-armllvm_4.0.4.LTS\lib\armv6m-ti-none-eabi\</path>
         <kind>archive</kind>
         <file>libclang_rt.builtins.a</file>
         <name>udivmoddi4.S.obj</name>
      </input_file>
      <input_file id="fl-11a">
         <path>D:\TI_m0\ccs\tools\compiler\ti-cgt-armllvm_4.0.4.LTS\lib\armv6m-ti-none-eabi\</path>
         <kind>archive</kind>
         <file>libclang_rt.builtins.a</file>
         <name>ashldi3.S.obj</name>
      </input_file>
      <input_file id="fl-11b">
         <path>D:\TI_m0\ccs\tools\compiler\ti-cgt-armllvm_4.0.4.LTS\lib\armv6m-ti-none-eabi\</path>
         <kind>archive</kind>
         <file>libclang_rt.builtins.a</file>
         <name>comparedf2.c.obj</name>
      </input_file>
      <input_file id="fl-11c">
         <path>D:\TI_m0\ccs\tools\compiler\ti-cgt-armllvm_4.0.4.LTS\lib\armv6m-ti-none-eabi\</path>
         <kind>archive</kind>
         <file>libclang_rt.builtins.a</file>
         <name>divmoddi4.c.obj</name>
      </input_file>
      <input_file id="fl-11d">
         <path>D:\TI_m0\ccs\tools\compiler\ti-cgt-armllvm_4.0.4.LTS\lib\armv6m-ti-none-eabi\</path>
         <kind>archive</kind>
         <file>libclang_rt.builtins.a</file>
         <name>aeabi_div0.c.obj</name>
      </input_file>
      <input_file id="fl-11e">
         <path>D:\TI_m0\ccs\tools\compiler\ti-cgt-armllvm_4.0.4.LTS\lib\armv6m-ti-none-eabi\c\</path>
         <kind>archive</kind>
         <file>libc.a</file>
         <name>memcpy16.S.obj</name>
      </input_file>
      <input_file id="fl-11f">
         <path>D:\TI_m0\ccs\tools\compiler\ti-cgt-armllvm_4.0.4.LTS\lib\armv6m-ti-none-eabi\c\</path>
         <kind>archive</kind>
         <file>libc.a</file>
         <name>memset16.S.obj</name>
      </input_file>
   </input_file_list>
   <object_component_list>
      <object_component id="oc-18">
         <name>.intvecs</name>
         <load_address>0x0</load_address>
         <readonly>true</readonly>
         <run_address>0x0</run_address>
         <size>0xc0</size>
         <alignment>0x4</alignment>
         <input_file_ref idref="fl-3"/>
      </object_component>
      <object_component id="oc-246">
         <name>.text:__TI_printfi</name>
         <load_address>0xc0</load_address>
         <readonly>true</readonly>
         <executable>true</executable>
         <run_address>0xc0</run_address>
         <size>0x9d0</size>
         <alignment>0x4</alignment>
         <input_file_ref idref="fl-3b"/>
      </object_component>
      <object_component id="oc-ae">
         <name>.text.asin</name>
         <load_address>0xa90</load_address>
         <readonly>true</readonly>
         <executable>true</executable>
         <run_address>0xa90</run_address>
         <size>0x364</size>
         <alignment>0x4</alignment>
         <input_file_ref idref="fl-36"/>
      </object_component>
      <object_component id="oc-146">
         <name>.text.atan</name>
         <load_address>0xdf4</load_address>
         <readonly>true</readonly>
         <executable>true</executable>
         <run_address>0xdf4</run_address>
         <size>0x2f8</size>
         <alignment>0x4</alignment>
         <input_file_ref idref="fl-39"/>
      </object_component>
      <object_component id="oc-174">
         <name>.text.dmp_enable_feature</name>
         <load_address>0x10ec</load_address>
         <readonly>true</readonly>
         <executable>true</executable>
         <run_address>0x10ec</run_address>
         <size>0x278</size>
         <alignment>0x4</alignment>
         <input_file_ref idref="fl-5"/>
      </object_component>
      <object_component id="oc-228">
         <name>.text.dmp_set_tap_thresh</name>
         <load_address>0x1364</load_address>
         <readonly>true</readonly>
         <executable>true</executable>
         <run_address>0x1364</run_address>
         <size>0x238</size>
         <alignment>0x4</alignment>
         <input_file_ref idref="fl-5"/>
      </object_component>
      <object_component id="oc-67">
         <name>.text.Read_Quad</name>
         <load_address>0x159c</load_address>
         <readonly>true</readonly>
         <executable>true</executable>
         <run_address>0x159c</run_address>
         <size>0x22c</size>
         <alignment>0x4</alignment>
         <input_file_ref idref="fl-6"/>
      </object_component>
      <object_component id="oc-119">
         <name>.text.mpu_reset_fifo</name>
         <load_address>0x17c8</load_address>
         <readonly>true</readonly>
         <executable>true</executable>
         <run_address>0x17c8</run_address>
         <size>0x22c</size>
         <alignment>0x4</alignment>
         <input_file_ref idref="fl-4"/>
      </object_component>
      <object_component id="oc-2b9">
         <name>.text._pconv_a</name>
         <load_address>0x19f4</load_address>
         <readonly>true</readonly>
         <executable>true</executable>
         <run_address>0x19f4</run_address>
         <size>0x220</size>
         <alignment>0x4</alignment>
         <input_file_ref idref="fl-3b"/>
      </object_component>
      <object_component id="oc-95">
         <name>.text.dmp_read_fifo</name>
         <load_address>0x1c14</load_address>
         <readonly>true</readonly>
         <executable>true</executable>
         <run_address>0x1c14</run_address>
         <size>0x1f4</size>
         <alignment>0x4</alignment>
         <input_file_ref idref="fl-5"/>
      </object_component>
      <object_component id="oc-2ba">
         <name>.text._pconv_g</name>
         <load_address>0x1e08</load_address>
         <readonly>true</readonly>
         <executable>true</executable>
         <run_address>0x1e08</run_address>
         <size>0x1dc</size>
         <alignment>0x4</alignment>
         <input_file_ref idref="fl-3b"/>
      </object_component>
      <object_component id="oc-21f">
         <name>.text.mpu_set_bypass</name>
         <load_address>0x1fe4</load_address>
         <readonly>true</readonly>
         <executable>true</executable>
         <run_address>0x1fe4</run_address>
         <size>0x1a0</size>
         <alignment>0x4</alignment>
         <input_file_ref idref="fl-4"/>
      </object_component>
      <object_component id="oc-12d">
         <name>.text.adddf3_subdf3</name>
         <load_address>0x2184</load_address>
         <readonly>true</readonly>
         <executable>true</executable>
         <run_address>0x2184</run_address>
         <size>0x192</size>
         <alignment>0x4</alignment>
         <input_file_ref idref="fl-100"/>
      </object_component>
      <object_component id="oc-25f">
         <name>.text.__aeabi_idiv0</name>
         <load_address>0x2316</load_address>
         <readonly>true</readonly>
         <executable>true</executable>
         <run_address>0x2316</run_address>
         <size>0x2</size>
         <alignment>0x2</alignment>
         <input_file_ref idref="fl-11d"/>
      </object_component>
      <object_component id="oc-bc">
         <name>.text.atan2</name>
         <load_address>0x2318</load_address>
         <readonly>true</readonly>
         <executable>true</executable>
         <run_address>0x2318</run_address>
         <size>0x188</size>
         <alignment>0x4</alignment>
         <input_file_ref idref="fl-37"/>
      </object_component>
      <object_component id="oc-171">
         <name>.text.dmp_set_orientation</name>
         <load_address>0x24a0</load_address>
         <readonly>true</readonly>
         <executable>true</executable>
         <run_address>0x24a0</run_address>
         <size>0x178</size>
         <alignment>0x4</alignment>
         <input_file_ref idref="fl-5"/>
      </object_component>
      <object_component id="oc-137">
         <name>.text.sqrt</name>
         <load_address>0x2618</load_address>
         <readonly>true</readonly>
         <executable>true</executable>
         <run_address>0x2618</run_address>
         <size>0x170</size>
         <alignment>0x4</alignment>
         <input_file_ref idref="fl-38"/>
      </object_component>
      <object_component id="oc-dd">
         <name>.text.MPU6050_Init</name>
         <load_address>0x2788</load_address>
         <readonly>true</readonly>
         <executable>true</executable>
         <run_address>0x2788</run_address>
         <size>0x144</size>
         <alignment>0x4</alignment>
         <input_file_ref idref="fl-6"/>
      </object_component>
      <object_component id="oc-2f2">
         <name>.text.fcvt</name>
         <load_address>0x28cc</load_address>
         <readonly>true</readonly>
         <executable>true</executable>
         <run_address>0x28cc</run_address>
         <size>0x13c</size>
         <alignment>0x4</alignment>
         <input_file_ref idref="fl-3b"/>
      </object_component>
      <object_component id="oc-1a3">
         <name>.text.mspm0_i2c_read</name>
         <load_address>0x2a08</load_address>
         <readonly>true</readonly>
         <executable>true</executable>
         <run_address>0x2a08</run_address>
         <size>0x134</size>
         <alignment>0x4</alignment>
         <input_file_ref idref="fl-7"/>
      </object_component>
      <object_component id="oc-169">
         <name>.text.mpu_set_sensors</name>
         <load_address>0x2b3c</load_address>
         <readonly>true</readonly>
         <executable>true</executable>
         <run_address>0x2b3c</run_address>
         <size>0x130</size>
         <alignment>0x4</alignment>
         <input_file_ref idref="fl-4"/>
      </object_component>
      <object_component id="oc-168">
         <name>.text.mpu_init</name>
         <load_address>0x2c6c</load_address>
         <readonly>true</readonly>
         <executable>true</executable>
         <run_address>0x2c6c</run_address>
         <size>0x128</size>
         <alignment>0x4</alignment>
         <input_file_ref idref="fl-4"/>
      </object_component>
      <object_component id="oc-223">
         <name>.text.mpu_load_firmware</name>
         <load_address>0x2d94</load_address>
         <readonly>true</readonly>
         <executable>true</executable>
         <run_address>0x2d94</run_address>
         <size>0x124</size>
         <alignment>0x4</alignment>
         <input_file_ref idref="fl-4"/>
      </object_component>
      <object_component id="oc-2bc">
         <name>.text._pconv_e</name>
         <load_address>0x2eb8</load_address>
         <readonly>true</readonly>
         <executable>true</executable>
         <run_address>0x2eb8</run_address>
         <size>0x120</size>
         <alignment>0x4</alignment>
         <input_file_ref idref="fl-3b"/>
      </object_component>
      <object_component id="oc-186">
         <name>.text.OLED_ShowChar</name>
         <load_address>0x2fd8</load_address>
         <readonly>true</readonly>
         <executable>true</executable>
         <run_address>0x2fd8</run_address>
         <size>0x118</size>
         <alignment>0x4</alignment>
         <input_file_ref idref="fl-c"/>
      </object_component>
      <object_component id="oc-157">
         <name>.text.SYSCFG_DL_GPIO_init</name>
         <load_address>0x30f0</load_address>
         <readonly>true</readonly>
         <executable>true</executable>
         <run_address>0x30f0</run_address>
         <size>0x114</size>
         <alignment>0x4</alignment>
         <input_file_ref idref="fl-2"/>
      </object_component>
      <object_component id="oc-de">
         <name>.text.OLED_Init</name>
         <load_address>0x3204</load_address>
         <readonly>true</readonly>
         <executable>true</executable>
         <run_address>0x3204</run_address>
         <size>0x110</size>
         <alignment>0x4</alignment>
         <input_file_ref idref="fl-c"/>
      </object_component>
      <object_component id="oc-13e">
         <name>.text.__divdf3</name>
         <load_address>0x3314</load_address>
         <readonly>true</readonly>
         <executable>true</executable>
         <run_address>0x3314</run_address>
         <size>0x10c</size>
         <alignment>0x4</alignment>
         <input_file_ref idref="fl-105"/>
      </object_component>
      <object_component id="oc-114">
         <name>.text.mpu_read_fifo_stream</name>
         <load_address>0x3420</load_address>
         <readonly>true</readonly>
         <executable>true</executable>
         <run_address>0x3420</run_address>
         <size>0x108</size>
         <alignment>0x4</alignment>
         <input_file_ref idref="fl-4"/>
      </object_component>
      <object_component id="oc-222">
         <name>.text.mpu_lp_accel_mode</name>
         <load_address>0x3528</load_address>
         <readonly>true</readonly>
         <executable>true</executable>
         <run_address>0x3528</run_address>
         <size>0x100</size>
         <alignment>0x4</alignment>
         <input_file_ref idref="fl-4"/>
      </object_component>
      <object_component id="oc-1f4">
         <name>.text.DL_Timer_initTimerMode</name>
         <load_address>0x3628</load_address>
         <readonly>true</readonly>
         <executable>true</executable>
         <run_address>0x3628</run_address>
         <size>0xfc</size>
         <alignment>0x4</alignment>
         <input_file_ref idref="fl-1d"/>
      </object_component>
      <object_component id="oc-1e7">
         <name>.text.SYSCFG_DL_SYSCTL_SYSPLL_init</name>
         <load_address>0x3724</load_address>
         <readonly>true</readonly>
         <executable>true</executable>
         <run_address>0x3724</run_address>
         <size>0xec</size>
         <alignment>0x4</alignment>
         <input_file_ref idref="fl-2"/>
      </object_component>
      <object_component id="oc-7d">
         <name>.text.main</name>
         <load_address>0x3810</load_address>
         <readonly>true</readonly>
         <executable>true</executable>
         <run_address>0x3810</run_address>
         <size>0xec</size>
         <alignment>0x4</alignment>
         <input_file_ref idref="fl-1"/>
      </object_component>
      <object_component id="oc-16b">
         <name>.text.mpu_set_sample_rate</name>
         <load_address>0x38fc</load_address>
         <readonly>true</readonly>
         <executable>true</executable>
         <run_address>0x38fc</run_address>
         <size>0xec</size>
         <alignment>0x4</alignment>
         <input_file_ref idref="fl-4"/>
      </object_component>
      <object_component id="oc-b4">
         <name>.text.__muldf3</name>
         <load_address>0x39e8</load_address>
         <readonly>true</readonly>
         <executable>true</executable>
         <run_address>0x39e8</run_address>
         <size>0xe4</size>
         <alignment>0x4</alignment>
         <input_file_ref idref="fl-101"/>
      </object_component>
      <object_component id="oc-21d">
         <name>.text.mpu_set_accel_fsr</name>
         <load_address>0x3acc</load_address>
         <readonly>true</readonly>
         <executable>true</executable>
         <run_address>0x3acc</run_address>
         <size>0xe4</size>
         <alignment>0x4</alignment>
         <input_file_ref idref="fl-4"/>
      </object_component>
      <object_component id="oc-1e1">
         <name>.text.DL_SYSCTL_configSYSPLL</name>
         <load_address>0x3bb0</load_address>
         <readonly>true</readonly>
         <executable>true</executable>
         <run_address>0x3bb0</run_address>
         <size>0xdc</size>
         <alignment>0x4</alignment>
         <input_file_ref idref="fl-1f"/>
      </object_component>
      <object_component id="oc-2dd">
         <name>.text.scalbn</name>
         <load_address>0x3c8c</load_address>
         <readonly>true</readonly>
         <executable>true</executable>
         <run_address>0x3c8c</run_address>
         <size>0xd8</size>
         <alignment>0x4</alignment>
         <input_file_ref idref="fl-4f"/>
      </object_component>
      <object_component id="oc-a6">
         <name>.text</name>
         <load_address>0x3d64</load_address>
         <readonly>true</readonly>
         <executable>true</executable>
         <run_address>0x3d64</run_address>
         <size>0xd8</size>
         <alignment>0x4</alignment>
         <input_file_ref idref="fl-ff"/>
      </object_component>
      <object_component id="oc-221">
         <name>.text.set_int_enable</name>
         <load_address>0x3e3c</load_address>
         <readonly>true</readonly>
         <executable>true</executable>
         <run_address>0x3e3c</run_address>
         <size>0xd4</size>
         <alignment>0x4</alignment>
         <input_file_ref idref="fl-4"/>
      </object_component>
      <object_component id="oc-21e">
         <name>.text.mpu_set_lpf</name>
         <load_address>0x3f10</load_address>
         <readonly>true</readonly>
         <executable>true</executable>
         <run_address>0x3f10</run_address>
         <size>0xd0</size>
         <alignment>0x4</alignment>
         <input_file_ref idref="fl-4"/>
      </object_component>
      <object_component id="oc-21c">
         <name>.text.mpu_set_gyro_fsr</name>
         <load_address>0x3fe0</load_address>
         <readonly>true</readonly>
         <executable>true</executable>
         <run_address>0x3fe0</run_address>
         <size>0xc4</size>
         <alignment>0x4</alignment>
         <input_file_ref idref="fl-4"/>
      </object_component>
      <object_component id="oc-1ab">
         <name>.text.mspm0_i2c_write</name>
         <load_address>0x40a4</load_address>
         <readonly>true</readonly>
         <executable>true</executable>
         <run_address>0x40a4</run_address>
         <size>0xc4</size>
         <alignment>0x4</alignment>
         <input_file_ref idref="fl-7"/>
      </object_component>
      <object_component id="oc-16a">
         <name>.text.mpu_configure_fifo</name>
         <load_address>0x4168</load_address>
         <readonly>true</readonly>
         <executable>true</executable>
         <run_address>0x4168</run_address>
         <size>0xbc</size>
         <alignment>0x4</alignment>
         <input_file_ref idref="fl-4"/>
      </object_component>
      <object_component id="oc-176">
         <name>.text.mpu_set_dmp_state</name>
         <load_address>0x4224</load_address>
         <readonly>true</readonly>
         <executable>true</executable>
         <run_address>0x4224</run_address>
         <size>0xb8</size>
         <alignment>0x4</alignment>
         <input_file_ref idref="fl-4"/>
      </object_component>
      <object_component id="oc-286">
         <name>.text.mpu_read_mem</name>
         <load_address>0x42dc</load_address>
         <readonly>true</readonly>
         <executable>true</executable>
         <run_address>0x42dc</run_address>
         <size>0xac</size>
         <alignment>0x4</alignment>
         <input_file_ref idref="fl-4"/>
      </object_component>
      <object_component id="oc-226">
         <name>.text.mpu_write_mem</name>
         <load_address>0x4388</load_address>
         <readonly>true</readonly>
         <executable>true</executable>
         <run_address>0x4388</run_address>
         <size>0xac</size>
         <alignment>0x4</alignment>
         <input_file_ref idref="fl-4"/>
      </object_component>
      <object_component id="oc-2d4">
         <name>.text</name>
         <load_address>0x4434</load_address>
         <readonly>true</readonly>
         <executable>true</executable>
         <run_address>0x4434</run_address>
         <size>0xa2</size>
         <alignment>0x4</alignment>
         <input_file_ref idref="fl-119"/>
      </object_component>
      <object_component id="oc-2f6">
         <name>.text.__aeabi_ldiv0</name>
         <load_address>0x44d6</load_address>
         <readonly>true</readonly>
         <executable>true</executable>
         <run_address>0x44d6</run_address>
         <size>0x2</size>
         <alignment>0x2</alignment>
         <input_file_ref idref="fl-11d"/>
      </object_component>
      <object_component id="oc-220">
         <name>.text.mpu_set_int_latched</name>
         <load_address>0x44d8</load_address>
         <readonly>true</readonly>
         <executable>true</executable>
         <run_address>0x44d8</run_address>
         <size>0x9c</size>
         <alignment>0x4</alignment>
         <input_file_ref idref="fl-4"/>
      </object_component>
      <object_component id="oc-17f">
         <name>.text.OLED_WR_Byte</name>
         <load_address>0x4574</load_address>
         <readonly>true</readonly>
         <executable>true</executable>
         <run_address>0x4574</run_address>
         <size>0x98</size>
         <alignment>0x4</alignment>
         <input_file_ref idref="fl-c"/>
      </object_component>
      <object_component id="oc-175">
         <name>.text.dmp_set_fifo_rate</name>
         <load_address>0x460c</load_address>
         <readonly>true</readonly>
         <executable>true</executable>
         <run_address>0x460c</run_address>
         <size>0x98</size>
         <alignment>0x4</alignment>
         <input_file_ref idref="fl-5"/>
      </object_component>
      <object_component id="oc-225">
         <name>.text.inv_row_2_scale</name>
         <load_address>0x46a4</load_address>
         <readonly>true</readonly>
         <executable>true</executable>
         <run_address>0x46a4</run_address>
         <size>0x96</size>
         <alignment>0x2</alignment>
         <input_file_ref idref="fl-6"/>
      </object_component>
      <object_component id="oc-247">
         <name>.text._nop</name>
         <load_address>0x473a</load_address>
         <readonly>true</readonly>
         <executable>true</executable>
         <run_address>0x473a</run_address>
         <size>0x2</size>
         <alignment>0x2</alignment>
         <input_file_ref idref="fl-3e"/>
      </object_component>
      <object_component id="oc-65">
         <name>.text.Encodering</name>
         <load_address>0x473c</load_address>
         <readonly>true</readonly>
         <executable>true</executable>
         <run_address>0x473c</run_address>
         <size>0x90</size>
         <alignment>0x4</alignment>
         <input_file_ref idref="fl-9"/>
      </object_component>
      <object_component id="oc-a2">
         <name>.text.__mulsf3</name>
         <load_address>0x47cc</load_address>
         <readonly>true</readonly>
         <executable>true</executable>
         <run_address>0x47cc</run_address>
         <size>0x8c</size>
         <alignment>0x4</alignment>
         <input_file_ref idref="fl-103"/>
      </object_component>
      <object_component id="oc-11a">
         <name>.text.decode_gesture</name>
         <load_address>0x4858</load_address>
         <readonly>true</readonly>
         <executable>true</executable>
         <run_address>0x4858</run_address>
         <size>0x8c</size>
         <alignment>0x4</alignment>
         <input_file_ref idref="fl-5"/>
      </object_component>
      <object_component id="oc-161">
         <name>.text.__NVIC_SetPriority</name>
         <load_address>0x48e4</load_address>
         <readonly>true</readonly>
         <executable>true</executable>
         <run_address>0x48e4</run_address>
         <size>0x84</size>
         <alignment>0x4</alignment>
         <input_file_ref idref="fl-8"/>
      </object_component>
      <object_component id="oc-1ec">
         <name>.text.__NVIC_SetPriority</name>
         <load_address>0x4968</load_address>
         <readonly>true</readonly>
         <executable>true</executable>
         <run_address>0x4968</run_address>
         <size>0x84</size>
         <alignment>0x4</alignment>
         <input_file_ref idref="fl-2"/>
      </object_component>
      <object_component id="oc-9e">
         <name>.text.__divsf3</name>
         <load_address>0x49ec</load_address>
         <readonly>true</readonly>
         <executable>true</executable>
         <run_address>0x49ec</run_address>
         <size>0x82</size>
         <alignment>0x4</alignment>
         <input_file_ref idref="fl-104"/>
      </object_component>
      <object_component id="oc-156">
         <name>.text.SYSCFG_DL_initPower</name>
         <load_address>0x4a70</load_address>
         <readonly>true</readonly>
         <executable>true</executable>
         <run_address>0x4a70</run_address>
         <size>0x7c</size>
         <alignment>0x4</alignment>
         <input_file_ref idref="fl-2"/>
      </object_component>
      <object_component id="oc-1c">
         <name>.text:decompress:lzss</name>
         <load_address>0x4aec</load_address>
         <readonly>true</readonly>
         <executable>true</executable>
         <run_address>0x4aec</run_address>
         <size>0x7c</size>
         <alignment>0x4</alignment>
         <input_file_ref idref="fl-4d"/>
      </object_component>
      <object_component id="oc-1b8">
         <name>.text.__gedf2</name>
         <load_address>0x4b68</load_address>
         <readonly>true</readonly>
         <executable>true</executable>
         <run_address>0x4b68</run_address>
         <size>0x74</size>
         <alignment>0x4</alignment>
         <input_file_ref idref="fl-11b"/>
      </object_component>
      <object_component id="oc-33">
         <name>.text.Default_Handler</name>
         <load_address>0x4bdc</load_address>
         <readonly>true</readonly>
         <executable>true</executable>
         <run_address>0x4bdc</run_address>
         <size>0x4</size>
         <alignment>0x2</alignment>
         <input_file_ref idref="fl-3"/>
      </object_component>
      <object_component id="oc-b8">
         <name>.text.__truncdfsf2</name>
         <load_address>0x4be0</load_address>
         <readonly>true</readonly>
         <executable>true</executable>
         <run_address>0x4be0</run_address>
         <size>0x74</size>
         <alignment>0x10</alignment>
         <input_file_ref idref="fl-10f"/>
      </object_component>
      <object_component id="oc-16e">
         <name>.text.mpu_get_accel_fsr</name>
         <load_address>0x4c54</load_address>
         <readonly>true</readonly>
         <executable>true</executable>
         <run_address>0x4c54</run_address>
         <size>0x74</size>
         <alignment>0x4</alignment>
         <input_file_ref idref="fl-4"/>
      </object_component>
      <object_component id="oc-e5">
         <name>.text.OLED_ShowString</name>
         <load_address>0x4cc8</load_address>
         <readonly>true</readonly>
         <executable>true</executable>
         <run_address>0x4cc8</run_address>
         <size>0x70</size>
         <alignment>0x2</alignment>
         <input_file_ref idref="fl-c"/>
      </object_component>
      <object_component id="oc-158">
         <name>.text.SYSCFG_DL_SYSCTL_init</name>
         <load_address>0x4d38</load_address>
         <readonly>true</readonly>
         <executable>true</executable>
         <run_address>0x4d38</run_address>
         <size>0x70</size>
         <alignment>0x4</alignment>
         <input_file_ref idref="fl-2"/>
      </object_component>
      <object_component id="oc-180">
         <name>.text.OLED_Clear</name>
         <load_address>0x4da8</load_address>
         <readonly>true</readonly>
         <executable>true</executable>
         <run_address>0x4da8</run_address>
         <size>0x6a</size>
         <alignment>0x2</alignment>
         <input_file_ref idref="fl-c"/>
      </object_component>
      <object_component id="oc-1b2">
         <name>.text.__ledf2</name>
         <load_address>0x4e14</load_address>
         <readonly>true</readonly>
         <executable>true</executable>
         <run_address>0x4e14</run_address>
         <size>0x68</size>
         <alignment>0x4</alignment>
         <input_file_ref idref="fl-11b"/>
      </object_component>
      <object_component id="oc-2f1">
         <name>.text._mcpy</name>
         <load_address>0x4e7c</load_address>
         <readonly>true</readonly>
         <executable>true</executable>
         <run_address>0x4e7c</run_address>
         <size>0x66</size>
         <alignment>0x2</alignment>
         <input_file_ref idref="fl-3b"/>
      </object_component>
      <object_component id="oc-229">
         <name>.text.dmp_set_tap_axes</name>
         <load_address>0x4ee2</load_address>
         <readonly>true</readonly>
         <executable>true</executable>
         <run_address>0x4ee2</run_address>
         <size>0x66</size>
         <alignment>0x2</alignment>
         <input_file_ref idref="fl-5"/>
      </object_component>
      <object_component id="oc-131">
         <name>.text.__aeabi_dcmp</name>
         <load_address>0x4f48</load_address>
         <readonly>true</readonly>
         <executable>true</executable>
         <run_address>0x4f48</run_address>
         <size>0x62</size>
         <alignment>0x4</alignment>
         <input_file_ref idref="fl-110"/>
      </object_component>
      <object_component id="oc-227">
         <name>.text.dmp_enable_gyro_cal</name>
         <load_address>0x4fac</load_address>
         <readonly>true</readonly>
         <executable>true</executable>
         <run_address>0x4fac</run_address>
         <size>0x60</size>
         <alignment>0x4</alignment>
         <input_file_ref idref="fl-5"/>
      </object_component>
      <object_component id="oc-163">
         <name>.text.mpu6050_i2c_sda_unlock</name>
         <load_address>0x500c</load_address>
         <readonly>true</readonly>
         <executable>true</executable>
         <run_address>0x500c</run_address>
         <size>0x60</size>
         <alignment>0x4</alignment>
         <input_file_ref idref="fl-7"/>
      </object_component>
      <object_component id="oc-16d">
         <name>.text.mpu_get_gyro_fsr</name>
         <load_address>0x506c</load_address>
         <readonly>true</readonly>
         <executable>true</executable>
         <run_address>0x506c</run_address>
         <size>0x60</size>
         <alignment>0x4</alignment>
         <input_file_ref idref="fl-4"/>
      </object_component>
      <object_component id="oc-17d">
         <name>.text.oled_i2c_sda_unlock</name>
         <load_address>0x50cc</load_address>
         <readonly>true</readonly>
         <executable>true</executable>
         <run_address>0x50cc</run_address>
         <size>0x60</size>
         <alignment>0x4</alignment>
         <input_file_ref idref="fl-c"/>
      </object_component>
      <object_component id="oc-237">
         <name>.text.DL_I2C_fillControllerTXFIFO</name>
         <load_address>0x512c</load_address>
         <readonly>true</readonly>
         <executable>true</executable>
         <run_address>0x512c</run_address>
         <size>0x5e</size>
         <alignment>0x2</alignment>
         <input_file_ref idref="fl-1c"/>
      </object_component>
      <object_component id="oc-2d9">
         <name>.text.frexp</name>
         <load_address>0x518c</load_address>
         <readonly>true</readonly>
         <executable>true</executable>
         <run_address>0x518c</run_address>
         <size>0x5c</size>
         <alignment>0x4</alignment>
         <input_file_ref idref="fl-4e"/>
      </object_component>
      <object_component id="oc-219">
         <name>.text.mspm0_i2c_enable</name>
         <load_address>0x51e8</load_address>
         <readonly>true</readonly>
         <executable>true</executable>
         <run_address>0x51e8</run_address>
         <size>0x5c</size>
         <alignment>0x4</alignment>
         <input_file_ref idref="fl-7"/>
      </object_component>
      <object_component id="oc-236">
         <name>.text.mspm0_i2c_enable</name>
         <load_address>0x5244</load_address>
         <readonly>true</readonly>
         <executable>true</executable>
         <run_address>0x5244</run_address>
         <size>0x5c</size>
         <alignment>0x4</alignment>
         <input_file_ref idref="fl-c"/>
      </object_component>
      <object_component id="oc-ec">
         <name>.text.printf</name>
         <load_address>0x52a0</load_address>
         <readonly>true</readonly>
         <executable>true</executable>
         <run_address>0x52a0</run_address>
         <size>0x5c</size>
         <alignment>0x4</alignment>
         <input_file_ref idref="fl-3a"/>
      </object_component>
      <object_component id="oc-15a">
         <name>.text.SYSCFG_DL_I2C_MPU6050_init</name>
         <load_address>0x52fc</load_address>
         <readonly>true</readonly>
         <executable>true</executable>
         <run_address>0x52fc</run_address>
         <size>0x58</size>
         <alignment>0x4</alignment>
         <input_file_ref idref="fl-2"/>
      </object_component>
      <object_component id="oc-15b">
         <name>.text.SYSCFG_DL_I2C_OLED_init</name>
         <load_address>0x5354</load_address>
         <readonly>true</readonly>
         <executable>true</executable>
         <run_address>0x5354</run_address>
         <size>0x58</size>
         <alignment>0x4</alignment>
         <input_file_ref idref="fl-2"/>
      </object_component>
      <object_component id="oc-2e5">
         <name>.text.__TI_ltoa</name>
         <load_address>0x53ac</load_address>
         <readonly>true</readonly>
         <executable>true</executable>
         <run_address>0x53ac</run_address>
         <size>0x58</size>
         <alignment>0x2</alignment>
         <input_file_ref idref="fl-3f"/>
      </object_component>
      <object_component id="oc-2bb">
         <name>.text._pconv_f</name>
         <load_address>0x5404</load_address>
         <readonly>true</readonly>
         <executable>true</executable>
         <run_address>0x5404</run_address>
         <size>0x58</size>
         <alignment>0x2</alignment>
         <input_file_ref idref="fl-3b"/>
      </object_component>
      <object_component id="oc-293">
         <name>.text.__aeabi_idivmod</name>
         <load_address>0x545c</load_address>
         <readonly>true</readonly>
         <executable>true</executable>
         <run_address>0x545c</run_address>
         <size>0x56</size>
         <alignment>0x4</alignment>
         <input_file_ref idref="fl-112"/>
      </object_component>
      <object_component id="oc-2ef">
         <name>.text._ecpy</name>
         <load_address>0x54b2</load_address>
         <readonly>true</readonly>
         <executable>true</executable>
         <run_address>0x54b2</run_address>
         <size>0x52</size>
         <alignment>0x2</alignment>
         <input_file_ref idref="fl-3b"/>
      </object_component>
      <object_component id="oc-283">
         <name>.text.DL_GPIO_initPeripheralInputFunctionFeatures</name>
         <load_address>0x5504</load_address>
         <readonly>true</readonly>
         <executable>true</executable>
         <run_address>0x5504</run_address>
         <size>0x50</size>
         <alignment>0x4</alignment>
         <input_file_ref idref="fl-7"/>
      </object_component>
      <object_component id="oc-29b">
         <name>.text.DL_GPIO_initPeripheralInputFunctionFeatures</name>
         <load_address>0x5554</load_address>
         <readonly>true</readonly>
         <executable>true</executable>
         <run_address>0x5554</run_address>
         <size>0x50</size>
         <alignment>0x4</alignment>
         <input_file_ref idref="fl-c"/>
      </object_component>
      <object_component id="oc-1d2">
         <name>.text.DL_GPIO_initPeripheralInputFunctionFeatures</name>
         <load_address>0x55a4</load_address>
         <readonly>true</readonly>
         <executable>true</executable>
         <run_address>0x55a4</run_address>
         <size>0x50</size>
         <alignment>0x4</alignment>
         <input_file_ref idref="fl-2"/>
      </object_component>
      <object_component id="oc-25a">
         <name>.text.DL_I2C_startControllerTransfer</name>
         <load_address>0x55f4</load_address>
         <readonly>true</readonly>
         <executable>true</executable>
         <run_address>0x55f4</run_address>
         <size>0x50</size>
         <alignment>0x4</alignment>
         <input_file_ref idref="fl-7"/>
      </object_component>
      <object_component id="oc-23a">
         <name>.text.DL_I2C_startControllerTransfer</name>
         <load_address>0x5644</load_address>
         <readonly>true</readonly>
         <executable>true</executable>
         <run_address>0x5644</run_address>
         <size>0x50</size>
         <alignment>0x4</alignment>
         <input_file_ref idref="fl-c"/>
      </object_component>
      <object_component id="oc-160">
         <name>.text.SysTick_Config</name>
         <load_address>0x5694</load_address>
         <readonly>true</readonly>
         <executable>true</executable>
         <run_address>0x5694</run_address>
         <size>0x50</size>
         <alignment>0x4</alignment>
         <input_file_ref idref="fl-8"/>
      </object_component>
      <object_component id="oc-281">
         <name>.text.DL_GPIO_initDigitalInputFeatures</name>
         <load_address>0x56e4</load_address>
         <readonly>true</readonly>
         <executable>true</executable>
         <run_address>0x56e4</run_address>
         <size>0x4c</size>
         <alignment>0x4</alignment>
         <input_file_ref idref="fl-7"/>
      </object_component>
      <object_component id="oc-299">
         <name>.text.DL_GPIO_initDigitalInputFeatures</name>
         <load_address>0x5730</load_address>
         <readonly>true</readonly>
         <executable>true</executable>
         <run_address>0x5730</run_address>
         <size>0x4c</size>
         <alignment>0x4</alignment>
         <input_file_ref idref="fl-c"/>
      </object_component>
      <object_component id="oc-1d6">
         <name>.text.DL_GPIO_initDigitalInputFeatures</name>
         <load_address>0x577c</load_address>
         <readonly>true</readonly>
         <executable>true</executable>
         <run_address>0x577c</run_address>
         <size>0x4c</size>
         <alignment>0x4</alignment>
         <input_file_ref idref="fl-2"/>
      </object_component>
      <object_component id="oc-211">
         <name>.text.DL_UART_setBaudRateDivisor</name>
         <load_address>0x57c8</load_address>
         <readonly>true</readonly>
         <executable>true</executable>
         <run_address>0x57c8</run_address>
         <size>0x4c</size>
         <alignment>0x4</alignment>
         <input_file_ref idref="fl-2"/>
      </object_component>
      <object_component id="oc-2e1">
         <name>.text.__fixdfsi</name>
         <load_address>0x5814</load_address>
         <readonly>true</readonly>
         <executable>true</executable>
         <run_address>0x5814</run_address>
         <size>0x4a</size>
         <alignment>0x4</alignment>
         <input_file_ref idref="fl-107"/>
      </object_component>
      <object_component id="oc-20f">
         <name>.text.DL_UART_init</name>
         <load_address>0x5860</load_address>
         <readonly>true</readonly>
         <executable>true</executable>
         <run_address>0x5860</run_address>
         <size>0x48</size>
         <alignment>0x4</alignment>
         <input_file_ref idref="fl-1e"/>
      </object_component>
      <object_component id="oc-231">
         <name>.text.dmp_enable_6x_lp_quat</name>
         <load_address>0x58a8</load_address>
         <readonly>true</readonly>
         <executable>true</executable>
         <run_address>0x58a8</run_address>
         <size>0x48</size>
         <alignment>0x4</alignment>
         <input_file_ref idref="fl-5"/>
      </object_component>
      <object_component id="oc-230">
         <name>.text.dmp_enable_lp_quat</name>
         <load_address>0x58f0</load_address>
         <readonly>true</readonly>
         <executable>true</executable>
         <run_address>0x58f0</run_address>
         <size>0x48</size>
         <alignment>0x4</alignment>
         <input_file_ref idref="fl-5"/>
      </object_component>
      <object_component id="oc-215">
         <name>.text.mspm0_i2c_disable</name>
         <load_address>0x5938</load_address>
         <readonly>true</readonly>
         <executable>true</executable>
         <run_address>0x5938</run_address>
         <size>0x48</size>
         <alignment>0x4</alignment>
         <input_file_ref idref="fl-7"/>
      </object_component>
      <object_component id="oc-1eb">
         <name>.text.DL_SYSCTL_switchMCLKfromSYSOSCtoHSCLK</name>
         <load_address>0x5980</load_address>
         <readonly>true</readonly>
         <executable>true</executable>
         <run_address>0x5980</run_address>
         <size>0x44</size>
         <alignment>0x4</alignment>
         <input_file_ref idref="fl-1f"/>
      </object_component>
      <object_component id="oc-22d">
         <name>.text.dmp_set_shake_reject_thresh</name>
         <load_address>0x59c4</load_address>
         <readonly>true</readonly>
         <executable>true</executable>
         <run_address>0x59c4</run_address>
         <size>0x44</size>
         <alignment>0x2</alignment>
         <input_file_ref idref="fl-5"/>
      </object_component>
      <object_component id="oc-22a">
         <name>.text.dmp_set_tap_count</name>
         <load_address>0x5a08</load_address>
         <readonly>true</readonly>
         <executable>true</executable>
         <run_address>0x5a08</run_address>
         <size>0x44</size>
         <alignment>0x2</alignment>
         <input_file_ref idref="fl-5"/>
      </object_component>
      <object_component id="oc-232">
         <name>.text.mspm0_i2c_disable</name>
         <load_address>0x5a4c</load_address>
         <readonly>true</readonly>
         <executable>true</executable>
         <run_address>0x5a4c</run_address>
         <size>0x44</size>
         <alignment>0x4</alignment>
         <input_file_ref idref="fl-c"/>
      </object_component>
      <object_component id="oc-159">
         <name>.text.SYSCFG_DL_TIMER_Encoder_Read_init</name>
         <load_address>0x5a90</load_address>
         <readonly>true</readonly>
         <executable>true</executable>
         <run_address>0x5a90</run_address>
         <size>0x40</size>
         <alignment>0x4</alignment>
         <input_file_ref idref="fl-2"/>
      </object_component>
      <object_component id="oc-15c">
         <name>.text.SYSCFG_DL_UART_0_init</name>
         <load_address>0x5ad0</load_address>
         <readonly>true</readonly>
         <executable>true</executable>
         <run_address>0x5ad0</run_address>
         <size>0x40</size>
         <alignment>0x4</alignment>
         <input_file_ref idref="fl-2"/>
      </object_component>
      <object_component id="oc-1a4">
         <name>.text.__aeabi_uidivmod</name>
         <load_address>0x5b10</load_address>
         <readonly>true</readonly>
         <executable>true</executable>
         <run_address>0x5b10</run_address>
         <size>0x40</size>
         <alignment>0x4</alignment>
         <input_file_ref idref="fl-116"/>
      </object_component>
      <object_component id="oc-aa">
         <name>.text.__extendsfdf2</name>
         <load_address>0x5b50</load_address>
         <readonly>true</readonly>
         <executable>true</executable>
         <run_address>0x5b50</run_address>
         <size>0x40</size>
         <alignment>0x4</alignment>
         <input_file_ref idref="fl-106"/>
      </object_component>
      <object_component id="oc-2a8">
         <name>.text.atoi</name>
         <load_address>0x5b90</load_address>
         <readonly>true</readonly>
         <executable>true</executable>
         <run_address>0x5b90</run_address>
         <size>0x40</size>
         <alignment>0x4</alignment>
         <input_file_ref idref="fl-41"/>
      </object_component>
      <object_component id="oc-170">
         <name>.text.inv_orientation_matrix_to_scalar</name>
         <load_address>0x5bd0</load_address>
         <readonly>true</readonly>
         <executable>true</executable>
         <run_address>0x5bd0</run_address>
         <size>0x3e</size>
         <alignment>0x2</alignment>
         <input_file_ref idref="fl-6"/>
      </object_component>
      <object_component id="oc-25e">
         <name>.text.DL_I2C_flushControllerTXFIFO</name>
         <load_address>0x5c10</load_address>
         <readonly>true</readonly>
         <executable>true</executable>
         <run_address>0x5c10</run_address>
         <size>0x3c</size>
         <alignment>0x4</alignment>
         <input_file_ref idref="fl-1c"/>
      </object_component>
      <object_component id="oc-23c">
         <name>.text.OLED_Set_Pos</name>
         <load_address>0x5c4c</load_address>
         <readonly>true</readonly>
         <executable>true</executable>
         <run_address>0x5c4c</run_address>
         <size>0x3c</size>
         <alignment>0x2</alignment>
         <input_file_ref idref="fl-c"/>
      </object_component>
      <object_component id="oc-9a">
         <name>.text.__floatsisf</name>
         <load_address>0x5c88</load_address>
         <readonly>true</readonly>
         <executable>true</executable>
         <run_address>0x5c88</run_address>
         <size>0x3c</size>
         <alignment>0x4</alignment>
         <input_file_ref idref="fl-10b"/>
      </object_component>
      <object_component id="oc-102">
         <name>.text:__TI_auto_init_nobinit_nopinit</name>
         <load_address>0x5cc4</load_address>
         <readonly>true</readonly>
         <executable>true</executable>
         <run_address>0x5cc4</run_address>
         <size>0x3c</size>
         <alignment>0x4</alignment>
         <input_file_ref idref="fl-48"/>
      </object_component>
      <object_component id="oc-121">
         <name>.text.__muldsi3</name>
         <load_address>0x5d00</load_address>
         <readonly>true</readonly>
         <executable>true</executable>
         <run_address>0x5d00</run_address>
         <size>0x3a</size>
         <alignment>0x4</alignment>
         <input_file_ref idref="fl-102"/>
      </object_component>
      <object_component id="oc-28f">
         <name>.text.__fixsfsi</name>
         <load_address>0x5d3c</load_address>
         <readonly>true</readonly>
         <executable>true</executable>
         <run_address>0x5d3c</run_address>
         <size>0x38</size>
         <alignment>0x4</alignment>
         <input_file_ref idref="fl-108"/>
      </object_component>
      <object_component id="oc-e6">
         <name>.text.sprintf</name>
         <load_address>0x5d74</load_address>
         <readonly>true</readonly>
         <executable>true</executable>
         <run_address>0x5d74</run_address>
         <size>0x38</size>
         <alignment>0x4</alignment>
         <input_file_ref idref="fl-3c"/>
      </object_component>
      <object_component id="oc-16c">
         <name>.text.mpu_get_sample_rate</name>
         <load_address>0x5dac</load_address>
         <readonly>true</readonly>
         <executable>true</executable>
         <run_address>0x5dac</run_address>
         <size>0x34</size>
         <alignment>0x4</alignment>
         <input_file_ref idref="fl-4"/>
      </object_component>
      <object_component id="oc-22e">
         <name>.text.dmp_set_shake_reject_time</name>
         <load_address>0x5de0</load_address>
         <readonly>true</readonly>
         <executable>true</executable>
         <run_address>0x5de0</run_address>
         <size>0x32</size>
         <alignment>0x2</alignment>
         <input_file_ref idref="fl-5"/>
      </object_component>
      <object_component id="oc-22f">
         <name>.text.dmp_set_shake_reject_timeout</name>
         <load_address>0x5e12</load_address>
         <readonly>true</readonly>
         <executable>true</executable>
         <run_address>0x5e12</run_address>
         <size>0x32</size>
         <alignment>0x2</alignment>
         <input_file_ref idref="fl-5"/>
      </object_component>
      <object_component id="oc-250">
         <name>.text.fputs</name>
         <load_address>0x5e44</load_address>
         <readonly>true</readonly>
         <executable>true</executable>
         <run_address>0x5e44</run_address>
         <size>0x32</size>
         <alignment>0x2</alignment>
         <input_file_ref idref="fl-1"/>
      </object_component>
      <object_component id="oc-2f0">
         <name>.text._fcpy</name>
         <load_address>0x5e76</load_address>
         <readonly>true</readonly>
         <executable>true</executable>
         <run_address>0x5e76</run_address>
         <size>0x30</size>
         <alignment>0x2</alignment>
         <input_file_ref idref="fl-3b"/>
      </object_component>
      <object_component id="oc-22b">
         <name>.text.dmp_set_tap_time</name>
         <load_address>0x5ea6</load_address>
         <readonly>true</readonly>
         <executable>true</executable>
         <run_address>0x5ea6</run_address>
         <size>0x30</size>
         <alignment>0x2</alignment>
         <input_file_ref idref="fl-5"/>
      </object_component>
      <object_component id="oc-22c">
         <name>.text.dmp_set_tap_time_multi</name>
         <load_address>0x5ed6</load_address>
         <readonly>true</readonly>
         <executable>true</executable>
         <run_address>0x5ed6</run_address>
         <size>0x30</size>
         <alignment>0x2</alignment>
         <input_file_ref idref="fl-5"/>
      </object_component>
      <object_component id="oc-f2">
         <name>.text.mspm0_delay_ms</name>
         <load_address>0x5f08</load_address>
         <readonly>true</readonly>
         <executable>true</executable>
         <run_address>0x5f08</run_address>
         <size>0x30</size>
         <alignment>0x4</alignment>
         <input_file_ref idref="fl-8"/>
      </object_component>
      <object_component id="oc-d6">
         <name>.text.SYSCFG_DL_init</name>
         <load_address>0x5f38</load_address>
         <readonly>true</readonly>
         <executable>true</executable>
         <run_address>0x5f38</run_address>
         <size>0x2c</size>
         <alignment>0x4</alignment>
         <input_file_ref idref="fl-2"/>
      </object_component>
      <object_component id="oc-183">
         <name>.text.__NVIC_EnableIRQ</name>
         <load_address>0x5f64</load_address>
         <readonly>true</readonly>
         <executable>true</executable>
         <run_address>0x5f64</run_address>
         <size>0x2c</size>
         <alignment>0x4</alignment>
         <input_file_ref idref="fl-9"/>
      </object_component>
      <object_component id="oc-185">
         <name>.text.__NVIC_EnableIRQ</name>
         <load_address>0x5f90</load_address>
         <readonly>true</readonly>
         <executable>true</executable>
         <run_address>0x5f90</run_address>
         <size>0x2c</size>
         <alignment>0x4</alignment>
         <input_file_ref idref="fl-a"/>
      </object_component>
      <object_component id="oc-2e9">
         <name>.text.__floatsidf</name>
         <load_address>0x5fbc</load_address>
         <readonly>true</readonly>
         <executable>true</executable>
         <run_address>0x5fbc</run_address>
         <size>0x2c</size>
         <alignment>0x4</alignment>
         <input_file_ref idref="fl-10a"/>
      </object_component>
      <object_component id="oc-2bd">
         <name>.text.__io_putchar</name>
         <load_address>0x5fe8</load_address>
         <readonly>true</readonly>
         <executable>true</executable>
         <run_address>0x5fe8</run_address>
         <size>0x2c</size>
         <alignment>0x4</alignment>
         <input_file_ref idref="fl-1"/>
      </object_component>
      <object_component id="oc-11b">
         <name>.text.mspm0_get_clock_ms</name>
         <load_address>0x6014</load_address>
         <readonly>true</readonly>
         <executable>true</executable>
         <run_address>0x6014</run_address>
         <size>0x2c</size>
         <alignment>0x4</alignment>
         <input_file_ref idref="fl-8"/>
      </object_component>
      <object_component id="oc-2be">
         <name>.text.DL_Common_updateReg</name>
         <load_address>0x6040</load_address>
         <readonly>true</readonly>
         <executable>true</executable>
         <run_address>0x6040</run_address>
         <size>0x28</size>
         <alignment>0x2</alignment>
         <input_file_ref idref="fl-7"/>
      </object_component>
      <object_component id="oc-29e">
         <name>.text.DL_Common_updateReg</name>
         <load_address>0x6068</load_address>
         <readonly>true</readonly>
         <executable>true</executable>
         <run_address>0x6068</run_address>
         <size>0x28</size>
         <alignment>0x2</alignment>
         <input_file_ref idref="fl-c"/>
      </object_component>
      <object_component id="oc-26d">
         <name>.text.DL_Common_updateReg</name>
         <load_address>0x6090</load_address>
         <readonly>true</readonly>
         <executable>true</executable>
         <run_address>0x6090</run_address>
         <size>0x28</size>
         <alignment>0x2</alignment>
         <input_file_ref idref="fl-2"/>
      </object_component>
      <object_component id="oc-204">
         <name>.text.DL_I2C_setControllerRXFIFOThreshold</name>
         <load_address>0x60b8</load_address>
         <readonly>true</readonly>
         <executable>true</executable>
         <run_address>0x60b8</run_address>
         <size>0x28</size>
         <alignment>0x4</alignment>
         <input_file_ref idref="fl-2"/>
      </object_component>
      <object_component id="oc-203">
         <name>.text.DL_I2C_setControllerTXFIFOThreshold</name>
         <load_address>0x60e0</load_address>
         <readonly>true</readonly>
         <executable>true</executable>
         <run_address>0x60e0</run_address>
         <size>0x28</size>
         <alignment>0x4</alignment>
         <input_file_ref idref="fl-2"/>
      </object_component>
      <object_component id="oc-28b">
         <name>.text.__floatunsisf</name>
         <load_address>0x6108</load_address>
         <readonly>true</readonly>
         <executable>true</executable>
         <run_address>0x6108</run_address>
         <size>0x28</size>
         <alignment>0x4</alignment>
         <input_file_ref idref="fl-10d"/>
      </object_component>
      <object_component id="oc-5a">
         <name>.text:_c_int00_noargs</name>
         <load_address>0x6130</load_address>
         <readonly>true</readonly>
         <executable>true</executable>
         <run_address>0x6130</run_address>
         <size>0x28</size>
         <alignment>0x4</alignment>
         <input_file_ref idref="fl-46"/>
      </object_component>
      <object_component id="oc-1ff">
         <name>.text.DL_I2C_setAnalogGlitchFilterPulseWidth</name>
         <load_address>0x6158</load_address>
         <readonly>true</readonly>
         <executable>true</executable>
         <run_address>0x6158</run_address>
         <size>0x26</size>
         <alignment>0x2</alignment>
         <input_file_ref idref="fl-2"/>
      </object_component>
      <object_component id="oc-1f9">
         <name>.text.DL_I2C_setClockConfig</name>
         <load_address>0x617e</load_address>
         <readonly>true</readonly>
         <executable>true</executable>
         <run_address>0x617e</run_address>
         <size>0x26</size>
         <alignment>0x2</alignment>
         <input_file_ref idref="fl-1c"/>
      </object_component>
      <object_component id="oc-275">
         <name>.text.__floatunsidf</name>
         <load_address>0x61a4</load_address>
         <readonly>true</readonly>
         <executable>true</executable>
         <run_address>0x61a4</run_address>
         <size>0x24</size>
         <alignment>0x4</alignment>
         <input_file_ref idref="fl-10c"/>
      </object_component>
      <object_component id="oc-2b0">
         <name>.text.__muldi3</name>
         <load_address>0x61c8</load_address>
         <readonly>true</readonly>
         <executable>true</executable>
         <run_address>0x61c8</run_address>
         <size>0x24</size>
         <alignment>0x4</alignment>
         <input_file_ref idref="fl-10e"/>
      </object_component>
      <object_component id="oc-2a1">
         <name>.text.memccpy</name>
         <load_address>0x61ec</load_address>
         <readonly>true</readonly>
         <executable>true</executable>
         <run_address>0x61ec</run_address>
         <size>0x22</size>
         <alignment>0x2</alignment>
         <input_file_ref idref="fl-43"/>
      </object_component>
      <object_component id="oc-1d5">
[...]
         <object_component_ref idref="oc-23e"/>
      </symbol>
      <symbol id="sm-36d">
         <name>OLED_ShowString</name>
         <value>0x4cc9</value>
         <object_component_ref idref="oc-e5"/>
      </symbol>
      <symbol id="sm-36e">
         <name>OLED_Init</name>
         <value>0x3205</value>
         <object_component_ref idref="oc-de"/>
      </symbol>
      <symbol id="sm-36f">
         <name>__TI_ATRegion0_src_addr</name>
         <value>0x0</value>
      </symbol>
      <symbol id="sm-370">
         <name>__TI_ATRegion0_trg_addr</name>
         <value>0x0</value>
      </symbol>
      <symbol id="sm-371">
         <name>__TI_ATRegion0_region_sz</name>
         <value>0x0</value>
      </symbol>
      <symbol id="sm-372">
         <name>__TI_ATRegion1_src_addr</name>
         <value>0x0</value>
      </symbol>
      <symbol id="sm-373">
         <name>__TI_ATRegion1_trg_addr</name>
         <value>0x0</value>
      </symbol>
      <symbol id="sm-374">
         <name>__TI_ATRegion1_region_sz</name>
         <value>0x0</value>
      </symbol>
      <symbol id="sm-375">
         <name>__TI_ATRegion2_src_addr</name>
         <value>0x0</value>
      </symbol>
      <symbol id="sm-376">
         <name>__TI_ATRegion2_trg_addr</name>
         <value>0x0</value>
      </symbol>
      <symbol id="sm-377">
         <name>__TI_ATRegion2_region_sz</name>
         <value>0x0</value>
      </symbol>
      <symbol id="sm-380">
         <name>DL_Common_delayCycles</name>
         <value>0x6b45</value>
         <object_component_ref idref="oc-1cd"/>
      </symbol>
      <symbol id="sm-38f">
         <name>DL_I2C_setClockConfig</name>
         <value>0x617f</value>
         <object_component_ref idref="oc-1f9"/>
      </symbol>
      <symbol id="sm-390">
         <name>DL_I2C_fillControllerTXFIFO</name>
         <value>0x512d</value>
         <object_component_ref idref="oc-237"/>
      </symbol>
      <symbol id="sm-391">
         <name>DL_I2C_flushControllerTXFIFO</name>
         <value>0x5c11</value>
         <object_component_ref idref="oc-25e"/>
      </symbol>
      <symbol id="sm-3a1">
         <name>DL_Timer_setClockConfig</name>
         <value>0x64a9</value>
         <object_component_ref idref="oc-1ee"/>
      </symbol>
      <symbol id="sm-3a2">
         <name>DL_Timer_initTimerMode</name>
         <value>0x3629</value>
         <object_component_ref idref="oc-1f4"/>
      </symbol>
      <symbol id="sm-3af">
         <name>DL_UART_init</name>
         <value>0x5861</value>
         <object_component_ref idref="oc-20f"/>
      </symbol>
      <symbol id="sm-3b0">
         <name>DL_UART_setClockConfig</name>
         <value>0x6a4b</value>
         <object_component_ref idref="oc-209"/>
      </symbol>
      <symbol id="sm-3c1">
         <name>DL_SYSCTL_configSYSPLL</name>
         <value>0x3bb1</value>
         <object_component_ref idref="oc-1e1"/>
      </symbol>
      <symbol id="sm-3c2">
         <name>DL_SYSCTL_switchMCLKfromSYSOSCtoHSCLK</name>
         <value>0x5981</value>
         <object_component_ref idref="oc-1eb"/>
      </symbol>
      <symbol id="sm-3c3">
         <name>DL_SYSCTL_configFCC</name>
         <value>0x641d</value>
         <object_component_ref idref="oc-271"/>
      </symbol>
      <symbol id="sm-3dd">
         <name>asin</name>
         <value>0xa91</value>
         <object_component_ref idref="oc-ae"/>
      </symbol>
      <symbol id="sm-3de">
         <name>asinl</name>
         <value>0xa91</value>
         <object_component_ref idref="oc-ae"/>
      </symbol>
      <symbol id="sm-3ec">
         <name>atan2</name>
         <value>0x2319</value>
         <object_component_ref idref="oc-bc"/>
      </symbol>
      <symbol id="sm-3ed">
         <name>atan2l</name>
         <value>0x2319</value>
         <object_component_ref idref="oc-bc"/>
      </symbol>
      <symbol id="sm-3f7">
         <name>sqrt</name>
         <value>0x2619</value>
         <object_component_ref idref="oc-137"/>
      </symbol>
      <symbol id="sm-3f8">
         <name>sqrtl</name>
         <value>0x2619</value>
         <object_component_ref idref="oc-137"/>
      </symbol>
      <symbol id="sm-40f">
         <name>atan</name>
         <value>0xdf5</value>
         <object_component_ref idref="oc-146"/>
      </symbol>
      <symbol id="sm-410">
         <name>atanl</name>
         <value>0xdf5</value>
         <object_component_ref idref="oc-146"/>
      </symbol>
      <symbol id="sm-421">
         <name>printf</name>
         <value>0x52a1</value>
         <object_component_ref idref="oc-ec"/>
      </symbol>
      <symbol id="sm-46a">
         <name>__TI_printfi</name>
         <value>0xc1</value>
         <object_component_ref idref="oc-246"/>
      </symbol>
      <symbol id="sm-47b">
         <name>sprintf</name>
         <value>0x5d75</value>
         <object_component_ref idref="oc-e6"/>
      </symbol>
      <symbol id="sm-486">
         <name>__aeabi_errno_addr</name>
         <value>0x6bd9</value>
         <object_component_ref idref="oc-128"/>
      </symbol>
      <symbol id="sm-487">
         <name>__aeabi_errno</name>
         <value>0x2020014c</value>
         <object_component_ref idref="oc-1ad"/>
      </symbol>
      <symbol id="sm-490">
         <name>_nop</name>
         <value>0x473b</value>
         <object_component_ref idref="oc-247"/>
      </symbol>
      <symbol id="sm-491">
         <name>_lock</name>
         <value>0x20200150</value>
         <object_component_ref idref="oc-18c"/>
      </symbol>
      <symbol id="sm-492">
         <name>_unlock</name>
         <value>0x20200154</value>
         <object_component_ref idref="oc-192"/>
      </symbol>
      <symbol id="sm-49b">
         <name>__TI_ltoa</name>
         <value>0x53ad</value>
         <object_component_ref idref="oc-2e5"/>
      </symbol>
      <symbol id="sm-4a6">
         <name>atoi</name>
         <value>0x5b91</value>
         <object_component_ref idref="oc-2a8"/>
      </symbol>
      <symbol id="sm-4ab">
         <name>_ftable</name>
         <value>0x20200000</value>
         <object_component_ref idref="oc-18e"/>
      </symbol>
      <symbol id="sm-4b4">
         <name>memccpy</name>
         <value>0x61ed</value>
         <object_component_ref idref="oc-2a1"/>
      </symbol>
      <symbol id="sm-4bd">
         <name>memcmp</name>
         <value>0x6251</value>
         <object_component_ref idref="oc-287"/>
      </symbol>
      <symbol id="sm-4c9">
         <name>_c_int00_noargs</name>
         <value>0x6131</value>
         <object_component_ref idref="oc-5a"/>
      </symbol>
      <symbol id="sm-4ca">
         <name>__stack</name>
         <value>0x20207e00</value>
         <object_component_ref idref="oc-1a"/>
      </symbol>
      <symbol id="sm-4d9">
         <name>__TI_auto_init_nobinit_nopinit</name>
         <value>0x5cc5</value>
         <object_component_ref idref="oc-102"/>
      </symbol>
      <symbol id="sm-4e1">
         <name>_system_pre_init</name>
         <value>0x6c39</value>
         <object_component_ref idref="oc-79"/>
      </symbol>
      <symbol id="sm-4ec">
         <name>__TI_zero_init_nomemset</name>
         <value>0x691d</value>
         <object_component_ref idref="oc-51"/>
      </symbol>
      <symbol id="sm-4f5">
         <name>__TI_decompress_none</name>
         <value>0x6a81</value>
         <object_component_ref idref="oc-20"/>
      </symbol>
      <symbol id="sm-500">
         <name>__TI_decompress_lzss</name>
         <value>0x4aed</value>
         <object_component_ref idref="oc-1c"/>
      </symbol>
      <symbol id="sm-50a">
         <name>frexp</name>
         <value>0x518d</value>
         <object_component_ref idref="oc-2d9"/>
      </symbol>
      <symbol id="sm-50b">
         <name>frexpl</name>
         <value>0x518d</value>
         <object_component_ref idref="oc-2d9"/>
      </symbol>
      <symbol id="sm-515">
         <name>scalbn</name>
         <value>0x3c8d</value>
         <object_component_ref idref="oc-2dd"/>
      </symbol>
      <symbol id="sm-516">
         <name>ldexp</name>
         <value>0x3c8d</value>
         <object_component_ref idref="oc-2dd"/>
      </symbol>
      <symbol id="sm-517">
         <name>scalbnl</name>
         <value>0x3c8d</value>
         <object_component_ref idref="oc-2dd"/>
      </symbol>
      <symbol id="sm-518">
         <name>ldexpl</name>
         <value>0x3c8d</value>
         <object_component_ref idref="oc-2dd"/>
      </symbol>
      <symbol id="sm-521">
         <name>wcslen</name>
         <value>0x6ae5</value>
         <object_component_ref idref="oc-2ac"/>
      </symbol>
      <symbol id="sm-523">
         <name>__aeabi_ctype_table_</name>
         <value>0x8050</value>
         <object_component_ref idref="oc-2cc"/>
      </symbol>
      <symbol id="sm-524">
         <name>__aeabi_ctype_table_C</name>
         <value>0x8050</value>
         <object_component_ref idref="oc-2cc"/>
      </symbol>
      <symbol id="sm-52e">
         <name>abort</name>
         <value>0x6c17</value>
         <object_component_ref idref="oc-fb"/>
      </symbol>
      <symbol id="sm-537">
         <name>HOSTexit</name>
         <value>0x6c1d</value>
         <object_component_ref idref="oc-196"/>
      </symbol>
      <symbol id="sm-538">
         <name>C$$EXIT</name>
         <value>0x6c1c</value>
         <object_component_ref idref="oc-196"/>
      </symbol>
      <symbol id="sm-548">
         <name>__aeabi_fadd</name>
         <value>0x3d6f</value>
         <object_component_ref idref="oc-a6"/>
      </symbol>
      <symbol id="sm-549">
         <name>__addsf3</name>
         <value>0x3d6f</value>
         <object_component_ref idref="oc-a6"/>
      </symbol>
      <symbol id="sm-54a">
         <name>__aeabi_fsub</name>
         <value>0x3d65</value>
         <object_component_ref idref="oc-a6"/>
      </symbol>
      <symbol id="sm-54b">
         <name>__subsf3</name>
         <value>0x3d65</value>
         <object_component_ref idref="oc-a6"/>
      </symbol>
      <symbol id="sm-551">
         <name>__aeabi_dadd</name>
         <value>0x218f</value>
         <object_component_ref idref="oc-12d"/>
      </symbol>
      <symbol id="sm-552">
         <name>__adddf3</name>
         <value>0x218f</value>
         <object_component_ref idref="oc-12d"/>
      </symbol>
      <symbol id="sm-553">
         <name>__aeabi_dsub</name>
         <value>0x2185</value>
         <object_component_ref idref="oc-12d"/>
      </symbol>
      <symbol id="sm-554">
         <name>__subdf3</name>
         <value>0x2185</value>
         <object_component_ref idref="oc-12d"/>
      </symbol>
      <symbol id="sm-560">
         <name>__aeabi_dmul</name>
         <value>0x39e9</value>
         <object_component_ref idref="oc-b4"/>
      </symbol>
      <symbol id="sm-561">
         <name>__muldf3</name>
         <value>0x39e9</value>
         <object_component_ref idref="oc-b4"/>
      </symbol>
      <symbol id="sm-56a">
         <name>__muldsi3</name>
         <value>0x5d01</value>
         <object_component_ref idref="oc-121"/>
      </symbol>
      <symbol id="sm-570">
         <name>__aeabi_fmul</name>
         <value>0x47cd</value>
         <object_component_ref idref="oc-a2"/>
      </symbol>
      <symbol id="sm-571">
         <name>__mulsf3</name>
         <value>0x47cd</value>
         <object_component_ref idref="oc-a2"/>
      </symbol>
      <symbol id="sm-577">
         <name>__aeabi_fdiv</name>
         <value>0x49ed</value>
         <object_component_ref idref="oc-9e"/>
      </symbol>
      <symbol id="sm-578">
         <name>__divsf3</name>
         <value>0x49ed</value>
         <object_component_ref idref="oc-9e"/>
      </symbol>
      <symbol id="sm-57e">
         <name>__aeabi_ddiv</name>
         <value>0x3315</value>
         <object_component_ref idref="oc-13e"/>
      </symbol>
      <symbol id="sm-57f">
         <name>__divdf3</name>
         <value>0x3315</value>
         <object_component_ref idref="oc-13e"/>
      </symbol>
      <symbol id="sm-588">
         <name>__aeabi_f2d</name>
         <value>0x5b51</value>
         <object_component_ref idref="oc-aa"/>
      </symbol>
      <symbol id="sm-589">
         <name>__extendsfdf2</name>
         <value>0x5b51</value>
         <object_component_ref idref="oc-aa"/>
      </symbol>
      <symbol id="sm-58f">
         <name>__aeabi_d2iz</name>
         <value>0x5815</value>
         <object_component_ref idref="oc-2e1"/>
      </symbol>
      <symbol id="sm-590">
         <name>__fixdfsi</name>
         <value>0x5815</value>
         <object_component_ref idref="oc-2e1"/>
      </symbol>
      <symbol id="sm-596">
         <name>__aeabi_f2iz</name>
         <value>0x5d3d</value>
         <object_component_ref idref="oc-28f"/>
      </symbol>
      <symbol id="sm-597">
         <name>__fixsfsi</name>
         <value>0x5d3d</value>
         <object_component_ref idref="oc-28f"/>
      </symbol>
      <symbol id="sm-59d">
         <name>__aeabi_i2d</name>
         <value>0x5fbd</value>
         <object_component_ref idref="oc-2e9"/>
      </symbol>
      <symbol id="sm-59e">
         <name>__floatsidf</name>
         <value>0x5fbd</value>
         <object_component_ref idref="oc-2e9"/>
      </symbol>
      <symbol id="sm-5a4">
         <name>__aeabi_i2f</name>
         <value>0x5c89</value>
         <object_component_ref idref="oc-9a"/>
      </symbol>
      <symbol id="sm-5a5">
         <name>__floatsisf</name>
         <value>0x5c89</value>
         <object_component_ref idref="oc-9a"/>
      </symbol>
      <symbol id="sm-5ab">
         <name>__aeabi_ui2d</name>
         <value>0x61a5</value>
         <object_component_ref idref="oc-275"/>
      </symbol>
      <symbol id="sm-5ac">
         <name>__floatunsidf</name>
         <value>0x61a5</value>
         <object_component_ref idref="oc-275"/>
      </symbol>
      <symbol id="sm-5b2">
         <name>__aeabi_ui2f</name>
         <value>0x6109</value>
         <object_component_ref idref="oc-28b"/>
      </symbol>
      <symbol id="sm-5b3">
         <name>__floatunsisf</name>
         <value>0x6109</value>
         <object_component_ref idref="oc-28b"/>
      </symbol>
      <symbol id="sm-5b9">
         <name>__aeabi_lmul</name>
         <value>0x61c9</value>
         <object_component_ref idref="oc-2b0"/>
      </symbol>
      <symbol id="sm-5ba">
         <name>__muldi3</name>
         <value>0x61c9</value>
         <object_component_ref idref="oc-2b0"/>
      </symbol>
      <symbol id="sm-5c1">
         <name>__aeabi_d2f</name>
         <value>0x4be1</value>
         <object_component_ref idref="oc-b8"/>
      </symbol>
      <symbol id="sm-5c2">
         <name>__truncdfsf2</name>
         <value>0x4be1</value>
         <object_component_ref idref="oc-b8"/>
      </symbol>
      <symbol id="sm-5c8">
         <name>__aeabi_dcmpeq</name>
         <value>0x4f49</value>
         <object_component_ref idref="oc-131"/>
      </symbol>
      <symbol id="sm-5c9">
         <name>__aeabi_dcmplt</name>
         <value>0x4f5d</value>
         <object_component_ref idref="oc-131"/>
      </symbol>
      <symbol id="sm-5ca">
         <name>__aeabi_dcmple</name>
         <value>0x4f71</value>
         <object_component_ref idref="oc-131"/>
      </symbol>
      <symbol id="sm-5cb">
         <name>__aeabi_dcmpge</name>
         <value>0x4f85</value>
         <object_component_ref idref="oc-131"/>
      </symbol>
      <symbol id="sm-5cc">
         <name>__aeabi_dcmpgt</name>
         <value>0x4f99</value>
         <object_component_ref idref="oc-131"/>
      </symbol>
      <symbol id="sm-5d2">
         <name>__aeabi_idiv</name>
         <value>0x545d</value>
         <object_component_ref idref="oc-293"/>
      </symbol>
      <symbol id="sm-5d3">
         <name>__aeabi_idivmod</name>
         <value>0x545d</value>
         <object_component_ref idref="oc-293"/>
      </symbol>
      <symbol id="sm-5d9">
         <name>__aeabi_memcpy</name>
         <value>0x6be1</value>
         <object_component_ref idref="oc-4a"/>
      </symbol>
      <symbol id="sm-5da">
         <name>__aeabi_memcpy4</name>
         <value>0x6be1</value>
         <object_component_ref idref="oc-4a"/>
      </symbol>
      <symbol id="sm-5db">
         <name>__aeabi_memcpy8</name>
         <value>0x6be1</value>
         <object_component_ref idref="oc-4a"/>
      </symbol>
      <symbol id="sm-5e2">
         <name>__aeabi_memset</name>
         <value>0x6af5</value>
         <object_component_ref idref="oc-2a0"/>
      </symbol>
      <symbol id="sm-5e3">
         <name>__aeabi_memset4</name>
         <value>0x6af5</value>
         <object_component_ref idref="oc-2a0"/>
      </symbol>
      <symbol id="sm-5e4">
         <name>__aeabi_memset8</name>
         <value>0x6af5</value>
         <object_component_ref idref="oc-2a0"/>
      </symbol>
      <symbol id="sm-5ea">
         <name>__aeabi_uidiv</name>
         <value>0x5b11</value>
         <object_component_ref idref="oc-1a4"/>
      </symbol>
      <symbol id="sm-5eb">
         <name>__aeabi_uidivmod</name>
         <value>0x5b11</value>
         <object_component_ref idref="oc-1a4"/>
      </symbol>
      <symbol id="sm-5f1">
         <name>__aeabi_uldivmod</name>
         <value>0x69e9</value>
         <object_component_ref idref="oc-2b5"/>
      </symbol>
      <symbol id="sm-5f7">
         <name>__udivmoddi4</name>
         <value>0x4435</value>
         <object_component_ref idref="oc-2d4"/>
      </symbol>
      <symbol id="sm-5fd">
         <name>__aeabi_llsl</name>
         <value>0x6291</value>
         <object_component_ref idref="oc-2f7"/>
      </symbol>
      <symbol id="sm-5fe">
         <name>__ashldi3</name>
         <value>0x6291</value>
         <object_component_ref idref="oc-2f7"/>
      </symbol>
      <symbol id="sm-60c">
         <name>__ledf2</name>
         <value>0x4e15</value>
         <object_component_ref idref="oc-1b2"/>
      </symbol>
      <symbol id="sm-60d">
         <name>__gedf2</name>
         <value>0x4b69</value>
         <object_component_ref idref="oc-1b8"/>
      </symbol>
      <symbol id="sm-60e">
         <name>__cmpdf2</name>
         <value>0x4e15</value>
         <object_component_ref idref="oc-1b2"/>
      </symbol>
      <symbol id="sm-60f">
         <name>__eqdf2</name>
         <value>0x4e15</value>
         <object_component_ref idref="oc-1b2"/>
      </symbol>
      <symbol id="sm-610">
         <name>__ltdf2</name>
         <value>0x4e15</value>
         <object_component_ref idref="oc-1b2"/>
      </symbol>
      <symbol id="sm-611">
         <name>__nedf2</name>
         <value>0x4e15</value>
         <object_component_ref idref="oc-1b2"/>
      </symbol>
      <symbol id="sm-612">
         <name>__gtdf2</name>
         <value>0x4b69</value>
         <object_component_ref idref="oc-1b8"/>
      </symbol>
      <symbol id="sm-61f">
         <name>__aeabi_idiv0</name>
         <value>0x2317</value>
         <object_component_ref idref="oc-25f"/>
      </symbol>
      <symbol id="sm-620">
         <name>__aeabi_ldiv0</name>
         <value>0x44d7</value>
         <object_component_ref idref="oc-2f6"/>
      </symbol>
      <symbol id="sm-629">
         <name>TI_memcpy_small</name>
         <value>0x6a6f</value>
         <object_component_ref idref="oc-cc"/>
      </symbol>
      <symbol id="sm-632">
         <name>TI_memset_small</name>
         <value>0x6b1f</value>
         <object_component_ref idref="oc-150"/>
      </symbol>
      <symbol id="sm-633">
         <name>__TI_static_base__</name>
         <value>0x0</value>
      </symbol>
      <symbol id="sm-637">
         <name>__mpu_init</name>
         <value>0x0</value>
      </symbol>
      <symbol id="sm-638">
         <name>_system_post_cinit</name>
         <value>0x0</value>
      </symbol>
   </symbol_table>
   <title>Link successful</title>
</link_info>
