<?xml version="1.0" encoding="ISO-8859-1" ?>
<link_info>
   <banner>TI ARM Clang Linker PC v4.0.4.LTS</banner>
   <copyright>Copyright (c) 1996-2018 Texas Instruments Incorporated</copyright>
   <command_line>D:\TI_m0\ccs\tools\compiler\ti-cgt-armllvm_4.0.4.LTS\bin\tiarmlnk -ID:\TI_m0\ccs\tools\compiler\ti-cgt-armllvm_4.0.4.LTS\lib -o xunji_demo.out -mxunji_demo.map -iC:/TI/mspm0_sdk_2_10_00_04/source -iD:/STM32hal/TI_project/24_H -iD:/STM32hal/TI_project/24_H/Debug/syscfg -iD:/TI_m0/ccs/tools/compiler/ti-cgt-armllvm_4.0.4.LTS/lib --diag_wrap=off --display_error_number --warn_sections --xml_link_info=xunji_demo_linkInfo.xml --rom_model ./main.o ./ti_msp_dl_config.o ./startup_mspm0g350x_ticlang.o ./Drivers/MPU6050/inv_mpu.o ./Drivers/MPU6050/inv_mpu_dmp_motion_driver.o ./Drivers/MPU6050/mpu6050.o ./Drivers/MPU6050/mspm0_i2c.o ./Drivers/MSPM0/clock.o ./Drivers/MSPM0/control.o ./Drivers/MSPM0/encoder.o ./Drivers/MSPM0/gyro.o ./Drivers/MSPM0/interrupt.o ./Drivers/MSPM0/key.o ./Drivers/MSPM0/lpf.o ./Drivers/MSPM0/motor.o ./Drivers/MSPM0/pid.o ./Drivers/MSPM0/sensor.o ./Drivers/MSPM0/sys.o ./Drivers/OLED_Hardware_I2C/oled_hardware_i2c.o -l./device_linker.cmd -ldevice.cmd.genlibs -llibc.a -lC:/TI/mspm0_sdk_2_10_00_04/source/ti/driverlib/lib/ticlang/m0p/mspm0g1x0x_g3x0x/driverlib.a --start-group -llibc++.a -llibc++abi.a -llibc.a -llibsys.a -llibsysbm.a -llibclang_rt.builtins.a -llibclang_rt.profile.a --end-group</command_line>
   <link_time>0x6a485937</link_time>
   <link_errors>0x0</link_errors>
   <output_file>D:\STM32hal\TI_project\24_H\Debug\xunji_demo.out</output_file>
   <entry_point>
      <name>_c_int00_noargs</name>
      <address>0x7789</address>
   </entry_point>
   <input_file_list>
      <input_file id="fl-1">
         <path>D:\STM32hal\TI_project\24_H\Debug\.\</path>
         <kind>object</kind>
         <file>main.o</file>
         <name>main.o</name>
      </input_file>
      <input_file id="fl-2">
         <path>D:\STM32hal\TI_project\24_H\Debug\.\</path>
         <kind>object</kind>
         <file>ti_msp_dl_config.o</file>
         <name>ti_msp_dl_config.o</name>
      </input_file>
      <input_file id="fl-3">
         <path>D:\STM32hal\TI_project\24_H\Debug\.\</path>
         <kind>object</kind>
         <file>startup_mspm0g350x_ticlang.o</file>
         <name>startup_mspm0g350x_ticlang.o</name>
      </input_file>
      <input_file id="fl-4">
         <path>D:\STM32hal\TI_project\24_H\Debug\.\Drivers\MPU6050\</path>
         <kind>object</kind>
         <file>inv_mpu.o</file>
         <name>inv_mpu.o</name>
      </input_file>
      <input_file id="fl-5">
         <path>D:\STM32hal\TI_project\24_H\Debug\.\Drivers\MPU6050\</path>
         <kind>object</kind>
         <file>inv_mpu_dmp_motion_driver.o</file>
         <name>inv_mpu_dmp_motion_driver.o</name>
      </input_file>
      <input_file id="fl-6">
         <path>D:\STM32hal\TI_project\24_H\Debug\.\Drivers\MPU6050\</path>
         <kind>object</kind>
         <file>mpu6050.o</file>
         <name>mpu6050.o</name>
      </input_file>
      <input_file id="fl-7">
         <path>D:\STM32hal\TI_project\24_H\Debug\.\Drivers\MPU6050\</path>
         <kind>object</kind>
         <file>mspm0_i2c.o</file>
         <name>mspm0_i2c.o</name>
      </input_file>
      <input_file id="fl-8">
         <path>D:\STM32hal\TI_project\24_H\Debug\.\Drivers\MSPM0\</path>
         <kind>object</kind>
         <file>clock.o</file>
         <name>clock.o</name>
      </input_file>
      <input_file id="fl-9">
         <path>D:\STM32hal\TI_project\24_H\Debug\.\Drivers\MSPM0\</path>
         <kind>object</kind>
         <file>control.o</file>
         <name>control.o</name>
      </input_file>
      <input_file id="fl-a">
         <path>D:\STM32hal\TI_project\24_H\Debug\.\Drivers\MSPM0\</path>
         <kind>object</kind>
         <file>encoder.o</file>
         <name>encoder.o</name>
      </input_file>
      <input_file id="fl-b">
         <path>D:\STM32hal\TI_project\24_H\Debug\.\Drivers\MSPM0\</path>
         <kind>object</kind>
         <file>gyro.o</file>
         <name>gyro.o</name>
      </input_file>
      <input_file id="fl-c">
         <path>D:\STM32hal\TI_project\24_H\Debug\.\Drivers\MSPM0\</path>
         <kind>object</kind>
         <file>interrupt.o</file>
         <name>interrupt.o</name>
      </input_file>
      <input_file id="fl-d">
         <path>D:\STM32hal\TI_project\24_H\Debug\.\Drivers\MSPM0\</path>
         <kind>object</kind>
         <file>key.o</file>
         <name>key.o</name>
      </input_file>
      <input_file id="fl-e">
         <path>D:\STM32hal\TI_project\24_H\Debug\.\Drivers\MSPM0\</path>
         <kind>object</kind>
         <file>lpf.o</file>
         <name>lpf.o</name>
      </input_file>
      <input_file id="fl-f">
         <path>D:\STM32hal\TI_project\24_H\Debug\.\Drivers\MSPM0\</path>
         <kind>object</kind>
         <file>motor.o</file>
         <name>motor.o</name>
      </input_file>
      <input_file id="fl-10">
         <path>D:\STM32hal\TI_project\24_H\Debug\.\Drivers\MSPM0\</path>
         <kind>object</kind>
         <file>pid.o</file>
         <name>pid.o</name>
      </input_file>
      <input_file id="fl-11">
         <path>D:\STM32hal\TI_project\24_H\Debug\.\Drivers\MSPM0\</path>
         <kind>object</kind>
         <file>sensor.o</file>
         <name>sensor.o</name>
      </input_file>
      <input_file id="fl-12">
         <path>D:\STM32hal\TI_project\24_H\Debug\.\Drivers\MSPM0\</path>
         <kind>object</kind>
         <file>sys.o</file>
         <name>sys.o</name>
      </input_file>
      <input_file id="fl-13">
         <path>D:\STM32hal\TI_project\24_H\Debug\.\Drivers\OLED_Hardware_I2C\</path>
         <kind>object</kind>
         <file>oled_hardware_i2c.o</file>
         <name>oled_hardware_i2c.o</name>
      </input_file>
      <input_file id="fl-21">
         <path>D:\STM32hal\TI_project\24_H\Debug\</path>
         <kind>object</kind>
         <file>&lt;internal&gt;</file>
         <name>&lt;internal&gt;</name>
      </input_file>
      <input_file id="fl-22">
         <path>C:\TI\mspm0_sdk_2_10_00_04\source\ti\driverlib\lib\ticlang\m0p\mspm0g1x0x_g3x0x\</path>
         <kind>archive</kind>
         <file>driverlib.a</file>
         <name>dl_common.o</name>
      </input_file>
      <input_file id="fl-23">
         <path>C:\TI\mspm0_sdk_2_10_00_04\source\ti\driverlib\lib\ticlang\m0p\mspm0g1x0x_g3x0x\</path>
         <kind>archive</kind>
         <file>driverlib.a</file>
         <name>dl_i2c.o</name>
      </input_file>
      <input_file id="fl-24">
         <path>C:\TI\mspm0_sdk_2_10_00_04\source\ti\driverlib\lib\ticlang\m0p\mspm0g1x0x_g3x0x\</path>
         <kind>archive</kind>
         <file>driverlib.a</file>
         <name>dl_timer.o</name>
      </input_file>
      <input_file id="fl-25">
         <path>C:\TI\mspm0_sdk_2_10_00_04\source\ti\driverlib\lib\ticlang\m0p\mspm0g1x0x_g3x0x\</path>
         <kind>archive</kind>
         <file>driverlib.a</file>
         <name>dl_uart.o</name>
      </input_file>
      <input_file id="fl-26">
         <path>C:\TI\mspm0_sdk_2_10_00_04\source\ti\driverlib\lib\ticlang\m0p\mspm0g1x0x_g3x0x\</path>
         <kind>archive</kind>
         <file>driverlib.a</file>
         <name>dl_sysctl_mspm0g1x0x_g3x0x.o</name>
      </input_file>
      <input_file id="fl-3d">
         <path>D:\TI_m0\ccs\tools\compiler\ti-cgt-armllvm_4.0.4.LTS\lib\armv6m-ti-none-eabi\c\</path>
         <kind>archive</kind>
         <file>libc.a</file>
         <name>e_asin.c.obj</name>
      </input_file>
      <input_file id="fl-3e">
         <path>D:\TI_m0\ccs\tools\compiler\ti-cgt-armllvm_4.0.4.LTS\lib\armv6m-ti-none-eabi\c\</path>
         <kind>archive</kind>
         <file>libc.a</file>
         <name>e_atan2.c.obj</name>
      </input_file>
      <input_file id="fl-3f">
         <path>D:\TI_m0\ccs\tools\compiler\ti-cgt-armllvm_4.0.4.LTS\lib\armv6m-ti-none-eabi\c\</path>
         <kind>archive</kind>
         <file>libc.a</file>
         <name>e_sqrt.c.obj</name>
      </input_file>
      <input_file id="fl-40">
         <path>D:\TI_m0\ccs\tools\compiler\ti-cgt-armllvm_4.0.4.LTS\lib\armv6m-ti-none-eabi\c\</path>
         <kind>archive</kind>
         <file>libc.a</file>
         <name>s_atan.c.obj</name>
      </input_file>
      <input_file id="fl-41">
         <path>D:\TI_m0\ccs\tools\compiler\ti-cgt-armllvm_4.0.4.LTS\lib\armv6m-ti-none-eabi\c\</path>
         <kind>archive</kind>
         <file>libc.a</file>
         <name>printf.c.obj</name>
      </input_file>
      <input_file id="fl-42">
         <path>D:\TI_m0\ccs\tools\compiler\ti-cgt-armllvm_4.0.4.LTS\lib\armv6m-ti-none-eabi\c\</path>
         <kind>archive</kind>
         <file>libc.a</file>
         <name>_printfi.c.obj</name>
      </input_file>
      <input_file id="fl-43">
         <path>D:\TI_m0\ccs\tools\compiler\ti-cgt-armllvm_4.0.4.LTS\lib\armv6m-ti-none-eabi\c\</path>
         <kind>archive</kind>
         <file>libc.a</file>
         <name>sprintf.c.obj</name>
      </input_file>
      <input_file id="fl-44">
         <path>D:\TI_m0\ccs\tools\compiler\ti-cgt-armllvm_4.0.4.LTS\lib\armv6m-ti-none-eabi\c\</path>
         <kind>archive</kind>
         <file>libc.a</file>
         <name>aeabi_portable.c.obj</name>
      </input_file>
      <input_file id="fl-45">
         <path>D:\TI_m0\ccs\tools\compiler\ti-cgt-armllvm_4.0.4.LTS\lib\armv6m-ti-none-eabi\c\</path>
         <kind>archive</kind>
         <file>libc.a</file>
         <name>_lock.c.obj</name>
      </input_file>
      <input_file id="fl-46">
         <path>D:\TI_m0\ccs\tools\compiler\ti-cgt-armllvm_4.0.4.LTS\lib\armv6m-ti-none-eabi\c\</path>
         <kind>archive</kind>
         <file>libc.a</file>
         <name>_ltoa.c.obj</name>
      </input_file>
      <input_file id="fl-47">
         <path>D:\TI_m0\ccs\tools\compiler\ti-cgt-armllvm_4.0.4.LTS\lib\armv6m-ti-none-eabi\c\</path>
         <kind>archive</kind>
         <file>libc.a</file>
         <name>assert.c.obj</name>
      </input_file>
      <input_file id="fl-48">
         <path>D:\TI_m0\ccs\tools\compiler\ti-cgt-armllvm_4.0.4.LTS\lib\armv6m-ti-none-eabi\c\</path>
         <kind>archive</kind>
         <file>libc.a</file>
         <name>atoi.c.obj</name>
      </input_file>
      <input_file id="fl-49">
         <path>D:\TI_m0\ccs\tools\compiler\ti-cgt-armllvm_4.0.4.LTS\lib\armv6m-ti-none-eabi\c\</path>
         <kind>archive</kind>
         <file>libc.a</file>
         <name>defs.c.obj</name>
      </input_file>
      <input_file id="fl-4a">
         <path>D:\TI_m0\ccs\tools\compiler\ti-cgt-armllvm_4.0.4.LTS\lib\armv6m-ti-none-eabi\c\</path>
         <kind>archive</kind>
         <file>libc.a</file>
         <name>memccpy.c.obj</name>
      </input_file>
      <input_file id="fl-4b">
         <path>D:\TI_m0\ccs\tools\compiler\ti-cgt-armllvm_4.0.4.LTS\lib\armv6m-ti-none-eabi\c\</path>
         <kind>archive</kind>
         <file>libc.a</file>
         <name>memcmp.c.obj</name>
      </input_file>
      <input_file id="fl-4c">
         <path>D:\TI_m0\ccs\tools\compiler\ti-cgt-armllvm_4.0.4.LTS\lib\armv6m-ti-none-eabi\c\</path>
         <kind>archive</kind>
         <file>libc.a</file>
         <name>memory.c.obj</name>
      </input_file>
      <input_file id="fl-4d">
         <path>D:\TI_m0\ccs\tools\compiler\ti-cgt-armllvm_4.0.4.LTS\lib\armv6m-ti-none-eabi\c\</path>
         <kind>archive</kind>
         <file>libc.a</file>
         <name>boot_cortex_m.c.obj</name>
      </input_file>
      <input_file id="fl-4e">
         <path>D:\TI_m0\ccs\tools\compiler\ti-cgt-armllvm_4.0.4.LTS\lib\armv6m-ti-none-eabi\c\</path>
         <kind>archive</kind>
         <file>libc.a</file>
         <name>mathacl_init.c.obj</name>
      </input_file>
      <input_file id="fl-4f">
         <path>D:\TI_m0\ccs\tools\compiler\ti-cgt-armllvm_4.0.4.LTS\lib\armv6m-ti-none-eabi\c\</path>
         <kind>archive</kind>
         <file>libc.a</file>
         <name>autoinit.c.obj</name>
      </input_file>
      <input_file id="fl-50">
         <path>D:\TI_m0\ccs\tools\compiler\ti-cgt-armllvm_4.0.4.LTS\lib\armv6m-ti-none-eabi\c\</path>
         <kind>archive</kind>
         <file>libc.a</file>
         <name>pre_init.c.obj</name>
      </input_file>
      <input_file id="fl-51">
         <path>D:\TI_m0\ccs\tools\compiler\ti-cgt-armllvm_4.0.4.LTS\lib\armv6m-ti-none-eabi\c\</path>
         <kind>archive</kind>
         <file>libc.a</file>
         <name>cpy_tbl.c.obj</name>
      </input_file>
      <input_file id="fl-52">
         <path>D:\TI_m0\ccs\tools\compiler\ti-cgt-armllvm_4.0.4.LTS\lib\armv6m-ti-none-eabi\c\</path>
         <kind>archive</kind>
         <file>libc.a</file>
         <name>copy_zero_init.c.obj</name>
      </input_file>
      <input_file id="fl-53">
         <path>D:\TI_m0\ccs\tools\compiler\ti-cgt-armllvm_4.0.4.LTS\lib\armv6m-ti-none-eabi\c\</path>
         <kind>archive</kind>
         <file>libc.a</file>
         <name>copy_decompress_none.c.obj</name>
      </input_file>
      <input_file id="fl-54">
         <path>D:\TI_m0\ccs\tools\compiler\ti-cgt-armllvm_4.0.4.LTS\lib\armv6m-ti-none-eabi\c\</path>
         <kind>archive</kind>
         <file>libc.a</file>
         <name>copy_decompress_lzss.c.obj</name>
      </input_file>
      <input_file id="fl-55">
         <path>D:\TI_m0\ccs\tools\compiler\ti-cgt-armllvm_4.0.4.LTS\lib\armv6m-ti-none-eabi\c\</path>
         <kind>archive</kind>
         <file>libc.a</file>
         <name>s_frexp.c.obj</name>
      </input_file>
      <input_file id="fl-56">
         <path>D:\TI_m0\ccs\tools\compiler\ti-cgt-armllvm_4.0.4.LTS\lib\armv6m-ti-none-eabi\c\</path>
         <kind>archive</kind>
         <file>libc.a</file>
         <name>s_scalbn.c.obj</name>
      </input_file>
      <input_file id="fl-57">
         <path>D:\TI_m0\ccs\tools\compiler\ti-cgt-armllvm_4.0.4.LTS\lib\armv6m-ti-none-eabi\c\</path>
         <kind>archive</kind>
         <file>libc.a</file>
         <name>wcslen.c.obj</name>
      </input_file>
      <input_file id="fl-58">
         <path>D:\TI_m0\ccs\tools\compiler\ti-cgt-armllvm_4.0.4.LTS\lib\armv6m-ti-none-eabi\c\</path>
         <kind>archive</kind>
         <file>libc.a</file>
         <name>fflush.c.obj</name>
      </input_file>
      <input_file id="fl-59">
         <path>D:\TI_m0\ccs\tools\compiler\ti-cgt-armllvm_4.0.4.LTS\lib\armv6m-ti-none-eabi\c\</path>
         <kind>archive</kind>
         <file>libc.a</file>
         <name>aeabi_ctype.S.obj</name>
      </input_file>
      <input_file id="fl-5a">
         <path>D:\TI_m0\ccs\tools\compiler\ti-cgt-armllvm_4.0.4.LTS\lib\armv6m-ti-none-eabi\c\</path>
         <kind>archive</kind>
         <file>libc.a</file>
         <name>exit.c.obj</name>
      </input_file>
      <input_file id="fl-5b">
         <path>D:\TI_m0\ccs\tools\compiler\ti-cgt-armllvm_4.0.4.LTS\lib\armv6m-ti-none-eabi\c\</path>
         <kind>archive</kind>
         <file>libc.a</file>
         <name>args_main.c.obj</name>
      </input_file>
      <input_file id="fl-fb">
         <path>D:\TI_m0\ccs\tools\compiler\ti-cgt-armllvm_4.0.4.LTS\lib\armv6m-ti-none-eabi\c\</path>
         <kind>archive</kind>
         <file>libsysbm.a</file>
         <name>hostexit.c.obj</name>
      </input_file>
      <input_file id="fl-fc">
         <path>D:\TI_m0\ccs\tools\compiler\ti-cgt-armllvm_4.0.4.LTS\lib\armv6m-ti-none-eabi\c\</path>
         <kind>archive</kind>
         <file>libsysbm.a</file>
         <name>write.c.obj</name>
      </input_file>
      <input_file id="fl-fd">
         <path>D:\TI_m0\ccs\tools\compiler\ti-cgt-armllvm_4.0.4.LTS\lib\armv6m-ti-none-eabi\c\</path>
         <kind>archive</kind>
         <file>libsysbm.a</file>
         <name>host_device.c.obj</name>
      </input_file>
      <input_file id="fl-fe">
         <path>D:\TI_m0\ccs\tools\compiler\ti-cgt-armllvm_4.0.4.LTS\lib\armv6m-ti-none-eabi\c\</path>
         <kind>archive</kind>
         <file>libsysbm.a</file>
         <name>hostclose.c.obj</name>
      </input_file>
      <input_file id="fl-ff">
         <path>D:\TI_m0\ccs\tools\compiler\ti-cgt-armllvm_4.0.4.LTS\lib\armv6m-ti-none-eabi\c\</path>
         <kind>archive</kind>
         <file>libsysbm.a</file>
         <name>hostlseek.c.obj</name>
      </input_file>
      <input_file id="fl-100">
         <path>D:\TI_m0\ccs\tools\compiler\ti-cgt-armllvm_4.0.4.LTS\lib\armv6m-ti-none-eabi\c\</path>
         <kind>archive</kind>
         <file>libsysbm.a</file>
         <name>hostopen.c.obj</name>
      </input_file>
      <input_file id="fl-101">
         <path>D:\TI_m0\ccs\tools\compiler\ti-cgt-armllvm_4.0.4.LTS\lib\armv6m-ti-none-eabi\c\</path>
         <kind>archive</kind>
         <file>libsysbm.a</file>
         <name>hostread.c.obj</name>
      </input_file>
      <input_file id="fl-102">
         <path>D:\TI_m0\ccs\tools\compiler\ti-cgt-armllvm_4.0.4.LTS\lib\armv6m-ti-none-eabi\c\</path>
         <kind>archive</kind>
         <file>libsysbm.a</file>
         <name>hostrename.c.obj</name>
      </input_file>
      <input_file id="fl-103">
         <path>D:\TI_m0\ccs\tools\compiler\ti-cgt-armllvm_4.0.4.LTS\lib\armv6m-ti-none-eabi\c\</path>
         <kind>archive</kind>
         <file>libsysbm.a</file>
         <name>hostunlink.c.obj</name>
      </input_file>
      <input_file id="fl-104">
         <path>D:\TI_m0\ccs\tools\compiler\ti-cgt-armllvm_4.0.4.LTS\lib\armv6m-ti-none-eabi\c\</path>
         <kind>archive</kind>
         <file>libsysbm.a</file>
         <name>hostwrite.c.obj</name>
      </input_file>
      <input_file id="fl-105">
         <path>D:\TI_m0\ccs\tools\compiler\ti-cgt-armllvm_4.0.4.LTS\lib\armv6m-ti-none-eabi\c\</path>
         <kind>archive</kind>
         <file>libsysbm.a</file>
         <name>trgmsg.c.obj</name>
      </input_file>
      <input_file id="fl-106">
         <path>D:\TI_m0\ccs\tools\compiler\ti-cgt-armllvm_4.0.4.LTS\lib\armv6m-ti-none-eabi\</path>
         <kind>archive</kind>
         <file>libclang_rt.builtins.a</file>
         <name>addsf3.S.obj</name>
      </input_file>
      <input_file id="fl-107">
         <path>D:\TI_m0\ccs\tools\compiler\ti-cgt-armllvm_4.0.4.LTS\lib\armv6m-ti-none-eabi\</path>
         <kind>archive</kind>
         <file>libclang_rt.builtins.a</file>
         <name>adddf3.S.obj</name>
      </input_file>
      <input_file id="fl-108">
         <path>D:\TI_m0\ccs\tools\compiler\ti-cgt-armllvm_4.0.4.LTS\lib\armv6m-ti-none-eabi\</path>
         <kind>archive</kind>
         <file>libclang_rt.builtins.a</file>
         <name>muldf3.S.obj</name>
      </input_file>
      <input_file id="fl-109">
         <path>D:\TI_m0\ccs\tools\compiler\ti-cgt-armllvm_4.0.4.LTS\lib\armv6m-ti-none-eabi\</path>
         <kind>archive</kind>
         <file>libclang_rt.builtins.a</file>
         <name>muldsi3.S.obj</name>
      </input_file>
      <input_file id="fl-10a">
         <path>D:\TI_m0\ccs\tools\compiler\ti-cgt-armllvm_4.0.4.LTS\lib\armv6m-ti-none-eabi\</path>
         <kind>archive</kind>
         <file>libclang_rt.builtins.a</file>
         <name>mulsf3.S.obj</name>
      </input_file>
      <input_file id="fl-10b">
         <path>D:\TI_m0\ccs\tools\compiler\ti-cgt-armllvm_4.0.4.LTS\lib\armv6m-ti-none-eabi\</path>
         <kind>archive</kind>
         <file>libclang_rt.builtins.a</file>
         <name>divsf3.S.obj</name>
      </input_file>
      <input_file id="fl-10c">
         <path>D:\TI_m0\ccs\tools\compiler\ti-cgt-armllvm_4.0.4.LTS\lib\armv6m-ti-none-eabi\</path>
         <kind>archive</kind>
         <file>libclang_rt.builtins.a</file>
         <name>divdf3.S.obj</name>
      </input_file>
      <input_file id="fl-10d">
         <path>D:\TI_m0\ccs\tools\compiler\ti-cgt-armllvm_4.0.4.LTS\lib\armv6m-ti-none-eabi\</path>
         <kind>archive</kind>
         <file>libclang_rt.builtins.a</file>
         <name>extendsfdf2.S.obj</name>
      </input_file>
      <input_file id="fl-10e">
         <path>D:\TI_m0\ccs\tools\compiler\ti-cgt-armllvm_4.0.4.LTS\lib\armv6m-ti-none-eabi\</path>
         <kind>archive</kind>
         <file>libclang_rt.builtins.a</file>
         <name>fixdfsi.S.obj</name>
      </input_file>
      <input_file id="fl-10f">
         <path>D:\TI_m0\ccs\tools\compiler\ti-cgt-armllvm_4.0.4.LTS\lib\armv6m-ti-none-eabi\</path>
         <kind>archive</kind>
         <file>libclang_rt.builtins.a</file>
         <name>fixsfsi.S.obj</name>
      </input_file>
      <input_file id="fl-110">
         <path>D:\TI_m0\ccs\tools\compiler\ti-cgt-armllvm_4.0.4.LTS\lib\armv6m-ti-none-eabi\</path>
         <kind>archive</kind>
         <file>libclang_rt.builtins.a</file>
         <name>floatsidf.S.obj</name>
      </input_file>
      <input_file id="fl-111">
         <path>D:\TI_m0\ccs\tools\compiler\ti-cgt-armllvm_4.0.4.LTS\lib\armv6m-ti-none-eabi\</path>
         <kind>archive</kind>
         <file>libclang_rt.builtins.a</file>
         <name>floatsisf.S.obj</name>
      </input_file>
      <input_file id="fl-112">
         <path>D:\TI_m0\ccs\tools\compiler\ti-cgt-armllvm_4.0.4.LTS\lib\armv6m-ti-none-eabi\</path>
         <kind>archive</kind>
         <file>libclang_rt.builtins.a</file>
         <name>floatundidf.S.obj</name>
      </input_file>
      <input_file id="fl-113">
         <path>D:\TI_m0\ccs\tools\compiler\ti-cgt-armllvm_4.0.4.LTS\lib\armv6m-ti-none-eabi\</path>
         <kind>archive</kind>
         <file>libclang_rt.builtins.a</file>
         <name>floatundisf.S.obj</name>
      </input_file>
      <input_file id="fl-114">
         <path>D:\TI_m0\ccs\tools\compiler\ti-cgt-armllvm_4.0.4.LTS\lib\armv6m-ti-none-eabi\</path>
         <kind>archive</kind>
         <file>libclang_rt.builtins.a</file>
         <name>floatunsidf.S.obj</name>
      </input_file>
      <input_file id="fl-115">
         <path>D:\TI_m0\ccs\tools\compiler\ti-cgt-armllvm_4.0.4.LTS\lib\armv6m-ti-none-eabi\</path>
         <kind>archive</kind>
         <file>libclang_rt.builtins.a</file>
         <name>floatunsisf.S.obj</name>
      </input_file>
      <input_file id="fl-116">
         <path>D:\TI_m0\ccs\tools\compiler\ti-cgt-armllvm_4.0.4.LTS\lib\armv6m-ti-none-eabi\</path>
         <kind>archive</kind>
         <file>libclang_rt.builtins.a</file>
         <name>muldi3.S.obj</name>
      </input_file>
      <input_file id="fl-117">
         <path>D:\TI_m0\ccs\tools\compiler\ti-cgt-armllvm_4.0.4.LTS\lib\armv6m-ti-none-eabi\</path>
         <kind>archive</kind>
         <file>libclang_rt.builtins.a</file>
         <name>truncdfsf2.S.obj</name>
      </input_file>
      <input_file id="fl-118">
         <path>D:\TI_m0\ccs\tools\compiler\ti-cgt-armllvm_4.0.4.LTS\lib\armv6m-ti-none-eabi\</path>
         <kind>archive</kind>
         <file>libclang_rt.builtins.a</file>
         <name>aeabi_dcmp.S.obj</name>
      </input_file>
      <input_file id="fl-119">
         <path>D:\TI_m0\ccs\tools\compiler\ti-cgt-armllvm_4.0.4.LTS\lib\armv6m-ti-none-eabi\</path>
         <kind>archive</kind>
         <file>libclang_rt.builtins.a</file>
         <name>aeabi_fcmp.S.obj</name>
      </input_file>
      <input_file id="fl-11a">
         <path>D:\TI_m0\ccs\tools\compiler\ti-cgt-armllvm_4.0.4.LTS\lib\armv6m-ti-none-eabi\</path>
         <kind>archive</kind>
         <file>libclang_rt.builtins.a</file>
         <name>aeabi_idivmod.S.obj</name>
      </input_file>
      <input_file id="fl-11b">
         <path>D:\TI_m0\ccs\tools\compiler\ti-cgt-armllvm_4.0.4.LTS\lib\armv6m-ti-none-eabi\</path>
         <kind>archive</kind>
         <file>libclang_rt.builtins.a</file>
         <name>aeabi_ldivmod.S.obj</name>
      </input_file>
      <input_file id="fl-11c">
         <path>D:\TI_m0\ccs\tools\compiler\ti-cgt-armllvm_4.0.4.LTS\lib\armv6m-ti-none-eabi\</path>
         <kind>archive</kind>
         <file>libclang_rt.builtins.a</file>
         <name>aeabi_memcpy.S.obj</name>
      </input_file>
      <input_file id="fl-11d">
         <path>D:\TI_m0\ccs\tools\compiler\ti-cgt-armllvm_4.0.4.LTS\lib\armv6m-ti-none-eabi\</path>
         <kind>archive</kind>
         <file>libclang_rt.builtins.a</file>
         <name>aeabi_memset.S.obj</name>
      </input_file>
      <input_file id="fl-11e">
         <path>D:\TI_m0\ccs\tools\compiler\ti-cgt-armllvm_4.0.4.LTS\lib\armv6m-ti-none-eabi\</path>
         <kind>archive</kind>
         <file>libclang_rt.builtins.a</file>
         <name>aeabi_uidivmod.S.obj</name>
      </input_file>
      <input_file id="fl-11f">
         <path>D:\TI_m0\ccs\tools\compiler\ti-cgt-armllvm_4.0.4.LTS\lib\armv6m-ti-none-eabi\</path>
         <kind>archive</kind>
         <file>libclang_rt.builtins.a</file>
         <name>aeabi_uldivmod.S.obj</name>
      </input_file>
      <input_file id="fl-120">
         <path>D:\TI_m0\ccs\tools\compiler\ti-cgt-armllvm_4.0.4.LTS\lib\armv6m-ti-none-eabi\</path>
         <kind>archive</kind>
         <file>libclang_rt.builtins.a</file>
         <name>comparesf2.S.obj</name>
      </input_file>
      <input_file id="fl-121">
         <path>D:\TI_m0\ccs\tools\compiler\ti-cgt-armllvm_4.0.4.LTS\lib\armv6m-ti-none-eabi\</path>
         <kind>archive</kind>
         <file>libclang_rt.builtins.a</file>
         <name>udivmoddi4.S.obj</name>
      </input_file>
      <input_file id="fl-122">
         <path>D:\TI_m0\ccs\tools\compiler\ti-cgt-armllvm_4.0.4.LTS\lib\armv6m-ti-none-eabi\</path>
         <kind>archive</kind>
         <file>libclang_rt.builtins.a</file>
         <name>ashldi3.S.obj</name>
      </input_file>
      <input_file id="fl-123">
         <path>D:\TI_m0\ccs\tools\compiler\ti-cgt-armllvm_4.0.4.LTS\lib\armv6m-ti-none-eabi\</path>
         <kind>archive</kind>
         <file>libclang_rt.builtins.a</file>
         <name>comparedf2.c.obj</name>
      </input_file>
      <input_file id="fl-124">
         <path>D:\TI_m0\ccs\tools\compiler\ti-cgt-armllvm_4.0.4.LTS\lib\armv6m-ti-none-eabi\</path>
         <kind>archive</kind>
         <file>libclang_rt.builtins.a</file>
         <name>divmoddi4.c.obj</name>
      </input_file>
      <input_file id="fl-125">
         <path>D:\TI_m0\ccs\tools\compiler\ti-cgt-armllvm_4.0.4.LTS\lib\armv6m-ti-none-eabi\</path>
         <kind>archive</kind>
         <file>libclang_rt.builtins.a</file>
         <name>aeabi_div0.c.obj</name>
      </input_file>
      <input_file id="fl-126">
         <path>D:\TI_m0\ccs\tools\compiler\ti-cgt-armllvm_4.0.4.LTS\lib\armv6m-ti-none-eabi\c\</path>
         <kind>archive</kind>
         <file>libc.a</file>
         <name>memcpy16.S.obj</name>
      </input_file>
      <input_file id="fl-127">
         <path>D:\TI_m0\ccs\tools\compiler\ti-cgt-armllvm_4.0.4.LTS\lib\armv6m-ti-none-eabi\c\</path>
         <kind>archive</kind>
         <file>libc.a</file>
         <name>memset16.S.obj</name>
      </input_file>
   </input_file_list>
   <object_component_list>
      <object_component id="oc-18">
         <name>.intvecs</name>
         <load_address>0x0</load_address>
         <readonly>true</readonly>
         <run_address>0x0</run_address>
         <size>0xc0</size>
         <alignment>0x4</alignment>
         <input_file_ref idref="fl-3"/>
      </object_component>
      <object_component id="oc-2e9">
         <name>.text:__TI_printfi</name>
         <load_address>0xc0</load_address>
         <readonly>true</readonly>
         <executable>true</executable>
         <run_address>0xc0</run_address>
         <size>0x9d0</size>
         <alignment>0x4</alignment>
         <input_file_ref idref="fl-42"/>
      </object_component>
      <object_component id="oc-c9">
         <name>.text.asin</name>
         <load_address>0xa90</load_address>
         <readonly>true</readonly>
         <executable>true</executable>
         <run_address>0xa90</run_address>
         <size>0x364</size>
         <alignment>0x4</alignment>
         <input_file_ref idref="fl-3d"/>
      </object_component>
      <object_component id="oc-19b">
         <name>.text.atan</name>
         <load_address>0xdf4</load_address>
         <readonly>true</readonly>
         <executable>true</executable>
         <run_address>0xdf4</run_address>
         <size>0x2f8</size>
         <alignment>0x4</alignment>
         <input_file_ref idref="fl-40"/>
      </object_component>
      <object_component id="oc-1d7">
         <name>.text.dmp_enable_feature</name>
         <load_address>0x10ec</load_address>
         <readonly>true</readonly>
         <executable>true</executable>
         <run_address>0x10ec</run_address>
         <size>0x278</size>
         <alignment>0x4</alignment>
         <input_file_ref idref="fl-5"/>
      </object_component>
      <object_component id="oc-1b8">
         <name>.text.SYSCFG_DL_GPIO_init</name>
         <load_address>0x1364</load_address>
         <readonly>true</readonly>
         <executable>true</executable>
         <run_address>0x1364</run_address>
         <size>0x24c</size>
         <alignment>0x4</alignment>
         <input_file_ref idref="fl-2"/>
      </object_component>
      <object_component id="oc-90">
         <name>.text.main</name>
         <load_address>0x15b0</load_address>
         <readonly>true</readonly>
         <executable>true</executable>
         <run_address>0x15b0</run_address>
         <size>0x248</size>
         <alignment>0x4</alignment>
         <input_file_ref idref="fl-1"/>
      </object_component>
      <object_component id="oc-2c8">
         <name>.text.dmp_set_tap_thresh</name>
         <load_address>0x17f8</load_address>
         <readonly>true</readonly>
         <executable>true</executable>
         <run_address>0x17f8</run_address>
         <size>0x238</size>
         <alignment>0x4</alignment>
         <input_file_ref idref="fl-5"/>
      </object_component>
      <object_component id="oc-6c">
         <name>.text.Read_Quad</name>
         <load_address>0x1a30</load_address>
         <readonly>true</readonly>
         <executable>true</executable>
         <run_address>0x1a30</run_address>
         <size>0x22c</size>
         <alignment>0x4</alignment>
         <input_file_ref idref="fl-6"/>
      </object_component>
      <object_component id="oc-16e">
         <name>.text.mpu_reset_fifo</name>
         <load_address>0x1c5c</load_address>
         <readonly>true</readonly>
         <executable>true</executable>
         <run_address>0x1c5c</run_address>
         <size>0x22c</size>
         <alignment>0x4</alignment>
         <input_file_ref idref="fl-4"/>
      </object_component>
      <object_component id="oc-361">
         <name>.text._pconv_a</name>
         <load_address>0x1e88</load_address>
         <readonly>true</readonly>
         <executable>true</executable>
         <run_address>0x1e88</run_address>
         <size>0x220</size>
         <alignment>0x4</alignment>
         <input_file_ref idref="fl-42"/>
      </object_component>
      <object_component id="oc-b0">
         <name>.text.dmp_read_fifo</name>
         <load_address>0x20a8</load_address>
         <readonly>true</readonly>
         <executable>true</executable>
         <run_address>0x20a8</run_address>
         <size>0x1f4</size>
         <alignment>0x4</alignment>
         <input_file_ref idref="fl-5"/>
      </object_component>
      <object_component id="oc-65">
         <name>.text.Encodering</name>
         <load_address>0x229c</load_address>
         <readonly>true</readonly>
         <executable>true</executable>
         <run_address>0x229c</run_address>
         <size>0x1ec</size>
         <alignment>0x4</alignment>
         <input_file_ref idref="fl-a"/>
      </object_component>
      <object_component id="oc-362">
         <name>.text._pconv_g</name>
         <load_address>0x2488</load_address>
         <readonly>true</readonly>
         <executable>true</executable>
         <run_address>0x2488</run_address>
         <size>0x1dc</size>
         <alignment>0x4</alignment>
         <input_file_ref idref="fl-42"/>
      </object_component>
      <object_component id="oc-21d">
         <name>.text.PID_Compute1</name>
         <load_address>0x2664</load_address>
         <readonly>true</readonly>
         <executable>true</executable>
         <run_address>0x2664</run_address>
         <size>0x1c0</size>
         <alignment>0x4</alignment>
         <input_file_ref idref="fl-10"/>
      </object_component>
      <object_component id="oc-2bf">
         <name>.text.mpu_set_bypass</name>
         <load_address>0x2824</load_address>
         <readonly>true</readonly>
         <executable>true</executable>
         <run_address>0x2824</run_address>
         <size>0x1a0</size>
         <alignment>0x4</alignment>
         <input_file_ref idref="fl-4"/>
      </object_component>
      <object_component id="oc-182">
         <name>.text.adddf3_subdf3</name>
         <load_address>0x29c4</load_address>
         <readonly>true</readonly>
         <executable>true</executable>
         <run_address>0x29c4</run_address>
         <size>0x192</size>
         <alignment>0x4</alignment>
         <input_file_ref idref="fl-107"/>
      </object_component>
      <object_component id="oc-318">
         <name>.text.__aeabi_idiv0</name>
         <load_address>0x2b56</load_address>
         <readonly>true</readonly>
         <executable>true</executable>
         <run_address>0x2b56</run_address>
         <size>0x2</size>
         <alignment>0x2</alignment>
         <input_file_ref idref="fl-125"/>
      </object_component>
      <object_component id="oc-d7">
         <name>.text.atan2</name>
         <load_address>0x2b58</load_address>
         <readonly>true</readonly>
         <executable>true</executable>
         <run_address>0x2b58</run_address>
         <size>0x188</size>
         <alignment>0x4</alignment>
         <input_file_ref idref="fl-3e"/>
      </object_component>
      <object_component id="oc-1d4">
         <name>.text.dmp_set_orientation</name>
         <load_address>0x2ce0</load_address>
         <readonly>true</readonly>
         <executable>true</executable>
         <run_address>0x2ce0</run_address>
         <size>0x178</size>
         <alignment>0x4</alignment>
         <input_file_ref idref="fl-5"/>
      </object_component>
      <object_component id="oc-18c">
         <name>.text.sqrt</name>
         <load_address>0x2e58</load_address>
         <readonly>true</readonly>
         <executable>true</executable>
         <run_address>0x2e58</run_address>
         <size>0x170</size>
         <alignment>0x4</alignment>
         <input_file_ref idref="fl-3f"/>
      </object_component>
      <object_component id="oc-10a">
         <name>.text.MPU6050_Init</name>
         <load_address>0x2fc8</load_address>
         <readonly>true</readonly>
         <executable>true</executable>
         <run_address>0x2fc8</run_address>
         <size>0x144</size>
         <alignment>0x4</alignment>
         <input_file_ref idref="fl-6"/>
      </object_component>
      <object_component id="oc-395">
         <name>.text.fcvt</name>
         <load_address>0x310c</load_address>
         <readonly>true</readonly>
         <executable>true</executable>
         <run_address>0x310c</run_address>
         <size>0x13c</size>
         <alignment>0x4</alignment>
         <input_file_ref idref="fl-42"/>
      </object_component>
      <object_component id="oc-239">
         <name>.text.mspm0_i2c_read</name>
         <load_address>0x3248</load_address>
         <readonly>true</readonly>
         <executable>true</executable>
         <run_address>0x3248</run_address>
         <size>0x134</size>
         <alignment>0x4</alignment>
         <input_file_ref idref="fl-7"/>
      </object_component>
      <object_component id="oc-1cc">
         <name>.text.mpu_set_sensors</name>
         <load_address>0x337c</load_address>
         <readonly>true</readonly>
         <executable>true</executable>
         <run_address>0x337c</run_address>
         <size>0x130</size>
         <alignment>0x4</alignment>
         <input_file_ref idref="fl-4"/>
      </object_component>
      <object_component id="oc-1cb">
         <name>.text.mpu_init</name>
         <load_address>0x34ac</load_address>
         <readonly>true</readonly>
         <executable>true</executable>
         <run_address>0x34ac</run_address>
         <size>0x128</size>
         <alignment>0x4</alignment>
         <input_file_ref idref="fl-4"/>
      </object_component>
      <object_component id="oc-2c3">
         <name>.text.mpu_load_firmware</name>
         <load_address>0x35d4</load_address>
         <readonly>true</readonly>
         <executable>true</executable>
         <run_address>0x35d4</run_address>
         <size>0x124</size>
         <alignment>0x4</alignment>
         <input_file_ref idref="fl-4"/>
      </object_component>
      <object_component id="oc-364">
         <name>.text._pconv_e</name>
         <load_address>0x36f8</load_address>
         <readonly>true</readonly>
         <executable>true</executable>
         <run_address>0x36f8</run_address>
         <size>0x120</size>
         <alignment>0x4</alignment>
         <input_file_ref idref="fl-42"/>
      </object_component>
      <object_component id="oc-126">
         <name>.text.GetSpeed_L</name>
         <load_address>0x3818</load_address>
         <readonly>true</readonly>
         <executable>true</executable>
         <run_address>0x3818</run_address>
         <size>0x11c</size>
         <alignment>0x4</alignment>
         <input_file_ref idref="fl-a"/>
      </object_component>
      <object_component id="oc-127">
         <name>.text.GetSpeed_R</name>
         <load_address>0x3934</load_address>
         <readonly>true</readonly>
         <executable>true</executable>
         <run_address>0x3934</run_address>
         <size>0x11c</size>
         <alignment>0x4</alignment>
         <input_file_ref idref="fl-a"/>
      </object_component>
      <object_component id="oc-1f3">
         <name>.text.OLED_ShowChar</name>
         <load_address>0x3a50</load_address>
         <readonly>true</readonly>
         <executable>true</executable>
         <run_address>0x3a50</run_address>
         <size>0x118</size>
         <alignment>0x4</alignment>
         <input_file_ref idref="fl-13"/>
      </object_component>
      <object_component id="oc-10b">
         <name>.text.OLED_Init</name>
         <load_address>0x3b68</load_address>
         <readonly>true</readonly>
         <executable>true</executable>
         <run_address>0x3b68</run_address>
         <size>0x110</size>
         <alignment>0x4</alignment>
         <input_file_ref idref="fl-13"/>
      </object_component>
      <object_component id="oc-193">
         <name>.text.__divdf3</name>
         <load_address>0x3c78</load_address>
         <readonly>true</readonly>
         <executable>true</executable>
         <run_address>0x3c78</run_address>
         <size>0x10c</size>
         <alignment>0x4</alignment>
         <input_file_ref idref="fl-10c"/>
      </object_component>
      <object_component id="oc-169">
         <name>.text.mpu_read_fifo_stream</name>
         <load_address>0x3d84</load_address>
         <readonly>true</readonly>
         <executable>true</executable>
         <run_address>0x3d84</run_address>
         <size>0x108</size>
         <alignment>0x4</alignment>
         <input_file_ref idref="fl-4"/>
      </object_component>
      <object_component id="oc-28b">
         <name>.text.DL_Timer_initFourCCPWMMode</name>
         <load_address>0x3e8c</load_address>
         <readonly>true</readonly>
         <executable>true</executable>
         <run_address>0x3e8c</run_address>
         <size>0x104</size>
         <alignment>0x4</alignment>
         <input_file_ref idref="fl-24"/>
      </object_component>
      <object_component id="oc-2c2">
         <name>.text.mpu_lp_accel_mode</name>
         <load_address>0x3f90</load_address>
         <readonly>true</readonly>
         <executable>true</executable>
         <run_address>0x3f90</run_address>
         <size>0x100</size>
         <alignment>0x4</alignment>
         <input_file_ref idref="fl-4"/>
      </object_component>
      <object_component id="oc-293">
         <name>.text.DL_Timer_initTimerMode</name>
         <load_address>0x4090</load_address>
         <readonly>true</readonly>
         <executable>true</executable>
         <run_address>0x4090</run_address>
         <size>0xfc</size>
         <alignment>0x4</alignment>
         <input_file_ref idref="fl-24"/>
      </object_component>
      <object_component id="oc-f1">
         <name>.text.Get_error</name>
         <load_address>0x418c</load_address>
         <readonly>true</readonly>
         <executable>true</executable>
         <run_address>0x418c</run_address>
         <size>0xf4</size>
         <alignment>0x4</alignment>
         <input_file_ref idref="fl-11"/>
      </object_component>
      <object_component id="oc-283">
         <name>.text.SYSCFG_DL_SYSCTL_SYSPLL_init</name>
         <load_address>0x4280</load_address>
         <readonly>true</readonly>
         <executable>true</executable>
         <run_address>0x4280</run_address>
         <size>0xec</size>
         <alignment>0x4</alignment>
         <input_file_ref idref="fl-2"/>
      </object_component>
      <object_component id="oc-1ce">
         <name>.text.mpu_set_sample_rate</name>
         <load_address>0x436c</load_address>
         <readonly>true</readonly>
         <executable>true</executable>
         <run_address>0x436c</run_address>
         <size>0xec</size>
         <alignment>0x4</alignment>
         <input_file_ref idref="fl-4"/>
      </object_component>
      <object_component id="oc-cf">
         <name>.text.__muldf3</name>
         <load_address>0x4458</load_address>
         <readonly>true</readonly>
         <executable>true</executable>
         <run_address>0x4458</run_address>
         <size>0xe4</size>
         <alignment>0x4</alignment>
         <input_file_ref idref="fl-108"/>
      </object_component>
      <object_component id="oc-2bd">
         <name>.text.mpu_set_accel_fsr</name>
         <load_address>0x453c</load_address>
         <readonly>true</readonly>
         <executable>true</executable>
         <run_address>0x453c</run_address>
         <size>0xe4</size>
         <alignment>0x4</alignment>
         <input_file_ref idref="fl-4"/>
      </object_component>
      <object_component id="oc-27d">
         <name>.text.DL_SYSCTL_configSYSPLL</name>
         <load_address>0x4620</load_address>
         <readonly>true</readonly>
         <executable>true</executable>
         <run_address>0x4620</run_address>
         <size>0xdc</size>
         <alignment>0x4</alignment>
         <input_file_ref idref="fl-26"/>
      </object_component>
      <object_component id="oc-384">
         <name>.text.scalbn</name>
         <load_address>0x46fc</load_address>
         <readonly>true</readonly>
         <executable>true</executable>
         <run_address>0x46fc</run_address>
         <size>0xd8</size>
         <alignment>0x4</alignment>
         <input_file_ref idref="fl-56"/>
      </object_component>
      <object_component id="oc-c1">
         <name>.text</name>
         <load_address>0x47d4</load_address>
         <readonly>true</readonly>
         <executable>true</executable>
         <run_address>0x47d4</run_address>
         <size>0xd8</size>
         <alignment>0x4</alignment>
         <input_file_ref idref="fl-106"/>
      </object_component>
      <object_component id="oc-2c1">
         <name>.text.set_int_enable</name>
         <load_address>0x48ac</load_address>
         <readonly>true</readonly>
         <executable>true</executable>
         <run_address>0x48ac</run_address>
         <size>0xd4</size>
         <alignment>0x4</alignment>
         <input_file_ref idref="fl-4"/>
      </object_component>
      <object_component id="oc-72">
         <name>.text.GYRO_Proc</name>
         <load_address>0x4980</load_address>
         <readonly>true</readonly>
         <executable>true</executable>
         <run_address>0x4980</run_address>
         <size>0xd0</size>
         <alignment>0x4</alignment>
         <input_file_ref idref="fl-b"/>
      </object_component>
      <object_component id="oc-2be">
         <name>.text.mpu_set_lpf</name>
         <load_address>0x4a50</load_address>
         <readonly>true</readonly>
         <executable>true</executable>
         <run_address>0x4a50</run_address>
         <size>0xd0</size>
         <alignment>0x4</alignment>
         <input_file_ref idref="fl-4"/>
      </object_component>
      <object_component id="oc-77">
         <name>.text.xunji_Proc</name>
         <load_address>0x4b20</load_address>
         <readonly>true</readonly>
         <executable>true</executable>
         <run_address>0x4b20</run_address>
         <size>0xcc</size>
         <alignment>0x4</alignment>
         <input_file_ref idref="fl-11"/>
      </object_component>
      <object_component id="oc-f2">
         <name>.text.Motor_Different_Position_PID</name>
         <load_address>0x4bec</load_address>
         <readonly>true</readonly>
         <executable>true</executable>
         <run_address>0x4bec</run_address>
         <size>0xc8</size>
         <alignment>0x4</alignment>
         <input_file_ref idref="fl-11"/>
      </object_component>
      <object_component id="oc-2bc">
         <name>.text.mpu_set_gyro_fsr</name>
         <load_address>0x4cb4</load_address>
         <readonly>true</readonly>
         <executable>true</executable>
         <run_address>0x4cb4</run_address>
         <size>0xc4</size>
         <alignment>0x4</alignment>
         <input_file_ref idref="fl-4"/>
      </object_component>
      <object_component id="oc-241">
         <name>.text.mspm0_i2c_write</name>
         <load_address>0x4d78</load_address>
         <readonly>true</readonly>
         <executable>true</executable>
         <run_address>0x4d78</run_address>
         <size>0xc4</size>
         <alignment>0x4</alignment>
         <input_file_ref idref="fl-7"/>
      </object_component>
      <object_component id="oc-1f4">
         <name>.text.Key_GetNum</name>
         <load_address>0x4e3c</load_address>
         <readonly>true</readonly>
         <executable>true</executable>
         <run_address>0x4e3c</run_address>
         <size>0xbc</size>
         <alignment>0x4</alignment>
         <input_file_ref idref="fl-d"/>
      </object_component>
      <object_component id="oc-1cd">
         <name>.text.mpu_configure_fifo</name>
         <load_address>0x4ef8</load_address>
         <readonly>true</readonly>
         <executable>true</executable>
         <run_address>0x4ef8</run_address>
         <size>0xbc</size>
         <alignment>0x4</alignment>
         <input_file_ref idref="fl-4"/>
      </object_component>
      <object_component id="oc-130">
         <name>.text.App_PWM_Set_L</name>
         <load_address>0x4fb4</load_address>
         <readonly>true</readonly>
         <executable>true</executable>
         <run_address>0x4fb4</run_address>
         <size>0xb8</size>
         <alignment>0x4</alignment>
         <input_file_ref idref="fl-f"/>
      </object_component>
      <object_component id="oc-1d9">
         <name>.text.mpu_set_dmp_state</name>
         <load_address>0x506c</load_address>
         <readonly>true</readonly>
         <executable>true</executable>
         <run_address>0x506c</run_address>
         <size>0xb8</size>
         <alignment>0x4</alignment>
         <input_file_ref idref="fl-4"/>
      </object_component>
      <object_component id="oc-131">
         <name>.text.App_PWM_Set_R</name>
         <load_address>0x5124</load_address>
         <readonly>true</readonly>
         <executable>true</executable>
         <run_address>0x5124</run_address>
         <size>0xb0</size>
         <alignment>0x4</alignment>
         <input_file_ref idref="fl-f"/>
      </object_component>
      <object_component id="oc-33a">
         <name>.text.mpu_read_mem</name>
         <load_address>0x51d4</load_address>
         <readonly>true</readonly>
         <executable>true</executable>
         <run_address>0x51d4</run_address>
         <size>0xac</size>
         <alignment>0x4</alignment>
         <input_file_ref idref="fl-4"/>
      </object_component>
      <object_component id="oc-2c6">
         <name>.text.mpu_write_mem</name>
         <load_address>0x5280</load_address>
         <readonly>true</readonly>
         <executable>true</executable>
         <run_address>0x5280</run_address>
         <size>0xac</size>
         <alignment>0x4</alignment>
         <input_file_ref idref="fl-4"/>
      </object_component>
      <object_component id="oc-234">
         <name>.text</name>
         <load_address>0x532c</load_address>
         <readonly>true</readonly>
         <executable>true</executable>
         <run_address>0x532c</run_address>
         <size>0xa2</size>
         <alignment>0x4</alignment>
         <input_file_ref idref="fl-121"/>
      </object_component>
      <object_component id="oc-305">
         <name>.text.__aeabi_ldiv0</name>
         <load_address>0x53ce</load_address>
         <readonly>true</readonly>
         <executable>true</executable>
         <run_address>0x53ce</run_address>
         <size>0x2</size>
         <alignment>0x2</alignment>
         <input_file_ref idref="fl-125"/>
      </object_component>
      <object_component id="oc-1b7">
         <name>.text.SYSCFG_DL_initPower</name>
         <load_address>0x53d0</load_address>
         <readonly>true</readonly>
         <executable>true</executable>
         <run_address>0x53d0</run_address>
         <size>0xa0</size>
         <alignment>0x4</alignment>
         <input_file_ref idref="fl-2"/>
      </object_component>
      <object_component id="oc-e6">
         <name>.text.GYRO_Control</name>
         <load_address>0x5470</load_address>
         <readonly>true</readonly>
         <executable>true</executable>
         <run_address>0x5470</run_address>
         <size>0x9c</size>
         <alignment>0x4</alignment>
         <input_file_ref idref="fl-b"/>
      </object_component>
      <object_component id="oc-2c0">
         <name>.text.mpu_set_int_latched</name>
         <load_address>0x550c</load_address>
         <readonly>true</readonly>
         <executable>true</executable>
         <run_address>0x550c</run_address>
         <size>0x9c</size>
         <alignment>0x4</alignment>
         <input_file_ref idref="fl-4"/>
      </object_component>
      <object_component id="oc-1e2">
         <name>.text.OLED_WR_Byte</name>
         <load_address>0x55a8</load_address>
         <readonly>true</readonly>
         <executable>true</executable>
         <run_address>0x55a8</run_address>
         <size>0x98</size>
         <alignment>0x4</alignment>
         <input_file_ref idref="fl-13"/>
      </object_component>
      <object_component id="oc-1d8">
         <name>.text.dmp_set_fifo_rate</name>
         <load_address>0x5640</load_address>
         <readonly>true</readonly>
         <executable>true</executable>
         <run_address>0x5640</run_address>
         <size>0x98</size>
         <alignment>0x4</alignment>
         <input_file_ref idref="fl-5"/>
      </object_component>
      <object_component id="oc-2c5">
         <name>.text.inv_row_2_scale</name>
         <load_address>0x56d8</load_address>
         <readonly>true</readonly>
         <executable>true</executable>
         <run_address>0x56d8</run_address>
         <size>0x96</size>
         <alignment>0x2</alignment>
         <input_file_ref idref="fl-6"/>
      </object_component>
      <object_component id="oc-2eb">
         <name>.text._nop</name>
         <load_address>0x576e</load_address>
         <readonly>true</readonly>
         <executable>true</executable>
         <run_address>0x576e</run_address>
         <size>0x2</size>
         <alignment>0x2</alignment>
         <input_file_ref idref="fl-45"/>
      </object_component>
      <object_component id="oc-136">
         <name>.text.App_Motor_Proc</name>
         <load_address>0x5770</load_address>
         <readonly>true</readonly>
         <executable>true</executable>
         <run_address>0x5770</run_address>
         <size>0x8c</size>
         <alignment>0x4</alignment>
         <input_file_ref idref="fl-f"/>
      </object_component>
      <object_component id="oc-1ba">
         <name>.text.SYSCFG_DL_PWM_0_init</name>
         <load_address>0x57fc</load_address>
         <readonly>true</readonly>
         <executable>true</executable>
         <run_address>0x57fc</run_address>
         <size>0x8c</size>
         <alignment>0x4</alignment>
         <input_file_ref idref="fl-2"/>
      </object_component>
      <object_component id="oc-bd">
         <name>.text.__mulsf3</name>
         <load_address>0x5888</load_address>
         <readonly>true</readonly>
         <executable>true</executable>
         <run_address>0x5888</run_address>
         <size>0x8c</size>
         <alignment>0x4</alignment>
         <input_file_ref idref="fl-10a"/>
      </object_component>
      <object_component id="oc-16f">
         <name>.text.decode_gesture</name>
         <load_address>0x5914</load_address>
         <readonly>true</readonly>
         <executable>true</executable>
         <run_address>0x5914</run_address>
         <size>0x8c</size>
         <alignment>0x4</alignment>
         <input_file_ref idref="fl-5"/>
      </object_component>
      <object_component id="oc-2fb">
         <name>.text.LPF_Calc</name>
         <load_address>0x59a0</load_address>
         <readonly>true</readonly>
         <executable>true</executable>
         <run_address>0x59a0</run_address>
         <size>0x88</size>
         <alignment>0x4</alignment>
         <input_file_ref idref="fl-e"/>
      </object_component>
      <object_component id="oc-1c4">
         <name>.text.__NVIC_SetPriority</name>
         <load_address>0x5a28</load_address>
         <readonly>true</readonly>
         <executable>true</executable>
         <run_address>0x5a28</run_address>
         <size>0x84</size>
         <alignment>0x4</alignment>
         <input_file_ref idref="fl-8"/>
      </object_component>
      <object_component id="oc-288">
         <name>.text.__NVIC_SetPriority</name>
         <load_address>0x5aac</load_address>
         <readonly>true</readonly>
         <executable>true</executable>
         <run_address>0x5aac</run_address>
         <size>0x84</size>
         <alignment>0x4</alignment>
         <input_file_ref idref="fl-2"/>
      </object_component>
      <object_component id="oc-b9">
         <name>.text.__divsf3</name>
         <load_address>0x5b30</load_address>
         <readonly>true</readonly>
         <executable>true</executable>
         <run_address>0x5b30</run_address>
         <size>0x82</size>
         <alignment>0x4</alignment>
         <input_file_ref idref="fl-10b"/>
      </object_component>
      <object_component id="oc-1c">
         <name>.text:decompress:lzss</name>
         <load_address>0x5bb4</load_address>
         <readonly>true</readonly>
         <executable>true</executable>
         <run_address>0x5bb4</run_address>
         <size>0x7c</size>
         <alignment>0x4</alignment>
         <input_file_ref idref="fl-54"/>
      </object_component>
      <object_component id="oc-eb">
         <name>.text.GYRO_Adjust</name>
         <load_address>0x5c30</load_address>
         <readonly>true</readonly>
         <executable>true</executable>
         <run_address>0x5c30</run_address>
         <size>0x78</size>
         <alignment>0x4</alignment>
         <input_file_ref idref="fl-b"/>
      </object_component>
      <object_component id="oc-3a">
         <name>.text.TIMG8_IRQHandler</name>
         <load_address>0x5ca8</load_address>
         <readonly>true</readonly>
         <executable>true</executable>
         <run_address>0x5ca8</run_address>
         <size>0x78</size>
         <alignment>0x4</alignment>
         <input_file_ref idref="fl-1"/>
      </object_component>
      <object_component id="oc-f3">
         <name>.text.Position_Adjust</name>
         <load_address>0x5d20</load_address>
         <readonly>true</readonly>
         <executable>true</executable>
         <run_address>0x5d20</run_address>
         <size>0x74</size>
         <alignment>0x4</alignment>
         <input_file_ref idref="fl-11"/>
      </object_component>
      <object_component id="oc-24f">
         <name>.text.__gedf2</name>
         <load_address>0x5d94</load_address>
         <readonly>true</readonly>
         <executable>true</executable>
         <run_address>0x5d94</run_address>
         <size>0x74</size>
         <alignment>0x4</alignment>
         <input_file_ref idref="fl-123"/>
      </object_component>
      <object_component id="oc-17d">
         <name>.text.__aeabi_errno_addr</name>
         <load_address>0x5e08</load_address>
         <readonly>true</readonly>
         <executable>true</executable>
         <run_address>0x5e08</run_address>
         <size>0x8</size>
         <alignment>0x4</alignment>
         <input_file_ref idref="fl-44"/>
      </object_component>
      <object_component id="oc-d3">
         <name>.text.__truncdfsf2</name>
         <load_address>0x5e10</load_address>
         <readonly>true</readonly>
         <executable>true</executable>
         <run_address>0x5e10</run_address>
         <size>0x74</size>
         <alignment>0x10</alignment>
         <input_file_ref idref="fl-117"/>
      </object_component>
      <object_component id="oc-1d1">
         <name>.text.mpu_get_accel_fsr</name>
         <load_address>0x5e84</load_address>
         <readonly>true</readonly>
         <executable>true</executable>
         <run_address>0x5e84</run_address>
         <size>0x74</size>
         <alignment>0x4</alignment>
         <input_file_ref idref="fl-4"/>
      </object_component>
      <object_component id="oc-119">
         <name>.text.OLED_ShowString</name>
         <load_address>0x5ef8</load_address>
         <readonly>true</readonly>
         <executable>true</executable>
         <run_address>0x5ef8</run_address>
         <size>0x70</size>
         <alignment>0x2</alignment>
         <input_file_ref idref="fl-13"/>
      </object_component>
      <object_component id="oc-1b9">
         <name>.text.SYSCFG_DL_SYSCTL_init</name>
         <load_address>0x5f68</load_address>
         <readonly>true</readonly>
         <executable>true</executable>
         <run_address>0x5f68</run_address>
         <size>0x70</size>
         <alignment>0x4</alignment>
         <input_file_ref idref="fl-2"/>
      </object_component>
      <object_component id="oc-a0">
         <name>.text.mspm0_get_clock_us_now</name>
         <load_address>0x5fd8</load_address>
         <readonly>true</readonly>
         <executable>true</executable>
         <run_address>0x5fd8</run_address>
         <size>0x70</size>
         <alignment>0x4</alignment>
         <input_file_ref idref="fl-8"/>
      </object_component>
      <object_component id="oc-11a">
         <name>.text.key_work</name>
         <load_address>0x6048</load_address>
         <readonly>true</readonly>
         <executable>true</executable>
         <run_address>0x6048</run_address>
         <size>0x6c</size>
         <alignment>0x4</alignment>
         <input_file_ref idref="fl-d"/>
      </object_component>
      <object_component id="oc-1e3">
         <name>.text.OLED_Clear</name>
         <load_address>0x60b4</load_address>
         <readonly>true</readonly>
         <executable>true</executable>
         <run_address>0x60b4</run_address>
         <size>0x6a</size>
         <alignment>0x2</alignment>
         <input_file_ref idref="fl-13"/>
      </object_component>
      <object_component id="oc-249">
         <name>.text.__ledf2</name>
         <load_address>0x6120</load_address>
         <readonly>true</readonly>
         <executable>true</executable>
         <run_address>0x6120</run_address>
         <size>0x68</size>
         <alignment>0x4</alignment>
         <input_file_ref idref="fl-123"/>
      </object_component>
      <object_component id="oc-394">
         <name>.text._mcpy</name>
         <load_address>0x6188</load_address>
         <readonly>true</readonly>
         <executable>true</executable>
         <run_address>0x6188</run_address>
         <size>0x66</size>
         <alignment>0x2</alignment>
         <input_file_ref idref="fl-42"/>
      </object_component>
      <object_component id="oc-2c9">
         <name>.text.dmp_set_tap_axes</name>
         <load_address>0x61ee</load_address>
         <readonly>true</readonly>
         <executable>true</executable>
         <run_address>0x61ee</run_address>
         <size>0x66</size>
         <alignment>0x2</alignment>
         <input_file_ref idref="fl-5"/>
      </object_component>
      <object_component id="oc-1e0">
         <name>.text.oled_i2c_sda_unlock</name>
         <load_address>0x6254</load_address>
         <readonly>true</readonly>
         <executable>true</executable>
         <run_address>0x6254</run_address>
         <size>0x64</size>
         <alignment>0x4</alignment>
         <input_file_ref idref="fl-13"/>
      </object_component>
      <object_component id="oc-186">
         <name>.text.__aeabi_dcmp</name>
         <load_address>0x62b8</load_address>
         <readonly>true</readonly>
         <executable>true</executable>
         <run_address>0x62b8</run_address>
         <size>0x62</size>
         <alignment>0x4</alignment>
         <input_file_ref idref="fl-118"/>
      </object_component>
      <object_component id="oc-132">
         <name>.text.__aeabi_fcmp</name>
         <load_address>0x631c</load_address>
         <readonly>true</readonly>
         <executable>true</executable>
         <run_address>0x631c</run_address>
         <size>0x62</size>
         <alignment>0x4</alignment>
         <input_file_ref idref="fl-119"/>
      </object_component>
      <object_component id="oc-2c7">
         <name>.text.dmp_enable_gyro_cal</name>
         <load_address>0x6380</load_address>
         <readonly>true</readonly>
         <executable>true</executable>
         <run_address>0x6380</run_address>
         <size>0x60</size>
         <alignment>0x4</alignment>
         <input_file_ref idref="fl-5"/>
      </object_component>
      <object_component id="oc-1c6">
         <name>.text.mpu6050_i2c_sda_unlock</name>
         <load_address>0x63e0</load_address>
         <readonly>true</readonly>
         <executable>true</executable>
         <run_address>0x63e0</run_address>
         <size>0x60</size>
         <alignment>0x4</alignment>
         <input_file_ref idref="fl-7"/>
      </object_component>
      <object_component id="oc-1d0">
         <name>.text.mpu_get_gyro_fsr</name>
         <load_address>0x6440</load_address>
         <readonly>true</readonly>
         <executable>true</executable>
         <run_address>0x6440</run_address>
         <size>0x60</size>
         <alignment>0x4</alignment>
         <input_file_ref idref="fl-4"/>
      </object_component>
      <object_component id="oc-2d7">
         <name>.text.DL_I2C_fillControllerTXFIFO</name>
         <load_address>0x64a0</load_address>
         <readonly>true</readonly>
         <executable>true</executable>
         <run_address>0x64a0</run_address>
         <size>0x5e</size>
         <alignment>0x2</alignment>
         <input_file_ref idref="fl-23"/>
      </object_component>
      <object_component id="oc-380">
         <name>.text.frexp</name>
         <load_address>0x6500</load_address>
         <readonly>true</readonly>
         <executable>true</executable>
         <run_address>0x6500</run_address>
         <size>0x5c</size>
         <alignment>0x4</alignment>
         <input_file_ref idref="fl-55"/>
      </object_component>
      <object_component id="oc-2b9">
         <name>.text.mspm0_i2c_enable</name>
         <load_address>0x655c</load_address>
         <readonly>true</readonly>
         <executable>true</executable>
         <run_address>0x655c</run_address>
         <size>0x5c</size>
         <alignment>0x4</alignment>
         <input_file_ref idref="fl-7"/>
      </object_component>
      <object_component id="oc-2d6">
         <name>.text.mspm0_i2c_enable</name>
         <load_address>0x65b8</load_address>
         <readonly>true</readonly>
         <executable>true</executable>
         <run_address>0x65b8</run_address>
         <size>0x5c</size>
         <alignment>0x4</alignment>
         <input_file_ref idref="fl-13"/>
      </object_component>
      <object_component id="oc-128">
         <name>.text.printf</name>
         <load_address>0x6614</load_address>
         <readonly>true</readonly>
         <executable>true</executable>
         <run_address>0x6614</run_address>
         <size>0x5c</size>
         <alignment>0x4</alignment>
         <input_file_ref idref="fl-41"/>
      </object_component>
      <object_component id="oc-111">
         <name>.text.App_Motor_Init</name>
         <load_address>0x6670</load_address>
         <readonly>true</readonly>
         <executable>true</executable>
         <run_address>0x6670</run_address>
         <size>0x58</size>
         <alignment>0x4</alignment>
         <input_file_ref idref="fl-f"/>
      </object_component>
      <object_component id="oc-1bd">
         <name>.text.SYSCFG_DL_I2C_MPU6050_init</name>
         <load_address>0x66c8</load_address>
         <readonly>true</readonly>
         <executable>true</executable>
         <run_address>0x66c8</run_address>
         <size>0x58</size>
         <alignment>0x4</alignment>
         <input_file_ref idref="fl-2"/>
      </object_component>
      <object_component id="oc-1bc">
         <name>.text.SYSCFG_DL_I2C_OLED_init</name>
         <load_address>0x6720</load_address>
         <readonly>true</readonly>
         <executable>true</executable>
         <run_address>0x6720</run_address>
         <size>0x58</size>
         <alignment>0x4</alignment>
         <input_file_ref idref="fl-2"/>
      </object_component>
      <object_component id="oc-388">
         <name>.text.__TI_ltoa</name>
         <load_address>0x6778</load_address>
         <readonly>true</readonly>
         <executable>true</executable>
         <run_address>0x6778</run_address>
         <size>0x58</size>
         <alignment>0x2</alignment>
         <input_file_ref idref="fl-46"/>
      </object_component>
      <object_component id="oc-363">
         <name>.text._pconv_f</name>
         <load_address>0x67d0</load_address>
         <readonly>true</readonly>
         <executable>true</executable>
         <run_address>0x67d0</run_address>
         <size>0x58</size>
         <alignment>0x2</alignment>
         <input_file_ref idref="fl-42"/>
      </object_component>
      <object_component id="oc-343">
         <name>.text.__aeabi_idivmod</name>
         <load_address>0x6828</load_address>
         <readonly>true</readonly>
         <executable>true</executable>
         <run_address>0x6828</run_address>
         <size>0x56</size>
         <alignment>0x4</alignment>
         <input_file_ref idref="fl-11a"/>
      </object_component>
      <object_component id="oc-1e8">
         <name>.text.PID_Init_Simple</name>
         <load_address>0x6880</load_address>
         <readonly>true</readonly>
         <executable>true</executable>
         <run_address>0x6880</run_address>
         <size>0x54</size>
         <alignment>0x4</alignment>
         <input_file_ref idref="fl-10"/>
      </object_component>
      <object_component id="oc-392">
         <name>.text._ecpy</name>
         <load_address>0x68d4</load_address>
         <readonly>true</readonly>
         <executable>true</executable>
         <run_address>0x68d4</run_address>
         <size>0x52</size>
         <alignment>0x2</alignment>
         <input_file_ref idref="fl-42"/>
      </object_component>
      <object_component id="oc-337">
         <name>.text.DL_GPIO_initPeripheralInputFunctionFeatures</name>
         <load_address>0x6928</load_address>
         <readonly>true</readonly>
         <executable>true</executable>
         <run_address>0x6928</run_address>
         <size>0x50</size>
         <alignment>0x4</alignment>
         <input_file_ref idref="fl-7"/>
      </object_component>
      <object_component id="oc-34b">
         <name>.text.DL_GPIO_initPeripheralInputFunctionFeatures</name>
         <load_address>0x6978</load_address>
         <readonly>true</readonly>
         <executable>true</executable>
         <run_address>0x6978</run_address>
         <size>0x50</size>
         <alignment>0x4</alignment>
         <input_file_ref idref="fl-13"/>
      </object_component>
      <object_component id="oc-26b">
         <name>.text.DL_GPIO_initPeripheralInputFunctionFeatures</name>
         <load_address>0x69c8</load_address>
         <readonly>true</readonly>
         <executable>true</executable>
         <run_address>0x69c8</run_address>
         <size>0x50</size>
         <alignment>0x4</alignment>
         <input_file_ref idref="fl-2"/>
      </object_component>
      <object_component id="oc-313">
         <name>.text.DL_I2C_startControllerTransfer</name>
         <load_address>0x6a18</load_address>
         <readonly>true</readonly>
         <executable>true</executable>
         <run_address>0x6a18</run_address>
         <size>0x50</size>
         <alignment>0x4</alignment>
         <input_file_ref idref="fl-7"/>
      </object_component>
      <object_component id="oc-2da">
         <name>.text.DL_I2C_startControllerTransfer</name>
         <load_address>0x6a68</load_address>
         <readonly>true</readonly>
         <executable>true</executable>
         <run_address>0x6a68</run_address>
         <size>0x50</size>
         <alignment>0x4</alignment>
         <input_file_ref idref="fl-13"/>
      </object_component>
      <object_component id="oc-1c3">
         <name>.text.SysTick_Config</name>
         <load_address>0x6ab8</load_address>
         <readonly>true</readonly>
         <executable>true</executable>
         <run_address>0x6ab8</run_address>
         <size>0x50</size>
         <alignment>0x4</alignment>
         <input_file_ref idref="fl-8"/>
      </object_component>
      <object_component id="oc-11f">
         <name>.text.speed</name>
         <load_address>0x6b08</load_address>
         <readonly>true</readonly>
         <executable>true</executable>
         <run_address>0x6b08</run_address>
         <size>0x50</size>
         <alignment>0x4</alignment>
         <input_file_ref idref="fl-1"/>
      </object_component>
      <object_component id="oc-335">
         <name>.text.DL_GPIO_initDigitalInputFeatures</name>
         <load_address>0x6b58</load_address>
         <readonly>true</readonly>
         <executable>true</executable>
         <run_address>0x6b58</run_address>
         <size>0x4c</size>
         <alignment>0x4</alignment>
         <input_file_ref idref="fl-7"/>
      </object_component>
      <object_component id="oc-349">
         <name>.text.DL_GPIO_initDigitalInputFeatures</name>
         <load_address>0x6ba4</load_address>
         <readonly>true</readonly>
         <executable>true</executable>
         <run_address>0x6ba4</run_address>
         <size>0x4c</size>
         <alignment>0x4</alignment>
         <input_file_ref idref="fl-13"/>
      </object_component>
      <object_component id="oc-26e">
         <name>.text.DL_GPIO_initDigitalInputFeatures</name>
         <load_address>0x6bf0</load_address>
         <readonly>true</readonly>
         <executable>true</executable>
         <run_address>0x6bf0</run_address>
         <size>0x4c</size>
         <alignment>0x4</alignment>
         <input_file_ref idref="fl-2"/>
      </object_component>
      <object_component id="oc-2af">
         <name>.text.DL_UART_setBaudRateDivisor</name>
         <load_address>0x6c3c</load_address>
         <readonly>true</readonly>
         <executable>true</executable>
         <run_address>0x6c3c</run_address>
         <size>0x4c</size>
         <alignment>0x4</alignment>
         <input_file_ref idref="fl-2"/>
      </object_component>
      <object_component id="oc-20c">
         <name>.text.__fixdfsi</name>
         <load_address>0x6c88</load_address>
         <readonly>true</readonly>
         <executable>true</executable>
         <run_address>0x6c88</run_address>
         <size>0x4a</size>
         <alignment>0x4</alignment>
         <input_file_ref idref="fl-10e"/>
      </object_component>
      <object_component id="oc-2ad">
         <name>.text.DL_UART_init</name>
         <load_address>0x6cd4</load_address>
         <readonly>true</readonly>
         <executable>true</executable>
         <run_address>0x6cd4</run_address>
         <size>0x48</size>
         <alignment>0x4</alignment>
         <input_file_ref idref="fl-25"/>
      </object_component>
      <object_component id="oc-2d1">
         <name>.text.dmp_enable_6x_lp_quat</name>
         <load_address>0x6d1c</load_address>
         <readonly>true</readonly>
         <executable>true</executable>
         <run_address>0x6d1c</run_address>
         <size>0x48</size>
         <alignment>0x4</alignment>
         <input_file_ref idref="fl-5"/>
      </object_component>
      <object_component id="oc-2d0">
         <name>.text.dmp_enable_lp_quat</name>
         <load_address>0x6d64</load_address>
         <readonly>true</readonly>
         <executable>true</executable>
         <run_address>0x6d64</run_address>
         <size>0x48</size>
         <alignment>0x4</alignment>
         <input_file_ref idref="fl-5"/>
      </object_component>
      <object_component id="oc-2d2">
         <name>.text.mspm0_i2c_disable</name>
         <load_address>0x6dac</load_address>
         <readonly>true</readonly>
         <executable>true</executable>
         <run_address>0x6dac</run_address>
         <size>0x48</size>
         <alignment>0x4</alignment>
         <input_file_ref idref="fl-13"/>
      </object_component>
      <object_component id="oc-287">
         <name>.text.DL_SYSCTL_switchMCLKfromSYSOSCtoHSCLK</name>
         <load_address>0x6df4</load_address>
         <readonly>true</readonly>
         <executable>true</executable>
         <run_address>0x6df4</run_address>
         <size>0x44</size>
         <alignment>0x4</alignment>
         <input_file_ref idref="fl-26"/>
      </object_component>
      <object_component id="oc-2cd">
         <name>.text.dmp_set_shake_reject_thresh</name>
         <load_address>0x6e38</load_address>
         <readonly>true</readonly>
         <executable>true</executable>
         <run_address>0x6e38</run_address>
         <size>0x44</size>
         <alignment>0x2</alignment>
         <input_file_ref idref="fl-5"/>
      </object_component>
      <object_component id="oc-2ca">
         <name>.text.dmp_set_tap_count</name>
         <load_address>0x6e7c</load_address>
         <readonly>true</readonly>
         <executable>true</executable>
         <run_address>0x6e7c</run_address>
         <size>0x44</size>
         <alignment>0x2</alignment>
         <input_file_ref idref="fl-5"/>
      </object_component>
      <object_component id="oc-2b5">
         <name>.text.mspm0_i2c_disable</name>
         <load_address>0x6ec0</load_address>
         <readonly>true</readonly>
         <executable>true</executable>
         <run_address>0x6ec0</run_address>
         <size>0x44</size>
         <alignment>0x4</alignment>
         <input_file_ref idref="fl-7"/>
      </object_component>
      <object_component id="oc-1bf">
         <name>.text.SYSCFG_DL_DCC101v1_2_init</name>
         <load_address>0x6f04</load_address>
         <readonly>true</readonly>
         <executable>true</executable>
         <run_address>0x6f04</run_address>
         <size>0x40</size>
         <alignment>0x4</alignment>
         <input_file_ref idref="fl-2"/>
      </object_component>
      <object_component id="oc-1be">
         <name>.text.SYSCFG_DL_UART_0_init</name>
         <load_address>0x6f44</load_address>
         <readonly>true</readonly>
         <executable>true</executable>
         <run_address>0x6f44</run_address>
         <size>0x40</size>
         <alignment>0x4</alignment>
         <input_file_ref idref="fl-2"/>
      </object_component>
      <object_component id="oc-23a">
         <name>.text.__aeabi_uidivmod</name>
         <load_address>0x6f84</load_address>
         <readonly>true</readonly>
         <executable>true</executable>
         <run_address>0x6f84</run_address>
         <size>0x40</size>
         <alignment>0x4</alignment>
         <input_file_ref idref="fl-11e"/>
      </object_component>
      <object_component id="oc-c5">
         <name>.text.__extendsfdf2</name>
         <load_address>0x6fc4</load_address>
         <readonly>true</readonly>
         <executable>true</executable>
         <run_address>0x6fc4</run_address>
         <size>0x40</size>
         <alignment>0x4</alignment>
         <input_file_ref idref="fl-10d"/>
      </object_component>
      <object_component id="oc-358">
         <name>.text.atoi</name>
         <load_address>0x7004</load_address>
         <readonly>true</readonly>
         <executable>true</executable>
         <run_address>0x7004</run_address>
         <size>0x40</size>
         <alignment>0x4</alignment>
         <input_file_ref idref="fl-48"/>
      </object_component>
      <object_component id="oc-1d3">
         <name>.text.inv_orientation_matrix_to_scalar</name>
         <load_address>0x7044</load_address>
         <readonly>true</readonly>
         <executable>true</executable>
         <run_address>0x7044</run_address>
         <size>0x3e</size>
         <alignment>0x2</alignment>
         <input_file_ref idref="fl-6"/>
      </object_component>
      <object_component id="oc-317">
         <name>.text.DL_I2C_flushControllerTXFIFO</name>
         <load_address>0x7084</load_address>
         <readonly>true</readonly>
         <executable>true</executable>
         <run_address>0x7084</run_address>
         <size>0x3c</size>
         <alignment>0x4</alignment>
         <input_file_ref idref="fl-23"/>
      </object_component>
      <object_component id="oc-28c">
         <name>.text.DL_Timer_setCounterControl</name>
         <load_address>0x70c0</load_address>
         <readonly>true</readonly>
         <executable>true</executable>
         <run_address>0x70c0</run_address>
         <size>0x3c</size>
         <alignment>0x4</alignment>
         <input_file_ref idref="fl-2"/>
      </object_component>
      <object_component id="oc-2de">
         <name>.text.OLED_Set_Pos</name>
         <load_address>0x70fc</load_address>
         <readonly>true</readonly>
         <executable>true</executable>
         <run_address>0x70fc</run_address>
         <size>0x3c</size>
         <alignment>0x2</alignment>
         <input_file_ref idref="fl-13"/>
      </object_component>
      <object_component id="oc-b5">
         <name>.text.__floatsisf</name>
         <load_address>0x7138</load_address>
         <readonly>true</readonly>
         <executable>true</executable>
         <run_address>0x7138</run_address>
         <size>0x3c</size>
         <alignment>0x4</alignment>
         <input_file_ref idref="fl-111"/>
      </object_component>
      <object_component id="oc-21b">
         <name>.text.__gtsf2</name>
         <load_address>0x7174</load_address>
         <readonly>true</readonly>
         <executable>true</executable>
         <run_address>0x7174</run_address>
         <size>0x3c</size>
         <alignment>0x4</alignment>
         <input_file_ref idref="fl-120"/>
      </object_component>
      <object_component id="oc-14f">
         <name>.text:__TI_auto_init_nobinit_nopinit</name>
         <load_address>0x71b0</load_address>
         <readonly>true</readonly>
         <executable>true</executable>
         <run_address>0x71b0</run_address>
         <size>0x3c</size>
[...]
         <value>0x6cd5</value>
         <object_component_ref idref="oc-2ad"/>
      </symbol>
      <symbol id="sm-4dc">
         <name>DL_UART_setClockConfig</name>
         <value>0x81c9</value>
         <object_component_ref idref="oc-2a7"/>
      </symbol>
      <symbol id="sm-4ed">
         <name>DL_SYSCTL_configSYSPLL</name>
         <value>0x4621</value>
         <object_component_ref idref="oc-27d"/>
      </symbol>
      <symbol id="sm-4ee">
         <name>DL_SYSCTL_switchMCLKfromSYSOSCtoHSCLK</name>
         <value>0x6df5</value>
         <object_component_ref idref="oc-287"/>
      </symbol>
      <symbol id="sm-4ef">
         <name>DL_SYSCTL_configFCC</name>
         <value>0x7ab1</value>
         <object_component_ref idref="oc-327"/>
      </symbol>
      <symbol id="sm-509">
         <name>asin</name>
         <value>0xa91</value>
         <object_component_ref idref="oc-c9"/>
      </symbol>
      <symbol id="sm-50a">
         <name>asinl</name>
         <value>0xa91</value>
         <object_component_ref idref="oc-c9"/>
      </symbol>
      <symbol id="sm-518">
         <name>atan2</name>
         <value>0x2b59</value>
         <object_component_ref idref="oc-d7"/>
      </symbol>
      <symbol id="sm-519">
         <name>atan2l</name>
         <value>0x2b59</value>
         <object_component_ref idref="oc-d7"/>
      </symbol>
      <symbol id="sm-523">
         <name>sqrt</name>
         <value>0x2e59</value>
         <object_component_ref idref="oc-18c"/>
      </symbol>
      <symbol id="sm-524">
         <name>sqrtl</name>
         <value>0x2e59</value>
         <object_component_ref idref="oc-18c"/>
      </symbol>
      <symbol id="sm-53b">
         <name>atan</name>
         <value>0xdf5</value>
         <object_component_ref idref="oc-19b"/>
      </symbol>
      <symbol id="sm-53c">
         <name>atanl</name>
         <value>0xdf5</value>
         <object_component_ref idref="oc-19b"/>
      </symbol>
      <symbol id="sm-54d">
         <name>printf</name>
         <value>0x6615</value>
         <object_component_ref idref="oc-128"/>
      </symbol>
      <symbol id="sm-596">
         <name>__TI_printfi</name>
         <value>0xc1</value>
         <object_component_ref idref="oc-2e9"/>
      </symbol>
      <symbol id="sm-5a7">
         <name>sprintf</name>
         <value>0x729d</value>
         <object_component_ref idref="oc-120"/>
      </symbol>
      <symbol id="sm-5b2">
         <name>__aeabi_errno_addr</name>
         <value>0x5e09</value>
         <object_component_ref idref="oc-17d"/>
      </symbol>
      <symbol id="sm-5b3">
         <name>__aeabi_errno</name>
         <value>0x2020037c</value>
         <object_component_ref idref="oc-244"/>
      </symbol>
      <symbol id="sm-5bc">
         <name>_nop</name>
         <value>0x576f</value>
         <object_component_ref idref="oc-2eb"/>
      </symbol>
      <symbol id="sm-5bd">
         <name>_lock</name>
         <value>0x202003b0</value>
         <object_component_ref idref="oc-200"/>
      </symbol>
      <symbol id="sm-5be">
         <name>_unlock</name>
         <value>0x202003b4</value>
         <object_component_ref idref="oc-206"/>
      </symbol>
      <symbol id="sm-5c7">
         <name>__TI_ltoa</name>
         <value>0x6779</value>
         <object_component_ref idref="oc-388"/>
      </symbol>
      <symbol id="sm-5d2">
         <name>atoi</name>
         <value>0x7005</value>
         <object_component_ref idref="oc-358"/>
      </symbol>
      <symbol id="sm-5d7">
         <name>_ftable</name>
         <value>0x20200238</value>
         <object_component_ref idref="oc-202"/>
      </symbol>
      <symbol id="sm-5e0">
         <name>memccpy</name>
         <value>0x7845</value>
         <object_component_ref idref="oc-351"/>
      </symbol>
      <symbol id="sm-5e9">
         <name>memcmp</name>
         <value>0x78c9</value>
         <object_component_ref idref="oc-33b"/>
      </symbol>
      <symbol id="sm-5f5">
         <name>_c_int00_noargs</name>
         <value>0x7789</value>
         <object_component_ref idref="oc-5a"/>
      </symbol>
      <symbol id="sm-5f6">
         <name>__stack</name>
         <value>0x20207e00</value>
         <object_component_ref idref="oc-1a"/>
      </symbol>
      <symbol id="sm-605">
         <name>__TI_auto_init_nobinit_nopinit</name>
         <value>0x71b1</value>
         <object_component_ref idref="oc-14f"/>
      </symbol>
      <symbol id="sm-60d">
         <name>_system_pre_init</name>
         <value>0x83f1</value>
         <object_component_ref idref="oc-8c"/>
      </symbol>
      <symbol id="sm-618">
         <name>__TI_zero_init_nomemset</name>
         <value>0x804d</value>
         <object_component_ref idref="oc-51"/>
      </symbol>
      <symbol id="sm-621">
         <name>__TI_decompress_none</name>
         <value>0x81ff</value>
         <object_component_ref idref="oc-20"/>
      </symbol>
      <symbol id="sm-62c">
         <name>__TI_decompress_lzss</name>
         <value>0x5bb5</value>
         <object_component_ref idref="oc-1c"/>
      </symbol>
      <symbol id="sm-636">
         <name>frexp</name>
         <value>0x6501</value>
         <object_component_ref idref="oc-380"/>
      </symbol>
      <symbol id="sm-637">
         <name>frexpl</name>
         <value>0x6501</value>
         <object_component_ref idref="oc-380"/>
      </symbol>
      <symbol id="sm-641">
         <name>scalbn</name>
         <value>0x46fd</value>
         <object_component_ref idref="oc-384"/>
      </symbol>
      <symbol id="sm-642">
         <name>ldexp</name>
         <value>0x46fd</value>
         <object_component_ref idref="oc-384"/>
      </symbol>
      <symbol id="sm-643">
         <name>scalbnl</name>
         <value>0x46fd</value>
         <object_component_ref idref="oc-384"/>
      </symbol>
      <symbol id="sm-644">
         <name>ldexpl</name>
         <value>0x46fd</value>
         <object_component_ref idref="oc-384"/>
      </symbol>
      <symbol id="sm-64d">
         <name>wcslen</name>
         <value>0x82a1</value>
         <object_component_ref idref="oc-35c"/>
      </symbol>
      <symbol id="sm-64f">
         <name>__aeabi_ctype_table_</name>
         <value>0x9810</value>
         <object_component_ref idref="oc-379"/>
      </symbol>
      <symbol id="sm-650">
         <name>__aeabi_ctype_table_C</name>
         <value>0x9810</value>
         <object_component_ref idref="oc-379"/>
      </symbol>
      <symbol id="sm-65a">
         <name>abort</name>
         <value>0x83cb</value>
         <object_component_ref idref="oc-148"/>
      </symbol>
      <symbol id="sm-663">
         <name>HOSTexit</name>
         <value>0x83d5</value>
         <object_component_ref idref="oc-226"/>
      </symbol>
      <symbol id="sm-664">
         <name>C$$EXIT</name>
         <value>0x83d4</value>
         <object_component_ref idref="oc-226"/>
      </symbol>
      <symbol id="sm-674">
         <name>__aeabi_fadd</name>
         <value>0x47df</value>
         <object_component_ref idref="oc-c1"/>
      </symbol>
      <symbol id="sm-675">
         <name>__addsf3</name>
         <value>0x47df</value>
         <object_component_ref idref="oc-c1"/>
      </symbol>
      <symbol id="sm-676">
         <name>__aeabi_fsub</name>
         <value>0x47d5</value>
         <object_component_ref idref="oc-c1"/>
      </symbol>
      <symbol id="sm-677">
         <name>__subsf3</name>
         <value>0x47d5</value>
         <object_component_ref idref="oc-c1"/>
      </symbol>
      <symbol id="sm-67d">
         <name>__aeabi_dadd</name>
         <value>0x29cf</value>
         <object_component_ref idref="oc-182"/>
      </symbol>
      <symbol id="sm-67e">
         <name>__adddf3</name>
         <value>0x29cf</value>
         <object_component_ref idref="oc-182"/>
      </symbol>
      <symbol id="sm-67f">
         <name>__aeabi_dsub</name>
         <value>0x29c5</value>
         <object_component_ref idref="oc-182"/>
      </symbol>
      <symbol id="sm-680">
         <name>__subdf3</name>
         <value>0x29c5</value>
         <object_component_ref idref="oc-182"/>
      </symbol>
      <symbol id="sm-68c">
         <name>__aeabi_dmul</name>
         <value>0x4459</value>
         <object_component_ref idref="oc-cf"/>
      </symbol>
      <symbol id="sm-68d">
         <name>__muldf3</name>
         <value>0x4459</value>
         <object_component_ref idref="oc-cf"/>
      </symbol>
      <symbol id="sm-696">
         <name>__muldsi3</name>
         <value>0x7229</value>
         <object_component_ref idref="oc-176"/>
      </symbol>
      <symbol id="sm-69c">
         <name>__aeabi_fmul</name>
         <value>0x5889</value>
         <object_component_ref idref="oc-bd"/>
      </symbol>
      <symbol id="sm-69d">
         <name>__mulsf3</name>
         <value>0x5889</value>
         <object_component_ref idref="oc-bd"/>
      </symbol>
      <symbol id="sm-6a3">
         <name>__aeabi_fdiv</name>
         <value>0x5b31</value>
         <object_component_ref idref="oc-b9"/>
      </symbol>
      <symbol id="sm-6a4">
         <name>__divsf3</name>
         <value>0x5b31</value>
         <object_component_ref idref="oc-b9"/>
      </symbol>
      <symbol id="sm-6aa">
         <name>__aeabi_ddiv</name>
         <value>0x3c79</value>
         <object_component_ref idref="oc-193"/>
      </symbol>
      <symbol id="sm-6ab">
         <name>__divdf3</name>
         <value>0x3c79</value>
         <object_component_ref idref="oc-193"/>
      </symbol>
      <symbol id="sm-6b4">
         <name>__aeabi_f2d</name>
         <value>0x6fc5</value>
         <object_component_ref idref="oc-c5"/>
      </symbol>
      <symbol id="sm-6b5">
         <name>__extendsfdf2</name>
         <value>0x6fc5</value>
         <object_component_ref idref="oc-c5"/>
      </symbol>
      <symbol id="sm-6bb">
         <name>__aeabi_d2iz</name>
         <value>0x6c89</value>
         <object_component_ref idref="oc-20c"/>
      </symbol>
      <symbol id="sm-6bc">
         <name>__fixdfsi</name>
         <value>0x6c89</value>
         <object_component_ref idref="oc-20c"/>
      </symbol>
      <symbol id="sm-6c2">
         <name>__aeabi_f2iz</name>
         <value>0x7265</value>
         <object_component_ref idref="oc-e7"/>
      </symbol>
      <symbol id="sm-6c3">
         <name>__fixsfsi</name>
         <value>0x7265</value>
         <object_component_ref idref="oc-e7"/>
      </symbol>
      <symbol id="sm-6c9">
         <name>__aeabi_i2d</name>
         <value>0x7615</value>
         <object_component_ref idref="oc-38c"/>
      </symbol>
      <symbol id="sm-6ca">
         <name>__floatsidf</name>
         <value>0x7615</value>
         <object_component_ref idref="oc-38c"/>
      </symbol>
      <symbol id="sm-6d0">
         <name>__aeabi_i2f</name>
         <value>0x7139</value>
         <object_component_ref idref="oc-b5"/>
      </symbol>
      <symbol id="sm-6d1">
         <name>__floatsisf</name>
         <value>0x7139</value>
         <object_component_ref idref="oc-b5"/>
      </symbol>
      <symbol id="sm-6d7">
         <name>__aeabi_ul2d</name>
         <value>0x74a1</value>
         <object_component_ref idref="oc-366"/>
      </symbol>
      <symbol id="sm-6d8">
         <name>__floatundidf</name>
         <value>0x74a1</value>
         <object_component_ref idref="oc-366"/>
      </symbol>
      <symbol id="sm-6de">
         <name>__aeabi_ul2f</name>
         <value>0x72d5</value>
         <object_component_ref idref="oc-1fc"/>
      </symbol>
      <symbol id="sm-6df">
         <name>__floatundisf</name>
         <value>0x72d5</value>
         <object_component_ref idref="oc-1fc"/>
      </symbol>
      <symbol id="sm-6e5">
         <name>__aeabi_ui2d</name>
         <value>0x77fd</value>
         <object_component_ref idref="oc-32b"/>
      </symbol>
      <symbol id="sm-6e6">
         <name>__floatunsidf</name>
         <value>0x77fd</value>
         <object_component_ref idref="oc-32b"/>
      </symbol>
      <symbol id="sm-6ec">
         <name>__aeabi_ui2f</name>
         <value>0x7761</value>
         <object_component_ref idref="oc-33f"/>
      </symbol>
      <symbol id="sm-6ed">
         <name>__floatunsisf</name>
         <value>0x7761</value>
         <object_component_ref idref="oc-33f"/>
      </symbol>
      <symbol id="sm-6f3">
         <name>__aeabi_lmul</name>
         <value>0x7821</value>
         <object_component_ref idref="oc-161"/>
      </symbol>
      <symbol id="sm-6f4">
         <name>__muldi3</name>
         <value>0x7821</value>
         <object_component_ref idref="oc-161"/>
      </symbol>
      <symbol id="sm-6fb">
         <name>__aeabi_d2f</name>
         <value>0x5e11</value>
         <object_component_ref idref="oc-d3"/>
      </symbol>
      <symbol id="sm-6fc">
         <name>__truncdfsf2</name>
         <value>0x5e11</value>
         <object_component_ref idref="oc-d3"/>
      </symbol>
      <symbol id="sm-702">
         <name>__aeabi_dcmpeq</name>
         <value>0x62b9</value>
         <object_component_ref idref="oc-186"/>
      </symbol>
      <symbol id="sm-703">
         <name>__aeabi_dcmplt</name>
         <value>0x62cd</value>
         <object_component_ref idref="oc-186"/>
      </symbol>
      <symbol id="sm-704">
         <name>__aeabi_dcmple</name>
         <value>0x62e1</value>
         <object_component_ref idref="oc-186"/>
      </symbol>
      <symbol id="sm-705">
         <name>__aeabi_dcmpge</name>
         <value>0x62f5</value>
         <object_component_ref idref="oc-186"/>
      </symbol>
      <symbol id="sm-706">
         <name>__aeabi_dcmpgt</name>
         <value>0x6309</value>
         <object_component_ref idref="oc-186"/>
      </symbol>
      <symbol id="sm-70c">
         <name>__aeabi_fcmpeq</name>
         <value>0x631d</value>
         <object_component_ref idref="oc-132"/>
      </symbol>
      <symbol id="sm-70d">
         <name>__aeabi_fcmplt</name>
         <value>0x6331</value>
         <object_component_ref idref="oc-132"/>
      </symbol>
      <symbol id="sm-70e">
         <name>__aeabi_fcmple</name>
         <value>0x6345</value>
         <object_component_ref idref="oc-132"/>
      </symbol>
      <symbol id="sm-70f">
         <name>__aeabi_fcmpge</name>
         <value>0x6359</value>
         <object_component_ref idref="oc-132"/>
      </symbol>
      <symbol id="sm-710">
         <name>__aeabi_fcmpgt</name>
         <value>0x636d</value>
         <object_component_ref idref="oc-132"/>
      </symbol>
      <symbol id="sm-716">
         <name>__aeabi_idiv</name>
         <value>0x6829</value>
         <object_component_ref idref="oc-343"/>
      </symbol>
      <symbol id="sm-717">
         <name>__aeabi_idivmod</name>
         <value>0x6829</value>
         <object_component_ref idref="oc-343"/>
      </symbol>
      <symbol id="sm-71d">
         <name>__aeabi_memcpy</name>
         <value>0x8395</value>
         <object_component_ref idref="oc-4a"/>
      </symbol>
      <symbol id="sm-71e">
         <name>__aeabi_memcpy4</name>
         <value>0x8395</value>
         <object_component_ref idref="oc-4a"/>
      </symbol>
      <symbol id="sm-71f">
         <name>__aeabi_memcpy8</name>
         <value>0x8395</value>
         <object_component_ref idref="oc-4a"/>
      </symbol>
      <symbol id="sm-726">
         <name>__aeabi_memset</name>
         <value>0x82b1</value>
         <object_component_ref idref="oc-350"/>
      </symbol>
      <symbol id="sm-727">
         <name>__aeabi_memset4</name>
         <value>0x82b1</value>
         <object_component_ref idref="oc-350"/>
      </symbol>
      <symbol id="sm-728">
         <name>__aeabi_memset8</name>
         <value>0x82b1</value>
         <object_component_ref idref="oc-350"/>
      </symbol>
      <symbol id="sm-72e">
         <name>__aeabi_uidiv</name>
         <value>0x6f85</value>
         <object_component_ref idref="oc-23a"/>
      </symbol>
      <symbol id="sm-72f">
         <name>__aeabi_uidivmod</name>
         <value>0x6f85</value>
         <object_component_ref idref="oc-23a"/>
      </symbol>
      <symbol id="sm-735">
         <name>__aeabi_uldivmod</name>
         <value>0x8155</value>
         <object_component_ref idref="oc-165"/>
      </symbol>
      <symbol id="sm-73e">
         <name>__eqsf2</name>
         <value>0x71ed</value>
         <object_component_ref idref="oc-216"/>
      </symbol>
      <symbol id="sm-73f">
         <name>__lesf2</name>
         <value>0x71ed</value>
         <object_component_ref idref="oc-216"/>
      </symbol>
      <symbol id="sm-740">
         <name>__ltsf2</name>
         <value>0x71ed</value>
         <object_component_ref idref="oc-216"/>
      </symbol>
      <symbol id="sm-741">
         <name>__nesf2</name>
         <value>0x71ed</value>
         <object_component_ref idref="oc-216"/>
      </symbol>
      <symbol id="sm-742">
         <name>__cmpsf2</name>
         <value>0x71ed</value>
         <object_component_ref idref="oc-216"/>
      </symbol>
      <symbol id="sm-743">
         <name>__gtsf2</name>
         <value>0x7175</value>
         <object_component_ref idref="oc-21b"/>
      </symbol>
      <symbol id="sm-744">
         <name>__gesf2</name>
         <value>0x7175</value>
         <object_component_ref idref="oc-21b"/>
      </symbol>
      <symbol id="sm-74a">
         <name>__udivmoddi4</name>
         <value>0x532d</value>
         <object_component_ref idref="oc-234"/>
      </symbol>
      <symbol id="sm-750">
         <name>__aeabi_llsl</name>
         <value>0x7909</value>
         <object_component_ref idref="oc-30b"/>
      </symbol>
      <symbol id="sm-751">
         <name>__ashldi3</name>
         <value>0x7909</value>
         <object_component_ref idref="oc-30b"/>
      </symbol>
      <symbol id="sm-75f">
         <name>__ledf2</name>
         <value>0x6121</value>
         <object_component_ref idref="oc-249"/>
      </symbol>
      <symbol id="sm-760">
         <name>__gedf2</name>
         <value>0x5d95</value>
         <object_component_ref idref="oc-24f"/>
      </symbol>
      <symbol id="sm-761">
         <name>__cmpdf2</name>
         <value>0x6121</value>
         <object_component_ref idref="oc-249"/>
      </symbol>
      <symbol id="sm-762">
         <name>__eqdf2</name>
         <value>0x6121</value>
         <object_component_ref idref="oc-249"/>
      </symbol>
      <symbol id="sm-763">
         <name>__ltdf2</name>
         <value>0x6121</value>
         <object_component_ref idref="oc-249"/>
      </symbol>
      <symbol id="sm-764">
         <name>__nedf2</name>
         <value>0x6121</value>
         <object_component_ref idref="oc-249"/>
      </symbol>
      <symbol id="sm-765">
         <name>__gtdf2</name>
         <value>0x5d95</value>
         <object_component_ref idref="oc-24f"/>
      </symbol>
      <symbol id="sm-772">
         <name>__aeabi_idiv0</name>
         <value>0x2b57</value>
         <object_component_ref idref="oc-318"/>
      </symbol>
      <symbol id="sm-773">
         <name>__aeabi_ldiv0</name>
         <value>0x53cf</value>
         <object_component_ref idref="oc-305"/>
      </symbol>
      <symbol id="sm-77c">
         <name>TI_memcpy_small</name>
         <value>0x81ed</value>
         <object_component_ref idref="oc-fa"/>
      </symbol>
      <symbol id="sm-785">
         <name>TI_memset_small</name>
         <value>0x82db</value>
         <object_component_ref idref="oc-1b1"/>
      </symbol>
      <symbol id="sm-786">
         <name>__TI_static_base__</name>
         <value>0x0</value>
      </symbol>
      <symbol id="sm-78a">
         <name>__mpu_init</name>
         <value>0x0</value>
      </symbol>
      <symbol id="sm-78b">
         <name>_system_post_cinit</name>
         <value>0x0</value>
      </symbol>
   </symbol_table>
   <title>Link successful</title>
</link_info>
